2025-10-09T08:10:54.1298827Z Current runner version: '2.328.0'
2025-10-09T08:10:54.1333007Z ##[group]Runner Image Provisioner
2025-10-09T08:10:54.1334155Z Hosted Compute Agent
2025-10-09T08:10:54.1334898Z Version: 20250912.392
2025-10-09T08:10:54.1335854Z Commit: d921fda672a98b64f4f82364647e2f10b2267d0b
2025-10-09T08:10:54.1336919Z Build Date: 2025-09-12T15:23:14Z
2025-10-09T08:10:54.1337844Z ##[endgroup]
2025-10-09T08:10:54.1338673Z ##[group]Operating System
2025-10-09T08:10:54.1339536Z Microsoft Windows Server 2025
2025-10-09T08:10:54.1340878Z 10.0.26100
2025-10-09T08:10:54.1341617Z Datacenter
2025-10-09T08:10:54.1342375Z ##[endgroup]
2025-10-09T08:10:54.1343103Z ##[group]Runner Image
2025-10-09T08:10:54.1343965Z Image: windows-2025
2025-10-09T08:10:54.1344696Z Version: 20250929.44.1
2025-10-09T08:10:54.1346408Z Included Software: https://github.com/actions/runner-images/blob/win25/20250929.44/images/windows/Windows2025-Readme.md
2025-10-09T08:10:54.1349625Z Image Release: https://github.com/actions/runner-images/releases/tag/win25%2F20250929.44
2025-10-09T08:10:54.1351259Z ##[endgroup]
2025-10-09T08:10:54.1355305Z ##[group]GITHUB_TOKEN Permissions
2025-10-09T08:10:54.1357939Z Actions: read
2025-10-09T08:10:54.1359016Z Attestations: read
2025-10-09T08:10:54.1359828Z Checks: read
2025-10-09T08:10:54.1360640Z Contents: read
2025-10-09T08:10:54.1361375Z Deployments: read
2025-10-09T08:10:54.1362126Z Discussions: read
2025-10-09T08:10:54.1362899Z Issues: read
2025-10-09T08:10:54.1363621Z Metadata: read
2025-10-09T08:10:54.1364442Z Models: read
2025-10-09T08:10:54.1365185Z Packages: read
2025-10-09T08:10:54.1365863Z Pages: read
2025-10-09T08:10:54.1366697Z PullRequests: read
2025-10-09T08:10:54.1367445Z RepositoryProjects: read
2025-10-09T08:10:54.1368313Z SecurityEvents: read
2025-10-09T08:10:54.1369281Z Statuses: read
2025-10-09T08:10:54.1369960Z ##[endgroup]
2025-10-09T08:10:54.1372891Z Secret source: None
2025-10-09T08:10:54.1373837Z Prepare workflow directory
2025-10-09T08:10:54.1816458Z Prepare all required actions
2025-10-09T08:10:54.1875270Z Getting action download info
2025-10-09T08:10:54.4719103Z Download action repository 'actions/checkout@v4' (SHA:08eba0b27e820071cde6df949e0beb9ba4906955)
2025-10-09T08:10:54.6189638Z Download action repository 'knative/actions@main' (SHA:44cb4408c0ffe60989bc95999cfca763931d9c6f)
2025-10-09T08:10:54.9586140Z Download action repository 'codecov/codecov-action@v5' (SHA:5a1091511ad55cbe89839c7260b706298ca349f7)
2025-10-09T08:10:55.3266316Z Getting action download info
2025-10-09T08:10:55.5118940Z Download action repository 'actions/setup-go@v6' (SHA:44694675825211faa026b3c33043df3e48a5fa00)
2025-10-09T08:10:56.0339107Z Getting action download info
2025-10-09T08:10:56.1762271Z Download action repository 'actions/github-script@60a0d83039c74a4aee543508d2ffcb1c3799cdea' (SHA:60a0d83039c74a4aee543508d2ffcb1c3799cdea)
2025-10-09T08:10:56.5912689Z Complete job name: Unit Tests (windows-latest)
2025-10-09T08:10:56.7686403Z ##[group]Run actions/checkout@v4
2025-10-09T08:10:56.7687394Z with:
2025-10-09T08:10:56.7687689Z   repository: knative/func
2025-10-09T08:10:56.7688235Z   token: ***
2025-10-09T08:10:56.7688486Z   ssh-strict: true
2025-10-09T08:10:56.7688738Z   ssh-user: git
2025-10-09T08:10:56.7689006Z   persist-credentials: true
2025-10-09T08:10:56.7689304Z   clean: true
2025-10-09T08:10:56.7689578Z   sparse-checkout-cone-mode: true
2025-10-09T08:10:56.7689901Z   fetch-depth: 1
2025-10-09T08:10:56.7690150Z   fetch-tags: false
2025-10-09T08:10:56.7690423Z   show-progress: true
2025-10-09T08:10:56.7690687Z   lfs: false
2025-10-09T08:10:56.7690930Z   submodules: false
2025-10-09T08:10:56.7691190Z   set-safe-directory: true
2025-10-09T08:10:56.7691718Z ##[endgroup]
2025-10-09T08:10:56.9642334Z Syncing repository: knative/func
2025-10-09T08:10:56.9644434Z ##[group]Getting Git version info
2025-10-09T08:10:56.9645054Z Working directory is 'D:\a\func\func'
2025-10-09T08:10:57.0910533Z [command]"C:\Program Files\Git\bin\git.exe" version
2025-10-09T08:10:57.6598563Z git version 2.51.0.windows.2
2025-10-09T08:10:57.6653554Z ##[endgroup]
2025-10-09T08:10:57.6674970Z Temporarily overriding HOME='D:\a\_temp\df3cbbe9-85e6-4ca7-b633-9d8f0526c55d' before making global git config changes
2025-10-09T08:10:57.6676194Z Adding repository directory to the temporary git global config as a safe directory
2025-10-09T08:10:57.6686700Z [command]"C:\Program Files\Git\bin\git.exe" config --global --add safe.directory D:\a\func\func
2025-10-09T08:10:57.7332023Z Deleting the contents of 'D:\a\func\func'
2025-10-09T08:10:57.7339040Z ##[group]Initializing the repository
2025-10-09T08:10:57.7348458Z [command]"C:\Program Files\Git\bin\git.exe" init D:\a\func\func
2025-10-09T08:10:57.8665594Z Initialized empty Git repository in D:/a/func/func/.git/
2025-10-09T08:10:57.8714575Z [command]"C:\Program Files\Git\bin\git.exe" remote add origin https://github.com/knative/func
2025-10-09T08:10:57.9440726Z ##[endgroup]
2025-10-09T08:10:57.9442807Z ##[group]Disabling automatic garbage collection
2025-10-09T08:10:57.9451299Z [command]"C:\Program Files\Git\bin\git.exe" config --local gc.auto 0
2025-10-09T08:10:57.9745619Z ##[endgroup]
2025-10-09T08:10:57.9746032Z ##[group]Setting up auth
2025-10-09T08:10:57.9759757Z [command]"C:\Program Files\Git\bin\git.exe" config --local --name-only --get-regexp core\.sshCommand
2025-10-09T08:10:58.0050760Z [command]"C:\Program Files\Git\bin\git.exe" submodule foreach --recursive "sh -c \"git config --local --name-only --get-regexp 'core\.sshCommand' && git config --local --unset-all 'core.sshCommand' || :\""
2025-10-09T08:11:00.0740715Z [command]"C:\Program Files\Git\bin\git.exe" config --local --name-only --get-regexp http\.https\:\/\/github\.com\/\.extraheader
2025-10-09T08:11:00.1037415Z [command]"C:\Program Files\Git\bin\git.exe" submodule foreach --recursive "sh -c \"git config --local --name-only --get-regexp 'http\.https\:\/\/github\.com\/\.extraheader' && git config --local --unset-all 'http.https://github.com/.extraheader' || :\""
2025-10-09T08:11:00.6183778Z [command]"C:\Program Files\Git\bin\git.exe" config --local http.https://github.com/.extraheader "AUTHORIZATION: basic ***"
2025-10-09T08:11:00.6500206Z ##[endgroup]
2025-10-09T08:11:00.6501006Z ##[group]Fetching the repository
2025-10-09T08:11:00.6516202Z [command]"C:\Program Files\Git\bin\git.exe" -c protocol.version=2 fetch --no-tags --prune --no-recurse-submodules --depth=1 origin +60acfe14a7409e95499132b4d15e7f2bb4b4e0f9:refs/remotes/pull/2938/merge
2025-10-09T08:11:02.0849020Z From https://github.com/knative/func
2025-10-09T08:11:02.0849746Z  * [new ref]         60acfe14a7409e95499132b4d15e7f2bb4b4e0f9 -> pull/2938/merge
2025-10-09T08:11:02.1220128Z ##[endgroup]
2025-10-09T08:11:02.1220768Z ##[group]Determining the checkout info
2025-10-09T08:11:02.1221453Z ##[endgroup]
2025-10-09T08:11:02.1233760Z [command]"C:\Program Files\Git\bin\git.exe" sparse-checkout disable
2025-10-09T08:11:02.1803137Z [command]"C:\Program Files\Git\bin\git.exe" config --local --unset-all extensions.worktreeConfig
2025-10-09T08:11:02.2110849Z ##[group]Checking out the ref
2025-10-09T08:11:02.2125841Z [command]"C:\Program Files\Git\bin\git.exe" checkout --progress --force refs/remotes/pull/2938/merge
2025-10-09T08:11:02.6911624Z Note: switching to 'refs/remotes/pull/2938/merge'.
2025-10-09T08:11:02.6912571Z 
2025-10-09T08:11:02.6913530Z You are in 'detached HEAD' state. You can look around, make experimental
2025-10-09T08:11:02.6914864Z changes and commit them, and you can discard any commits you make in this
2025-10-09T08:11:02.6915729Z state without impacting any branches by switching back to a branch.
2025-10-09T08:11:02.6916199Z 
2025-10-09T08:11:02.6916495Z If you want to create a new branch to retain commits you create, you may
2025-10-09T08:11:02.6917261Z do so (now or later) by using -c with the switch command. Example:
2025-10-09T08:11:02.6917720Z 
2025-10-09T08:11:02.6917973Z   git switch -c <new-branch-name>
2025-10-09T08:11:02.6918270Z 
2025-10-09T08:11:02.6918426Z Or undo this operation with:
2025-10-09T08:11:02.6919752Z 
2025-10-09T08:11:02.6919889Z   git switch -
2025-10-09T08:11:02.6920148Z 
2025-10-09T08:11:02.6920568Z Turn off this advice by setting config variable advice.detachedHead to false
2025-10-09T08:11:02.6921189Z 
2025-10-09T08:11:02.6921908Z HEAD is now at 60acfe1 Merge d6ba56165d7ec7e395c997ded09a1e3cfc4e0472 into 5c51aa71c20f30d185116e8f03b1634ed62b99f7
2025-10-09T08:11:02.6953305Z ##[endgroup]
2025-10-09T08:11:02.7395621Z [command]"C:\Program Files\Git\bin\git.exe" log -1 --format=%H
2025-10-09T08:11:02.7653292Z 60acfe14a7409e95499132b4d15e7f2bb4b4e0f9
2025-10-09T08:11:02.8027040Z ##[group]Run knative/actions/setup-go@main
2025-10-09T08:11:02.8027437Z with:
2025-10-09T08:11:02.8027593Z ##[endgroup]
2025-10-09T08:11:02.8274806Z ##[group]Run actions/setup-go@v6
2025-10-09T08:11:02.8275026Z with:
2025-10-09T08:11:02.8275178Z   go-version: 1.24
2025-10-09T08:11:02.8275341Z   check-latest: false
2025-10-09T08:11:02.8275640Z   token: ***
2025-10-09T08:11:02.8275797Z   cache: true
2025-10-09T08:11:02.8275957Z ##[endgroup]
2025-10-09T08:11:03.0491129Z Setup go version spec 1.24
2025-10-09T08:11:03.1056255Z Found in cache @ C:\hostedtoolcache\windows\go\1.24.7\x64
2025-10-09T08:11:03.1061805Z Added go to the path
2025-10-09T08:11:03.1067479Z Successfully set up Go version 1.24
2025-10-09T08:11:05.7372356Z [command]C:\hostedtoolcache\windows\go\1.24.7\x64\bin\go.exe env GOMODCACHE
2025-10-09T08:11:05.7427133Z [command]C:\hostedtoolcache\windows\go\1.24.7\x64\bin\go.exe env GOCACHE
2025-10-09T08:11:05.7759261Z C:\Users\runneradmin\go\pkg\mod
2025-10-09T08:11:05.7801540Z C:\Users\runneradmin\AppData\Local\go-build
2025-10-09T08:11:06.1596599Z Cache is not found
2025-10-09T08:11:06.1624720Z go version go1.24.7 windows/amd64
2025-10-09T08:11:06.1625012Z 
2025-10-09T08:11:06.1625384Z ##[group]go env
2025-10-09T08:11:11.2803529Z set AR=ar
2025-10-09T08:11:11.2803853Z set CC=gcc
2025-10-09T08:11:11.2804156Z set CGO_CFLAGS=-O2 -g
2025-10-09T08:11:11.2804519Z set CGO_CPPFLAGS=
2025-10-09T08:11:11.2804829Z set CGO_CXXFLAGS=-O2 -g
2025-10-09T08:11:11.2805128Z set CGO_ENABLED=1
2025-10-09T08:11:11.2805373Z set CGO_FFLAGS=-O2 -g
2025-10-09T08:11:11.2805648Z set CGO_LDFLAGS=-O2 -g
2025-10-09T08:11:11.2805897Z set CXX=g++
2025-10-09T08:11:11.2806119Z set GCCGO=gccgo
2025-10-09T08:11:11.2806380Z set GO111MODULE=
2025-10-09T08:11:11.2806627Z set GOAMD64=v1
2025-10-09T08:11:11.2806874Z set GOARCH=amd64
2025-10-09T08:11:11.2807118Z set GOAUTH=netrc
2025-10-09T08:11:11.2807366Z set GOBIN=
2025-10-09T08:11:11.2807738Z set GOCACHE=C:\Users\runneradmin\AppData\Local\go-build
2025-10-09T08:11:11.2808197Z set GOCACHEPROG=
2025-10-09T08:11:11.2808442Z set GODEBUG=
2025-10-09T08:11:11.2808654Z set GOENV=C:\Users\runneradmin\AppData\Roaming\go\env
2025-10-09T08:11:11.2808924Z set GOEXE=.exe
2025-10-09T08:11:11.2809111Z set GOEXPERIMENT=
2025-10-09T08:11:11.2809286Z set GOFIPS140=off
2025-10-09T08:11:11.2809435Z set GOFLAGS=
2025-10-09T08:11:11.2810092Z set GOGCCFLAGS=-m64 -mthreads -Wl,--no-gc-sections -fmessage-length=0 -ffile-prefix-map=C:\Users\RUNNER~1\AppData\Local\Temp\go-build665587867=/tmp/go-build -gno-record-gcc-switches
2025-10-09T08:11:11.2810763Z set GOHOSTARCH=amd64
2025-10-09T08:11:11.2810970Z set GOHOSTOS=windows
2025-10-09T08:11:11.2811135Z set GOINSECURE=
2025-10-09T08:11:11.2811303Z set GOMOD=D:\a\func\func\go.mod
2025-10-09T08:11:11.2811547Z set GOMODCACHE=C:\Users\runneradmin\go\pkg\mod
2025-10-09T08:11:11.2811801Z set GONOPROXY=
2025-10-09T08:11:11.2811954Z set GONOSUMDB=
2025-10-09T08:11:11.2812097Z set GOOS=windows
2025-10-09T08:11:11.2812293Z set GOPATH=C:\Users\runneradmin\go
2025-10-09T08:11:11.2812501Z set GOPRIVATE=
2025-10-09T08:11:11.2812769Z set GOPROXY=https://proxy.golang.org,direct
2025-10-09T08:11:11.2813069Z set GOROOT=C:\hostedtoolcache\windows\go\1.24.7\x64
2025-10-09T08:11:11.2813346Z set GOSUMDB=sum.golang.org
2025-10-09T08:11:11.2813544Z set GOTELEMETRY=local
2025-10-09T08:11:11.2813828Z set GOTELEMETRYDIR=C:\Users\runneradmin\AppData\Roaming\go\telemetry
2025-10-09T08:11:11.2814394Z set GOTMPDIR=
2025-10-09T08:11:11.2814552Z set GOTOOLCHAIN=local
2025-10-09T08:11:11.2814864Z set GOTOOLDIR=C:\hostedtoolcache\windows\go\1.24.7\x64\pkg\tool\windows_amd64
2025-10-09T08:11:11.2815193Z set GOVCS=
2025-10-09T08:11:11.2815351Z set GOVERSION=go1.24.7
2025-10-09T08:11:11.2815514Z set GOWORK=
2025-10-09T08:11:11.2815682Z set PKG_CONFIG=pkg-config
2025-10-09T08:11:11.2815805Z 
2025-10-09T08:11:11.2816100Z ##[endgroup]
2025-10-09T08:11:11.3092185Z ##[group]Run make test
2025-10-09T08:11:11.3092498Z [36;1mmake test[0m
2025-10-09T08:11:11.4308110Z shell: C:\Program Files\PowerShell\7\pwsh.EXE -command ". '{0}'"
2025-10-09T08:11:11.4308501Z env:
2025-10-09T08:11:11.4308696Z   GOTOOLCHAIN: local
2025-10-09T08:11:11.4308923Z ##[endgroup]
2025-10-09T08:11:21.6567745Z fatal: No names found, cannot describe anything.
2025-10-09T08:11:21.6836623Z fatal: No names found, cannot describe anything.
2025-10-09T08:11:21.6884356Z # Removing temporary template files
2025-10-09T08:11:22.0470231Z go generate pkg/functions/templates_embedded.go
2025-10-09T08:11:22.5747578Z go: downloading github.com/go-git/go-billy/v5 v5.6.1
2025-10-09T08:11:47.0784225Z go test -race -cover -coverprofile=coverage.txt ./...
2025-10-09T08:11:47.4816201Z go: downloading golang.org/x/sync v0.17.0
2025-10-09T08:11:47.4817359Z go: downloading github.com/spf13/cobra v1.8.1
2025-10-09T08:11:47.6096011Z go: downloading github.com/AlecAivazis/survey/v2 v2.3.7
2025-10-09T08:11:47.9011428Z go: downloading golang.org/x/term v0.35.0
2025-10-09T08:11:47.9012081Z go: downloading github.com/spf13/pflag v1.0.10
2025-10-09T08:11:48.1229517Z go: downloading gotest.tools/v3 v3.5.1
2025-10-09T08:11:48.2399786Z go: downloading knative.dev/client/pkg v0.0.0-20251007022612-79bd2e100065
2025-10-09T08:11:50.9879862Z go: downloading github.com/Masterminds/semver v1.5.0
2025-10-09T08:11:51.1909190Z go: downloading github.com/google/go-containerregistry v0.20.3
2025-10-09T08:11:51.5338767Z go: downloading github.com/openshift-pipelines/pipelines-as-code v0.31.0
2025-10-09T08:11:51.5339561Z go: downloading github.com/ory/viper v1.7.5
2025-10-09T08:11:51.7715415Z go: downloading gopkg.in/yaml.v2 v2.4.0
2025-10-09T08:11:51.8420222Z go: downloading k8s.io/apimachinery v0.33.5
2025-10-09T08:11:55.2551513Z go: downloading github.com/google/go-cmp v0.7.0
2025-10-09T08:11:55.3844724Z go: downloading github.com/google/go-github/v68 v68.0.0
2025-10-09T08:11:56.5709520Z go: downloading github.com/buildpacks/pack v0.36.4
2025-10-09T08:12:07.2098338Z go: downloading github.com/docker/docker v27.5.0+incompatible
2025-10-09T08:12:07.2099100Z go: downloading github.com/containerd/errdefs v0.3.0
2025-10-09T08:12:26.2350576Z go: downloading github.com/paketo-buildpacks/libpak v1.70.0
2025-10-09T08:12:26.2351251Z go: downloading github.com/pelletier/go-toml v1.9.5
2025-10-09T08:12:26.2351782Z go: downloading golang.org/x/net v0.44.0
2025-10-09T08:12:26.2352249Z go: downloading golang.org/x/oauth2 v0.30.0
2025-10-09T08:12:28.1166126Z go: downloading github.com/heroku/color v0.0.6
2025-10-09T08:12:28.6098445Z go: downloading github.com/containers/image/v5 v5.31.1
2025-10-09T08:12:28.8638757Z go: downloading github.com/docker/docker-credential-helpers v0.8.2
2025-10-09T08:12:30.2375405Z go: downloading github.com/openshift/source-to-image v1.5.0
2025-10-09T08:12:30.5594563Z go: downloading github.com/opencontainers/image-spec v1.1.0
2025-10-09T08:12:30.5601269Z go: downloading github.com/containerd/platforms v0.2.1
2025-10-09T08:12:30.6238323Z go: downloading github.com/go-git/go-git/v5 v5.13.1
2025-10-09T08:12:30.6356931Z go: downloading github.com/docker/cli v27.5.1+incompatible
2025-10-09T08:12:30.6886586Z go: downloading github.com/blang/semver/v4 v4.0.0
2025-10-09T08:12:31.2828243Z go: downloading github.com/chainguard-dev/git-urls v1.0.2
2025-10-09T08:12:31.7197298Z go: downloading github.com/cloudevents/sdk-go/v2 v2.16.1
2025-10-09T08:12:31.7197941Z go: downloading github.com/coreos/go-semver v0.3.1
2025-10-09T08:12:31.7495958Z go: downloading github.com/google/uuid v1.6.0
2025-10-09T08:12:31.8071399Z go: downloading knative.dev/pkg v0.0.0-20250716115900-19d3cc2da0b9
2025-10-09T08:12:31.9780604Z go: downloading github.com/docker/go-connections v0.5.0
2025-10-09T08:12:32.6614327Z go: downloading gitlab.com/gitlab-org/api/client-go v0.150.0
2025-10-09T08:12:32.6665347Z go: downloading github.com/pkg/errors v0.9.1
2025-10-09T08:12:32.7025103Z go: downloading golang.org/x/crypto v0.42.0
2025-10-09T08:12:34.1433960Z go: downloading github.com/Microsoft/go-winio v0.6.2
2025-10-09T08:12:34.1534629Z go: downloading github.com/manifestival/client-go-client v0.6.0
2025-10-09T08:12:34.2004766Z go: downloading github.com/manifestival/manifestival v0.7.2
2025-10-09T08:12:34.3997095Z go: downloading k8s.io/api v0.33.5
2025-10-09T08:12:34.4438292Z go: downloading k8s.io/client-go v0.33.5
2025-10-09T08:12:39.8714711Z go: downloading github.com/mark3labs/mcp-go v0.30.0
2025-10-09T08:12:39.8721276Z go: downloading knative.dev/eventing v0.46.1-0.20251008070512-9fe13ee820cf
2025-10-09T08:12:40.0109286Z go: downloading knative.dev/serving v0.46.1-0.20251008121813-85563f5d21ca
2025-10-09T08:12:42.4475094Z go: downloading github.com/schollz/progressbar/v3 v3.13.1
2025-10-09T08:12:42.6918014Z go: downloading github.com/sabhiram/go-gitignore v0.0.0-20210923224102-525f6e181f06
2025-10-09T08:12:42.7384517Z go: downloading github.com/tektoncd/cli v0.37.0
2025-10-09T08:12:43.9261579Z go: downloading github.com/tektoncd/pipeline v0.65.1
2025-10-09T08:12:44.1087812Z go: downloading gopkg.in/yaml.v3 v3.0.1
2025-10-09T08:12:44.1545058Z go: downloading github.com/alecthomas/jsonschema v0.0.0-20220216202328-9eeeec9d044b
2025-10-09T08:12:45.0851647Z go: downloading github.com/hectane/go-acl v0.0.0-20190604041725-da78bae5fc95
2025-10-09T08:12:45.1406107Z go: downloading github.com/inconshreveable/mousetrap v1.1.0
2025-10-09T08:12:45.1634921Z go: downloading github.com/mattn/go-isatty v0.0.20
2025-10-09T08:12:45.1986746Z go: downloading golang.org/x/text v0.29.0
2025-10-09T08:12:45.2195462Z go: downloading github.com/kballard/go-shellquote v0.0.0-20180428030007-95032a82bc51
2025-10-09T08:12:46.8695416Z go: downloading golang.org/x/sys v0.36.0
2025-10-09T08:12:46.9613220Z go: downloading github.com/cpuguy83/go-md2man/v2 v2.0.6
2025-10-09T08:12:47.2562866Z go: downloading github.com/dgraph-io/ristretto v0.0.1
2025-10-09T08:12:47.3115562Z go: downloading github.com/fsnotify/fsnotify v1.7.0
2025-10-09T08:12:47.3221914Z go: downloading github.com/hashicorp/hcl v1.0.1-vault-5
2025-10-09T08:12:47.4074042Z go: downloading github.com/magiconair/properties v1.8.7
2025-10-09T08:12:47.4460812Z go: downloading github.com/mitchellh/mapstructure v1.5.0
2025-10-09T08:12:47.4829526Z go: downloading github.com/spf13/afero v1.11.0
2025-10-09T08:12:47.8671965Z go: downloading github.com/spf13/jwalterweatherman v1.1.0
2025-10-09T08:12:47.8672678Z go: downloading github.com/spf13/cast v1.7.1
2025-10-09T08:12:47.8768984Z go: downloading github.com/subosito/gotenv v1.6.0
2025-10-09T08:12:47.9017056Z go: downloading gopkg.in/ini.v1 v1.67.0
2025-10-09T08:12:47.9052078Z go: downloading github.com/opencontainers/go-digest v1.0.0
2025-10-09T08:12:47.9163104Z go: downloading github.com/gogo/protobuf v1.3.2
2025-10-09T08:12:47.9254351Z go: downloading gopkg.in/inf.v0 v0.9.1
2025-10-09T08:12:48.3681444Z go: downloading github.com/google/go-querystring v1.1.0
2025-10-09T08:12:48.3891619Z go: downloading github.com/BurntSushi/toml v1.4.0
2025-10-09T08:12:48.4182554Z go: downloading github.com/buildpacks/imgutil v0.0.0-20240605145725-186f89b2d168
2025-10-09T08:12:48.5554990Z go: downloading github.com/buildpacks/lifecycle v0.20.4
2025-10-09T08:12:49.6663017Z go: downloading github.com/GoogleContainerTools/kaniko v1.23.2
2025-10-09T08:12:50.6024947Z go: downloading github.com/mitchellh/go-homedir v1.1.0
2025-10-09T08:12:50.6025543Z go: downloading github.com/docker/go-units v0.5.0
2025-10-09T08:12:50.6028380Z go: downloading github.com/moby/term v0.5.0
2025-10-09T08:12:50.8516034Z go: downloading github.com/morikuni/aec v1.0.0
2025-10-09T08:12:50.8698988Z go: downloading github.com/docker/distribution v2.8.3+incompatible
2025-10-09T08:12:50.8918475Z go: downloading github.com/distribution/reference v0.6.0
2025-10-09T08:12:50.8982216Z go: downloading go.opentelemetry.io/contrib/instrumentation/net/http/otelhttp v0.62.0
2025-10-09T08:12:50.9499008Z go: downloading go.opentelemetry.io/otel/trace v1.38.0
2025-10-09T08:12:50.9875668Z go: downloading github.com/apex/log v1.9.0
2025-10-09T08:12:51.0167689Z go: downloading go.opentelemetry.io/otel v1.38.0
2025-10-09T08:12:51.0492208Z go: downloading github.com/moby/docker-image-spec v1.3.1
2025-10-09T08:12:51.0832323Z go: downloading github.com/mattn/go-colorable v0.1.13
2025-10-09T08:12:51.0985187Z go: downloading github.com/buildpacks/libcnb v1.30.3
2025-10-09T08:12:52.5907438Z go: downloading github.com/containers/storage v1.54.0
2025-10-09T08:12:52.7908153Z go: downloading github.com/sirupsen/logrus v1.9.3
2025-10-09T08:12:53.0788412Z go: downloading github.com/containerd/log v0.1.0
2025-10-09T08:12:53.1787576Z go: downloading dario.cat/mergo v1.0.0
2025-10-09T08:12:53.2517211Z go: downloading github.com/ProtonMail/go-crypto v1.1.3
2025-10-09T08:12:53.2523763Z go: downloading github.com/emirpasic/gods v1.18.1
2025-10-09T08:12:53.5453503Z go: downloading github.com/sergi/go-diff v1.3.2-0.20230802210424-5b0b94c5c0d3
2025-10-09T08:12:53.7007043Z go: downloading github.com/hako/durafmt v0.0.0-20210608085754-5c1018a4e16b
2025-10-09T08:12:53.7007851Z go: downloading github.com/jonboulle/clockwork v0.4.0
2025-10-09T08:12:53.7024456Z go: downloading go.uber.org/zap v1.27.0
2025-10-09T08:12:53.9093047Z go: downloading github.com/evanphx/json-patch/v5 v5.9.11
2025-10-09T08:12:53.9531691Z go: downloading github.com/go-logr/logr v1.4.3
2025-10-09T08:12:53.9635194Z go: downloading github.com/containerd/stargz-snapshotter/estargz v0.16.3
2025-10-09T08:12:53.9939432Z go: downloading k8s.io/utils v0.0.0-20250321185631-1f6e0b77f77e
2025-10-09T08:12:54.0239753Z go: downloading sigs.k8s.io/randfill v1.0.0
2025-10-09T08:12:54.0592420Z go: downloading k8s.io/klog/v2 v2.130.1
2025-10-09T08:12:54.0655586Z go: downloading github.com/hashicorp/go-cleanhttp v0.5.2
2025-10-09T08:12:54.0904271Z go: downloading github.com/hashicorp/go-retryablehttp v0.7.8
2025-10-09T08:12:54.1190000Z go: downloading golang.org/x/exp v0.0.0-20250210185358-939b2ce775ac
2025-10-09T08:12:54.1598848Z go: downloading golang.org/x/time v0.12.0
2025-10-09T08:12:54.2119114Z go: downloading github.com/munnerz/goautoneg v0.0.0-20191010083416-a7dc8b61c822
2025-10-09T08:12:54.2438506Z go: downloading github.com/gorilla/websocket v1.5.4-0.20250319132907-e064f32e3674
2025-10-09T08:12:54.2765070Z go: downloading k8s.io/cli-runtime v0.31.4
2025-10-09T08:12:54.2765809Z go: downloading github.com/yosida95/uritemplate/v3 v3.0.2
2025-10-09T08:12:54.3214821Z go: downloading knative.dev/networking v0.0.0-20251007015313-5e69dbb20593
2025-10-09T08:12:54.4820174Z go: downloading github.com/mattn/go-runewidth v0.0.16
2025-10-09T08:12:54.5174521Z go: downloading github.com/mitchellh/colorstring v0.0.0-20190213212951-d06e56a500db
2025-10-09T08:12:55.2068622Z go: downloading github.com/cloudevents/sdk-go/sql/v2 v2.15.2
2025-10-09T08:12:55.2286836Z go: downloading github.com/fatih/color v1.16.0
2025-10-09T08:12:55.2287830Z go: downloading github.com/tektoncd/triggers v0.27.0
2025-10-09T08:12:55.2685613Z go: downloading github.com/iancoleman/orderedmap v0.0.0-20190318233801-ac98e3ecb4b0
2025-10-09T08:12:55.5694382Z go: downloading github.com/mgutz/ansi v0.0.0-20200706080929-d51e80ef957d
2025-10-09T08:12:55.5795389Z go: downloading github.com/google/cel-go v0.26.1
2025-10-09T08:12:55.5935798Z go: downloading k8s.io/kube-openapi v0.0.0-20250318190949-c8a335a9a2ff
2025-10-09T08:12:56.3437409Z go: downloading github.com/russross/blackfriday/v2 v2.1.0
2025-10-09T08:12:56.4463904Z go: downloading sigs.k8s.io/structured-merge-diff/v4 v4.6.0
2025-10-09T08:12:56.9466423Z go: downloading github.com/davecgh/go-spew v1.1.2-0.20180830191138-d8f796af33cc
2025-10-09T08:12:57.2248356Z go: downloading github.com/awslabs/amazon-ecr-credential-helper/ecr-login v0.0.0-20250205235911-d2398ba46815
2025-10-09T08:12:57.2523249Z go: downloading github.com/chrismellard/docker-credential-acr-env v0.0.0-20230304212654-82a0ddb27589
2025-10-09T08:12:57.6449843Z go: downloading github.com/moby/buildkit v0.16.0
2025-10-09T08:12:57.6821447Z go: downloading golang.org/x/mod v0.28.0
2025-10-09T08:12:57.8246964Z go: downloading github.com/dustin/go-humanize v1.0.1
2025-10-09T08:12:57.8592860Z go: downloading github.com/gdamore/tcell/v2 v2.8.0
2025-10-09T08:12:58.0350382Z go: downloading github.com/rivo/tview v0.0.0-20220307222120-9994674d60a8
2025-10-09T08:12:58.2325212Z go: downloading github.com/mitchellh/ioprogress v0.0.0-20180201004757-6a23b12fa88e
2025-10-09T08:12:58.2813463Z go: downloading github.com/opencontainers/selinux v1.11.0
2025-10-09T08:12:58.3343798Z go: downloading github.com/klauspost/compress v1.18.0
2025-10-09T08:12:59.0854898Z go: downloading github.com/felixge/httpsnoop v1.0.4
2025-10-09T08:12:59.0890739Z go: downloading go.opentelemetry.io/otel/metric v1.38.0
2025-10-09T08:12:59.0891705Z go: downloading github.com/Masterminds/semver/v3 v3.2.1
2025-10-09T08:13:00.4845669Z go: downloading dario.cat/mergo v1.0.1
2025-10-09T08:13:00.4935243Z go: downloading github.com/onsi/gomega v1.36.2
2025-10-09T08:13:01.0371513Z go: downloading github.com/cyphar/filepath-securejoin v0.3.6
2025-10-09T08:13:01.1007756Z go: downloading github.com/go-git/gcfg v1.5.1-0.20230307220236-3a3c6141e376
2025-10-09T08:13:01.2590503Z go: downloading github.com/pjbgf/sha1cd v0.3.0
2025-10-09T08:13:01.2611749Z go: downloading github.com/jbenet/go-context v0.0.0-20150711004518-d14ea06fba99
2025-10-09T08:13:02.4818888Z go: downloading github.com/json-iterator/go v1.1.12
2025-10-09T08:13:02.5499700Z go: downloading cloud.google.com/go/compute/metadata v0.7.0
2025-10-09T08:13:02.5638675Z go: downloading sigs.k8s.io/controller-runtime v0.20.4
2025-10-09T08:13:02.6057179Z go: downloading go.uber.org/multierr v1.11.0
2025-10-09T08:13:02.6279108Z go: downloading sigs.k8s.io/json v0.0.0-20241014173422-cfa47c3a1cc8
2025-10-09T08:13:02.6525943Z go: downloading github.com/vbatts/tar-split v0.11.6
2025-10-09T08:13:03.3430656Z go: downloading github.com/fxamacker/cbor/v2 v2.8.0
2025-10-09T08:13:03.4254962Z go: downloading sigs.k8s.io/yaml v1.6.0
2025-10-09T08:13:03.4637448Z go: downloading github.com/google/gnostic-models v0.6.9
2025-10-09T08:13:03.4706481Z go: downloading google.golang.org/protobuf v1.36.10
2025-10-09T08:13:03.5618629Z go: downloading github.com/spf13/viper v1.18.2
2025-10-09T08:13:03.6028845Z go: downloading github.com/rickb777/date v1.20.2
2025-10-09T08:13:03.6900784Z go: downloading gopkg.in/evanphx/json-patch.v4 v4.12.0
2025-10-09T08:13:03.6904868Z go: downloading gomodules.xyz/jsonpatch/v2 v2.5.0
2025-10-09T08:13:03.7235912Z go: downloading github.com/rivo/uniseg v0.4.7
2025-10-09T08:13:03.7321671Z go: downloading github.com/blendle/zapdriver v1.3.1
2025-10-09T08:13:03.7772309Z go: downloading github.com/antlr/antlr4/runtime/Go/antlr v1.4.10
2025-10-09T08:13:03.8670049Z go: downloading cel.dev/expr v0.24.0
2025-10-09T08:13:03.9001830Z go: downloading google.golang.org/genproto/googleapis/api v0.0.0-20250603155806-513f23925822
2025-10-09T08:13:05.8657064Z go: downloading github.com/go-openapi/jsonreference v0.21.0
2025-10-09T08:13:05.8657782Z go: downloading github.com/emicklei/go-restful/v3 v3.12.2
2025-10-09T08:13:05.8658429Z go: downloading github.com/go-openapi/swag v0.23.1
2025-10-09T08:13:05.9117262Z go: downloading github.com/cespare/xxhash v1.1.0
2025-10-09T08:13:05.9589411Z go: downloading github.com/Azure/go-autorest/autorest/azure/auth v0.5.13
2025-10-09T08:13:05.9612294Z go: downloading github.com/moby/patternmatcher v0.6.0
2025-10-09T08:13:05.9963832Z go: downloading github.com/moby/sys/sequential v0.5.0
2025-10-09T08:13:06.0020796Z go: downloading github.com/Azure/go-autorest/autorest v0.11.30
2025-10-09T08:13:06.0058247Z go: downloading github.com/gdamore/encoding v1.0.1
2025-10-09T08:13:06.0245641Z go: downloading github.com/lucasb-eyer/go-colorful v1.2.0
2025-10-09T08:13:06.0558009Z go: downloading github.com/Azure/go-ansiterm v0.0.0-20230124172434-306776ec8161
2025-10-09T08:13:06.0710772Z go: downloading github.com/Azure/go-autorest v14.2.0+incompatible
2025-10-09T08:13:06.1164302Z go: downloading github.com/tonistiigi/go-csvvalue v0.0.0-20240710180619-ddb21b71c0b4
2025-10-09T08:13:06.1286517Z go: downloading github.com/mitchellh/hashstructure/v2 v2.0.2
2025-10-09T08:13:06.1487977Z go: downloading gopkg.in/warnings.v0 v0.1.2
2025-10-09T08:13:06.1499345Z go: downloading github.com/golang/groupcache v0.0.0-20210331224755-41bb18bfe9da
2025-10-09T08:13:06.1595649Z go: downloading github.com/kevinburke/ssh_config v1.2.0
2025-10-09T08:13:06.1706662Z go: downloading github.com/skeema/knownhosts v1.3.0
2025-10-09T08:13:06.2073564Z go: downloading github.com/xanzy/ssh-agent v0.3.3
2025-10-09T08:13:06.2102740Z go: downloading github.com/cloudflare/circl v1.3.7
2025-10-09T08:13:08.8805866Z go: downloading github.com/modern-go/concurrent v0.0.0-20180306012644-bacd9c7ef1dd
2025-10-09T08:13:08.8806703Z go: downloading github.com/modern-go/reflect2 v1.0.2
2025-10-09T08:13:08.9112949Z go: downloading github.com/x448/float16 v0.8.4
2025-10-09T08:13:08.9195895Z go: downloading go.yaml.in/yaml/v2 v2.4.2
2025-10-09T08:13:08.9394659Z go: downloading github.com/moby/spdystream v0.5.0
2025-10-09T08:13:08.9572395Z go: downloading github.com/cert-manager/cert-manager v1.16.3
2025-10-09T08:13:08.9618344Z go: downloading github.com/sagikazarmark/slog-shim v0.1.0
2025-10-09T08:13:08.9885951Z go: downloading k8s.io/apiserver v0.33.5
2025-10-09T08:13:09.0166357Z go: downloading github.com/robfig/cron/v3 v3.0.1
2025-10-09T08:13:09.0515207Z go: downloading github.com/rickb777/plural v1.4.1
2025-10-09T08:13:09.0860746Z go: downloading github.com/liggitt/tabwriter v0.0.0-20181228230101-89fcab3d43de
2025-10-09T08:13:09.1304119Z go: downloading sigs.k8s.io/kustomize/api v0.17.2
2025-10-09T08:13:09.6417822Z go: downloading sigs.k8s.io/kustomize/kyaml v0.17.1
2025-10-09T08:13:11.9989179Z go: downloading github.com/gregjones/httpcache v0.0.0-20190611155906-901d90724c79
2025-10-09T08:13:12.0348186Z go: downloading github.com/peterbourgon/diskv v2.0.1+incompatible
2025-10-09T08:13:12.0694925Z go: downloading github.com/hashicorp/go-multierror v1.1.1
2025-10-09T08:13:12.1073286Z go: downloading contrib.go.opencensus.io/exporter/ocagent v0.7.1-0.20200907061046-05415f1de66d
2025-10-09T08:13:12.1255377Z go: downloading go.opencensus.io v0.24.0
2025-10-09T08:13:12.1257239Z go: downloading contrib.go.opencensus.io/exporter/prometheus v0.4.2
2025-10-09T08:13:12.3784909Z go: downloading google.golang.org/grpc v1.74.2
2025-10-09T08:13:12.3785860Z go: downloading github.com/stoewer/go-strcase v1.3.1
2025-10-09T08:13:12.3786467Z go: downloading github.com/antlr4-go/antlr/v4 v4.13.1
2025-10-09T08:13:12.4135662Z go: downloading google.golang.org/genproto/googleapis/rpc v0.0.0-20250603155806-513f23925822
2025-10-09T08:13:12.4937526Z go: downloading github.com/go-openapi/jsonpointer v0.21.1
2025-10-09T08:13:12.5318442Z go: downloading github.com/mailru/easyjson v0.9.0
2025-10-09T08:13:14.6319025Z go: downloading github.com/aws/aws-sdk-go-v2 v1.36.1
2025-10-09T08:13:14.6643599Z go: downloading github.com/aws/aws-sdk-go-v2/config v1.29.6
2025-10-09T08:13:14.6644458Z go: downloading github.com/aws/aws-sdk-go-v2/service/ecr v1.40.3
2025-10-09T08:13:14.9536196Z go: downloading github.com/aws/aws-sdk-go-v2/service/ecrpublic v1.31.2
2025-10-09T08:13:14.9537724Z go: downloading github.com/aws/smithy-go v1.22.2
2025-10-09T08:13:15.0680302Z go: downloading github.com/Azure/azure-sdk-for-go v68.0.0+incompatible
2025-10-09T08:13:15.2988341Z go: downloading github.com/Azure/go-autorest/autorest/adal v0.9.24
2025-10-09T08:13:15.3034025Z go: downloading github.com/Azure/go-autorest/autorest/azure/cli v0.4.7
2025-10-09T08:13:15.3344264Z go: downloading github.com/Azure/go-autorest/logger v0.2.2
2025-10-09T08:13:15.3475367Z go: downloading github.com/dimchansky/utfbom v1.1.1
2025-10-09T08:13:15.5405908Z go: downloading github.com/agext/levenshtein v1.2.3
2025-10-09T08:13:16.4569147Z go: downloading github.com/containerd/typeurl/v2 v2.2.0
2025-10-09T08:13:16.4692273Z go: downloading github.com/go-logr/stdr v1.2.2
2025-10-09T08:13:16.4870744Z go: downloading go.opentelemetry.io/auto/sdk v1.1.0
2025-10-09T08:13:16.5327933Z go: downloading github.com/mxk/go-flowrate v0.0.0-20140419014527-cca7078d478f
2025-10-09T08:13:16.5544867Z go: downloading github.com/pelletier/go-toml/v2 v2.2.1
2025-10-09T08:13:16.7422525Z go: downloading github.com/google/btree v1.1.3
2025-10-09T08:13:16.8709665Z go: downloading github.com/hashicorp/errwrap v1.1.0
2025-10-09T08:13:16.8960800Z go: downloading github.com/prometheus/client_golang v1.23.2
2025-10-09T08:13:17.1836769Z go: downloading github.com/prometheus/statsd_exporter v0.28.0
2025-10-09T08:13:17.1844830Z go: downloading github.com/census-instrumentation/opencensus-proto v0.4.1
2025-10-09T08:13:17.3424685Z go: downloading github.com/golang/protobuf v1.5.4
2025-10-09T08:13:17.3425428Z go: downloading google.golang.org/api v0.204.0
2025-10-09T08:13:17.3428150Z go: downloading k8s.io/apiextensions-apiserver v0.33.5
2025-10-09T08:13:17.5553341Z go: downloading github.com/josharian/intern v1.0.0
2025-10-09T08:13:17.5806471Z go: downloading github.com/aws/aws-sdk-go-v2/internal/configsources v1.3.32
2025-10-09T08:13:17.6060744Z go: downloading github.com/aws/aws-sdk-go-v2/credentials v1.17.59
2025-10-09T08:13:17.7067613Z go: downloading github.com/aws/aws-sdk-go-v2/feature/ec2/imds v1.16.28
2025-10-09T08:13:17.7661111Z go: downloading github.com/aws/aws-sdk-go-v2/internal/ini v1.8.2
2025-10-09T08:13:17.8371110Z go: downloading github.com/aws/aws-sdk-go-v2/service/sso v1.24.15
2025-10-09T08:13:17.8948198Z go: downloading github.com/aws/aws-sdk-go-v2/service/ssooidc v1.28.14
2025-10-09T08:13:17.9667888Z go: downloading github.com/aws/aws-sdk-go-v2/service/sts v1.33.14
2025-10-09T08:13:18.0360413Z go: downloading github.com/Azure/go-autorest/tracing v0.6.1
2025-10-09T08:13:18.0603976Z go: downloading github.com/Azure/go-autorest/autorest/date v0.3.1
2025-10-09T08:13:18.0686517Z go: downloading github.com/golang-jwt/jwt/v4 v4.5.2
2025-10-09T08:13:19.0550477Z go: downloading github.com/go-errors/errors v1.4.2
2025-10-09T08:13:19.0906708Z go: downloading sigs.k8s.io/gateway-api v1.1.0
2025-10-09T08:13:19.1153756Z go: downloading github.com/prometheus/client_model v0.6.2
2025-10-09T08:13:19.1734038Z go: downloading github.com/prometheus/common v0.66.1
2025-10-09T08:13:19.4320881Z go: downloading github.com/beorn7/perks v1.0.1
2025-10-09T08:13:19.5532976Z go: downloading github.com/cespare/xxhash/v2 v2.3.0
2025-10-09T08:13:20.0269292Z go: downloading github.com/grpc-ecosystem/grpc-gateway/v2 v2.27.1
2025-10-09T08:13:21.8973402Z go: downloading github.com/gorilla/mux v1.8.1
2025-10-09T08:13:21.9612988Z go: downloading github.com/aws/aws-sdk-go-v2/internal/endpoints/v2 v2.6.32
2025-10-09T08:13:21.9991611Z go: downloading github.com/aws/aws-sdk-go-v2/service/internal/accept-encoding v1.12.2
2025-10-09T08:13:22.0318170Z go: downloading github.com/aws/aws-sdk-go-v2/service/internal/presigned-url v1.12.13
2025-10-09T08:13:22.0674696Z go: downloading github.com/kelseyhightower/envconfig v1.4.0
2025-10-09T08:13:22.1064140Z go: downloading github.com/monochromegane/go-gitignore v0.0.0-20200626010858-205db1a8cc00
2025-10-09T08:13:22.1074422Z go: downloading github.com/xlab/treeprint v1.2.0
2025-10-09T08:13:22.1461621Z go: downloading github.com/google/shlex v0.0.0-20191202100458-e7afc7fbc510
2025-10-09T08:13:22.1467548Z go: downloading github.com/docker/go-metrics v0.0.1
2025-10-09T08:13:23.2045963Z go: downloading github.com/hashicorp/golang-lru v1.0.2
2025-10-09T08:13:23.7840166Z go: downloading go.yaml.in/yaml/v3 v3.0.3
2025-10-09T08:13:23.8173166Z go: downloading go.starlark.net v0.0.0-20230525235612-a134d8f9ddca
2025-10-09T08:17:34.2810409Z 	knative.dev/func		coverage: 0.0% of statements
2025-10-09T08:18:15.1051785Z Building function image
2025-10-09T08:18:15.1052560Z Function built: example.com/alice/002:latest
2025-10-09T08:18:15.1053157Z Building function image
2025-10-09T08:18:15.1053684Z Function built: example.com/alice/002:latest
2025-10-09T08:18:15.1054232Z Building function image
2025-10-09T08:18:15.1055000Z Function built: example.com/alice/002:latest
2025-10-09T08:18:15.1055633Z Building function image
2025-10-09T08:18:15.1056616Z Function built: example.com/alice/002:latest
2025-10-09T08:18:15.1057215Z Error: platform not supported by builder
2025-10-09T08:18:15.1057835Z 
2025-10-09T08:18:15.1058255Z The --platform flag is only supported with the S2I builder.
2025-10-09T08:18:15.1059395Z 
2025-10-09T08:18:15.1059937Z Try this:
2025-10-09T08:18:15.1061235Z   func build --registry <registry> --builder=s2i --platform linux/amd64
2025-10-09T08:18:15.1062032Z 
2025-10-09T08:18:15.1062567Z Or remove the --platform flag:
2025-10-09T08:18:15.1063099Z   func build --registry <registry>
2025-10-09T08:18:15.1063739Z 
2025-10-09T08:18:15.1064126Z For more options, run 'func build --help'
2025-10-09T08:18:15.1064721Z Usage:
2025-10-09T08:18:15.1065190Z   build [flags]
2025-10-09T08:18:15.1065466Z 
2025-10-09T08:18:15.1065664Z Flags:
2025-10-09T08:18:15.1066563Z       --base-image string      Override the base image for your function (host builder only)
2025-10-09T08:18:15.1068360Z       --build-timestamp        Use the actual time as the created time for the docker image. This is only useful for buildpacks builder.
2025-10-09T08:18:15.1070960Z   -b, --builder string         Builder to use when creating the function's container. Currently supported builders are "host", "pack" and "s2i". ($FUNC_BUILDER) (default "pack")
2025-10-09T08:18:15.1073022Z       --builder-image string   Specify a custom builder image for use by the builder other than its default. ($FUNC_BUILDER_IMAGE)
2025-10-09T08:18:15.1074260Z   -c, --confirm                Prompt to confirm options interactively ($FUNC_CONFIRM)
2025-10-09T08:18:15.1075113Z   -h, --help                   help for build
2025-10-09T08:18:15.1076725Z   -i, --image string           Full image name in the form [registry]/[namespace]/[name]:[tag] (optional). This option takes precedence over --registry ($FUNC_IMAGE)
2025-10-09T08:18:15.1078451Z   -p, --path string            Path to the function.  Default is current directory ($FUNC_PATH)
2025-10-09T08:18:15.1080334Z       --platform string        Optionally specify a target platform, for example "linux/amd64" when using the s2i build strategy
2025-10-09T08:18:15.1082233Z   -u, --push                   Attempt to push the function image to the configured registry after being successfully built
2025-10-09T08:18:15.1084893Z   -r, --registry string        Container registry + registry namespace. (ex 'ghcr.io/myuser').  The full image name is automatically determined using this along with function name. ($FUNC_REGISTRY)
2025-10-09T08:18:15.1087181Z       --registry-insecure      Skip TLS certificate verification when communicating in HTTPS with the registry ($FUNC_REGISTRY_INSECURE)
2025-10-09T08:18:15.1088805Z   -v, --verbose                Print verbose logs ($FUNC_VERBOSE)
2025-10-09T08:18:15.1089351Z 
2025-10-09T08:18:15.1089952Z Error: "invalid" is not a known builder. Available builders are "host", "pack" and "s2i"
2025-10-09T08:18:15.1090678Z Usage:
2025-10-09T08:18:15.1091470Z   build [flags]
2025-10-09T08:18:15.1091740Z 
2025-10-09T08:18:15.1091995Z Flags:
2025-10-09T08:18:15.1092926Z       --base-image string      Override the base image for your function (host builder only)
2025-10-09T08:18:15.1094539Z       --build-timestamp        Use the actual time as the created time for the docker image. This is only useful for buildpacks builder.
2025-10-09T08:18:15.1096789Z   -b, --builder string         Builder to use when creating the function's container. Currently supported builders are "host", "pack" and "s2i". ($FUNC_BUILDER) (default "pack")
2025-10-09T08:18:15.1098755Z       --builder-image string   Specify a custom builder image for use by the builder other than its default. ($FUNC_BUILDER_IMAGE)
2025-10-09T08:18:15.1100844Z   -c, --confirm                Prompt to confirm options interactively ($FUNC_CONFIRM)
2025-10-09T08:18:15.1102265Z   -h, --help                   help for build
2025-10-09T08:18:15.1114020Z   -i, --image string           Full image name in the form [registry]/[namespace]/[name]:[tag] (optional). This option takes precedence over --registry ($FUNC_IMAGE)
2025-10-09T08:18:15.1115531Z   -p, --path string            Path to the function.  Default is current directory ($FUNC_PATH)
2025-10-09T08:18:15.1116977Z       --platform string        Optionally specify a target platform, for example "linux/amd64" when using the s2i build strategy
2025-10-09T08:18:15.1118494Z   -u, --push                   Attempt to push the function image to the configured registry after being successfully built
2025-10-09T08:18:15.1120629Z   -r, --registry string        Container registry + registry namespace. (ex 'ghcr.io/myuser').  The full image name is automatically determined using this along with function name. ($FUNC_REGISTRY)
2025-10-09T08:18:15.1122750Z       --registry-insecure      Skip TLS certificate verification when communicating in HTTPS with the registry ($FUNC_REGISTRY_INSECURE)
2025-10-09T08:18:15.1123934Z   -v, --verbose                Print verbose logs ($FUNC_VERBOSE)
2025-10-09T08:18:15.1124351Z 
2025-10-09T08:18:15.1124765Z Error: "invalid" is not a known builder. Available builders are "host", "pack" and "s2i"
2025-10-09T08:18:15.1125486Z Usage:
2025-10-09T08:18:15.1125821Z   build [flags]
2025-10-09T08:18:15.1126016Z 
2025-10-09T08:18:15.1126138Z Flags:
2025-10-09T08:18:15.1126941Z       --base-image string      Override the base image for your function (host builder only)
2025-10-09T08:18:15.1128378Z       --build-timestamp        Use the actual time as the created time for the docker image. This is only useful for buildpacks builder.
2025-10-09T08:18:15.1130127Z   -b, --builder string         Builder to use when creating the function's container. Currently supported builders are "host", "pack" and "s2i". ($FUNC_BUILDER) (default "pack")
2025-10-09T08:18:15.1132176Z       --builder-image string   Specify a custom builder image for use by the builder other than its default. ($FUNC_BUILDER_IMAGE)
2025-10-09T08:18:15.1134121Z   -c, --confirm                Prompt to confirm options interactively ($FUNC_CONFIRM)
2025-10-09T08:18:15.1135167Z   -h, --help                   help for build
2025-10-09T08:18:15.1136370Z   -i, --image string           Full image name in the form [registry]/[namespace]/[name]:[tag] (optional). This option takes precedence over --registry ($FUNC_IMAGE)
2025-10-09T08:18:15.1138352Z   -p, --path string            Path to the function.  Default is current directory ($FUNC_PATH)
2025-10-09T08:18:15.1139750Z       --platform string        Optionally specify a target platform, for example "linux/amd64" when using the s2i build strategy
2025-10-09T08:18:15.1141115Z   -u, --push                   Attempt to push the function image to the configured registry after being successfully built
2025-10-09T08:18:15.1142925Z   -r, --registry string        Container registry + registry namespace. (ex 'ghcr.io/myuser').  The full image name is automatically determined using this along with function name. ($FUNC_REGISTRY)
2025-10-09T08:18:15.1145296Z       --registry-insecure      Skip TLS certificate verification when communicating in HTTPS with the registry ($FUNC_REGISTRY_INSECURE)
2025-10-09T08:18:15.1146736Z   -v, --verbose                Print verbose logs ($FUNC_VERBOSE)
2025-10-09T08:18:15.1147331Z 
2025-10-09T08:18:15.1147517Z Building function image
2025-10-09T08:18:15.1148208Z Function built: registry.example.com/alice/f:latest
2025-10-09T08:18:15.1149058Z Building function image
2025-10-09T08:18:15.1149594Z Function built: registry.example.com/alice/f:latest
2025-10-09T08:18:15.1150165Z Building function image
2025-10-09T08:18:15.1150712Z Function built: registry.example.com/charlie/f:latest
2025-10-09T08:18:15.1151249Z Building function image
2025-10-09T08:18:15.1151764Z Function built: registry.example.com/charlie/f:latest
2025-10-09T08:18:15.1152434Z Building function image
2025-10-09T08:18:15.1153217Z Function built: registry.example.com/global/f:latest
2025-10-09T08:18:15.1153827Z Building function image
2025-10-09T08:18:15.1154393Z Function built: registry.example.com/global/f:latest
2025-10-09T08:18:15.1155009Z Building function image
2025-10-09T08:18:15.1155483Z Function built: example.com/function/f:latest
2025-10-09T08:18:15.1156055Z Building function image
2025-10-09T08:18:15.1156653Z Function built: example.com/env/f:latest
2025-10-09T08:18:15.1157191Z Building function image
2025-10-09T08:18:15.1158219Z Function built: example.com/flag/f:latest
2025-10-09T08:18:15.1196339Z Building function image
2025-10-09T08:18:15.1196788Z Function built: example.com/alice/myfunc:latest
2025-10-09T08:18:15.1197298Z Building function image
2025-10-09T08:18:15.1197728Z Function built: example.com/alice/002:latest
2025-10-09T08:18:15.1198903Z Building function image
2025-10-09T08:18:15.1199383Z Function built: docker.io/tigerteam/foo
2025-10-09T08:18:15.1199847Z Building function image
2025-10-09T08:18:15.1200331Z Function built: example.com/alice/002:latest
2025-10-09T08:18:15.1200818Z Building function image
2025-10-09T08:18:15.1201261Z Function built: example.com/alice/myfunc
2025-10-09T08:18:15.1201784Z Error: both --image and --registry flags provided
2025-10-09T08:18:15.1202177Z 
2025-10-09T08:18:15.1202471Z Cannot use both --image and --registry together. Choose one:
2025-10-09T08:18:15.1202879Z 
2025-10-09T08:18:15.1203122Z   Use --image for complete image name:
2025-10-09T08:18:15.1203670Z     func build --image example.com/user/myfunc
2025-10-09T08:18:15.1204009Z 
2025-10-09T08:18:15.1204249Z   Use --registry for automatic naming:
2025-10-09T08:18:15.1204756Z     func build --registry example.com/user
2025-10-09T08:18:15.1205102Z 
2025-10-09T08:18:15.1206001Z Note: FUNC_REGISTRY environment variable doesn't conflict with --image flag
2025-10-09T08:18:15.1207119Z 
2025-10-09T08:18:15.1207312Z For more options, run 'func build --help'
2025-10-09T08:18:15.1207813Z Usage:
2025-10-09T08:18:15.1208174Z   build [flags]
2025-10-09T08:18:15.1208371Z 
2025-10-09T08:18:15.1208492Z Flags:
2025-10-09T08:18:15.1209269Z       --base-image string      Override the base image for your function (host builder only)
2025-10-09T08:18:15.1211059Z       --build-timestamp        Use the actual time as the created time for the docker image. This is only useful for buildpacks builder.
2025-10-09T08:18:15.1212758Z   -b, --builder string         Builder to use when creating the function's container. Currently supported builders are "host", "pack" and "s2i". ($FUNC_BUILDER) (default "pack")
2025-10-09T08:18:15.1214667Z       --builder-image string   Specify a custom builder image for use by the builder other than its default. ($FUNC_BUILDER_IMAGE)
2025-10-09T08:18:15.1215823Z   -c, --confirm                Prompt to confirm options interactively ($FUNC_CONFIRM)
2025-10-09T08:18:15.1216515Z   -h, --help                   help for build
2025-10-09T08:18:15.1217939Z   -i, --image string           Full image name in the form [registry]/[namespace]/[name]:[tag] (optional). This option takes precedence over --registry ($FUNC_IMAGE) (default "example.com/alice/myfunc")
2025-10-09T08:18:15.1219571Z   -p, --path string            Path to the function.  Default is current directory ($FUNC_PATH)
2025-10-09T08:18:15.1221064Z       --platform string        Optionally specify a target platform, for example "linux/amd64" when using the s2i build strategy
2025-10-09T08:18:15.1222409Z   -u, --push                   Attempt to push the function image to the configured registry after being successfully built
2025-10-09T08:18:15.1224714Z   -r, --registry string        Container registry + registry namespace. (ex 'ghcr.io/myuser').  The full image name is automatically determined using this along with function name. ($FUNC_REGISTRY) (default "example.com/alice")
2025-10-09T08:18:15.1227214Z       --registry-insecure      Skip TLS certificate verification when communicating in HTTPS with the registry ($FUNC_REGISTRY_INSECURE)
2025-10-09T08:18:15.1229441Z   -v, --verbose                Print verbose logs ($FUNC_VERBOSE)
2025-10-09T08:18:15.1229982Z 
2025-10-09T08:18:15.1230173Z Building function image
2025-10-09T08:18:15.1231318Z Error: cannot determine function image: could not parse reference: foo/bar/invald/myfunc/myFunc:latest
2025-10-09T08:18:15.1232163Z Usage:
2025-10-09T08:18:15.1232452Z   build [flags]
2025-10-09T08:18:15.1232655Z 
2025-10-09T08:18:15.1232776Z Flags:
2025-10-09T08:18:15.1233544Z       --base-image string      Override the base image for your function (host builder only)
2025-10-09T08:18:15.1234945Z       --build-timestamp        Use the actual time as the created time for the docker image. This is only useful for buildpacks builder.
2025-10-09T08:18:15.1236673Z   -b, --builder string         Builder to use when creating the function's container. Currently supported builders are "host", "pack" and "s2i". ($FUNC_BUILDER) (default "pack")
2025-10-09T08:18:15.1238505Z       --builder-image string   Specify a custom builder image for use by the builder other than its default. ($FUNC_BUILDER_IMAGE)
2025-10-09T08:18:15.1239616Z   -c, --confirm                Prompt to confirm options interactively ($FUNC_CONFIRM)
2025-10-09T08:18:15.1240311Z   -h, --help                   help for build
2025-10-09T08:18:15.1241447Z   -i, --image string           Full image name in the form [registry]/[namespace]/[name]:[tag] (optional). This option takes precedence over --registry ($FUNC_IMAGE)
2025-10-09T08:18:15.1242739Z   -p, --path string            Path to the function.  Default is current directory ($FUNC_PATH)
2025-10-09T08:18:15.1244100Z       --platform string        Optionally specify a target platform, for example "linux/amd64" when using the s2i build strategy
2025-10-09T08:18:15.1245408Z   -u, --push                   Attempt to push the function image to the configured registry after being successfully built
2025-10-09T08:18:15.1247145Z   -r, --registry string        Container registry + registry namespace. (ex 'ghcr.io/myuser').  The full image name is automatically determined using this along with function name. ($FUNC_REGISTRY)
2025-10-09T08:18:15.1249182Z       --registry-insecure      Skip TLS certificate verification when communicating in HTTPS with the registry ($FUNC_REGISTRY_INSECURE)
2025-10-09T08:18:15.1250305Z   -v, --verbose                Print verbose logs ($FUNC_VERBOSE)
2025-10-09T08:18:15.1250710Z 
2025-10-09T08:18:15.1250851Z Building function image
2025-10-09T08:18:15.1251659Z Function built: registry.example.com/alice/f:latest
2025-10-09T08:18:15.1252240Z Building function image
2025-10-09T08:18:15.1252738Z Function built: registry.example.com/charlie/f:latest
2025-10-09T08:18:15.1253322Z Building function image
2025-10-09T08:18:15.1253777Z Function built: registry.example.com/charlie/f:latest
2025-10-09T08:18:15.1254324Z Building function image
2025-10-09T08:18:15.1254816Z Function built: example.com/alice/my-func:latest
2025-10-09T08:18:15.1255355Z Building function image
2025-10-09T08:18:15.1256260Z Error: registry required to build function, please set with `--registry` or the FUNC_REGISTRY environment variable
2025-10-09T08:18:15.1257107Z Usage:
2025-10-09T08:18:15.1257442Z   build [flags]
2025-10-09T08:18:15.1257644Z 
2025-10-09T08:18:15.1257761Z Flags:
2025-10-09T08:18:15.1258537Z       --base-image string      Override the base image for your function (host builder only)
2025-10-09T08:18:15.1260105Z       --build-timestamp        Use the actual time as the created time for the docker image. This is only useful for buildpacks builder.
2025-10-09T08:18:15.1262153Z   -b, --builder string         Builder to use when creating the function's container. Currently supported builders are "host", "pack" and "s2i". ($FUNC_BUILDER) (default "pack")
2025-10-09T08:18:15.1264025Z       --builder-image string   Specify a custom builder image for use by the builder other than its default. ($FUNC_BUILDER_IMAGE)
2025-10-09T08:18:15.1265369Z   -c, --confirm                Prompt to confirm options interactively ($FUNC_CONFIRM)
2025-10-09T08:18:15.1266202Z   -h, --help                   help for build
2025-10-09T08:18:15.1267476Z   -i, --image string           Full image name in the form [registry]/[namespace]/[name]:[tag] (optional). This option takes precedence over --registry ($FUNC_IMAGE)
2025-10-09T08:18:15.1268810Z   -p, --path string            Path to the function.  Default is current directory ($FUNC_PATH)
2025-10-09T08:18:15.1270294Z       --platform string        Optionally specify a target platform, for example "linux/amd64" when using the s2i build strategy
2025-10-09T08:18:15.1272023Z   -u, --push                   Attempt to push the function image to the configured registry after being successfully built
2025-10-09T08:18:15.1273885Z   -r, --registry string        Container registry + registry namespace. (ex 'ghcr.io/myuser').  The full image name is automatically determined using this along with function name. ($FUNC_REGISTRY)
2025-10-09T08:18:15.1276047Z       --registry-insecure      Skip TLS certificate verification when communicating in HTTPS with the registry ($FUNC_REGISTRY_INSECURE)
2025-10-09T08:18:15.1277268Z   -v, --verbose                Print verbose logs ($FUNC_VERBOSE)
2025-10-09T08:18:15.1277748Z 
2025-10-09T08:18:15.1277926Z Building function image
2025-10-09T08:18:15.1278422Z Function built: example.com/alice/myfunc
2025-10-09T08:18:15.1278913Z Building function image
2025-10-09T08:18:15.1279405Z Function built: example.com/alice/002:latest
2025-10-09T08:18:15.1279930Z Building function image
2025-10-09T08:18:15.1280458Z Function built: example.com/alice/002:latest
2025-10-09T08:18:15.1280996Z Building function image
2025-10-09T08:18:15.1281509Z Function built: example.com/alice/002:latest
2025-10-09T08:18:15.1282026Z Building function image
2025-10-09T08:18:15.1282535Z Function built: example.com/alice/002:latest
2025-10-09T08:18:15.1283194Z Error: only host builds support specifying the base image
2025-10-09T08:18:15.1284114Z Usage:
2025-10-09T08:18:15.1284499Z   build [flags]
2025-10-09T08:18:15.1284708Z 
2025-10-09T08:18:15.1284841Z Flags:
2025-10-09T08:18:15.1285665Z       --base-image string      Override the base image for your function (host builder only)
2025-10-09T08:18:15.1287207Z       --build-timestamp        Use the actual time as the created time for the docker image. This is only useful for buildpacks builder.
2025-10-09T08:18:15.1289097Z   -b, --builder string         Builder to use when creating the function's container. Currently supported builders are "host", "pack" and "s2i". ($FUNC_BUILDER) (default "pack")
2025-10-09T08:18:15.1291086Z       --builder-image string   Specify a custom builder image for use by the builder other than its default. ($FUNC_BUILDER_IMAGE)
2025-10-09T08:18:15.1292686Z   -c, --confirm                Prompt to confirm options interactively ($FUNC_CONFIRM)
2025-10-09T08:18:15.1293411Z   -h, --help                   help for build
2025-10-09T08:18:15.1294653Z   -i, --image string           Full image name in the form [registry]/[namespace]/[name]:[tag] (optional). This option takes precedence over --registry ($FUNC_IMAGE)
2025-10-09T08:18:15.1296062Z   -p, --path string            Path to the function.  Default is current directory ($FUNC_PATH)
2025-10-09T08:18:15.1297504Z       --platform string        Optionally specify a target platform, for example "linux/amd64" when using the s2i build strategy
2025-10-09T08:18:15.1298845Z   -u, --push                   Attempt to push the function image to the configured registry after being successfully built
2025-10-09T08:18:15.1300903Z   -r, --registry string        Container registry + registry namespace. (ex 'ghcr.io/myuser').  The full image name is automatically determined using this along with function name. ($FUNC_REGISTRY)
2025-10-09T08:18:15.1303078Z       --registry-insecure      Skip TLS certificate verification when communicating in HTTPS with the registry ($FUNC_REGISTRY_INSECURE)
2025-10-09T08:18:15.1304424Z   -v, --verbose                Print verbose logs ($FUNC_VERBOSE)
2025-10-09T08:18:15.1304893Z 
2025-10-09T08:18:15.1305057Z Building function image
2025-10-09T08:18:15.1305523Z Function built: example.com/alice/myfunc:latest
2025-10-09T08:18:15.1306054Z Building function image
2025-10-09T08:18:15.1306483Z Function built: example.com/alice/myfunc:latest
2025-10-09T08:18:15.1307008Z Building function image
2025-10-09T08:18:15.1307441Z Error: mock error
2025-10-09T08:18:15.1307778Z Usage:
2025-10-09T08:18:15.1308072Z   build [flags]
2025-10-09T08:18:15.1308268Z 
2025-10-09T08:18:15.1308413Z Flags:
2025-10-09T08:18:15.1309148Z       --base-image string      Override the base image for your function (host builder only)
2025-10-09T08:18:15.1310605Z       --build-timestamp        Use the actual time as the created time for the docker image. This is only useful for buildpacks builder.
2025-10-09T08:18:15.1312700Z   -b, --builder string         Builder to use when creating the function's container. Currently supported builders are "host", "pack" and "s2i". ($FUNC_BUILDER) (default "pack")
2025-10-09T08:18:15.1314610Z       --builder-image string   Specify a custom builder image for use by the builder other than its default. ($FUNC_BUILDER_IMAGE)
2025-10-09T08:18:15.1315808Z   -c, --confirm                Prompt to confirm options interactively ($FUNC_CONFIRM)
2025-10-09T08:18:15.1316470Z   -h, --help                   help for build
2025-10-09T08:18:15.1317693Z   -i, --image string           Full image name in the form [registry]/[namespace]/[name]:[tag] (optional). This option takes precedence over --registry ($FUNC_IMAGE)
2025-10-09T08:18:15.1318996Z   -p, --path string            Path to the function.  Default is current directory ($FUNC_PATH)
2025-10-09T08:18:15.1320382Z       --platform string        Optionally specify a target platform, for example "linux/amd64" when using the s2i build strategy
2025-10-09T08:18:15.1321769Z   -u, --push                   Attempt to push the function image to the configured registry after being successfully built
2025-10-09T08:18:15.1323791Z   -r, --registry string        Container registry + registry namespace. (ex 'ghcr.io/myuser').  The full image name is automatically determined using this along with function name. ($FUNC_REGISTRY) (default "example.com/alice")
2025-10-09T08:18:15.1326150Z       --registry-insecure      Skip TLS certificate verification when communicating in HTTPS with the registry ($FUNC_REGISTRY_INSECURE)
2025-10-09T08:18:15.1327274Z   -v, --verbose                Print verbose logs ($FUNC_VERBOSE)
2025-10-09T08:18:15.1327660Z 
2025-10-09T08:18:15.1328133Z Created go function in C:\Users\RUNNER~1\AppData\Local\Temp\TestCreate_Execute2364564063\002\myfunc
2025-10-09T08:18:15.1328970Z Error:  Missing required language
2025-10-09T08:18:15.1329538Z You need to specify which programming language to use.
2025-10-09T08:18:15.1330079Z Choose from these options:
2025-10-09T08:18:15.1330476Z   go
2025-10-09T08:18:15.1330753Z   node
2025-10-09T08:18:15.1331066Z   python
2025-10-09T08:18:15.1331361Z   quarkus
2025-10-09T08:18:15.1331672Z   rust
2025-10-09T08:18:15.1332246Z   springboot
2025-10-09T08:18:15.1332616Z   typescript
2025-10-09T08:18:15.1332786Z 
2025-10-09T08:18:15.1332903Z Example:
2025-10-09T08:18:15.1333287Z   func create --language python myfunction
2025-10-09T08:18:15.1333614Z 
2025-10-09T08:18:15.1333948Z Run 'func languages' to see detailed language information.
2025-10-09T08:18:15.1334366Z 
2025-10-09T08:18:15.1334489Z Usage:
2025-10-09T08:18:15.1335034Z   create [flags]
2025-10-09T08:18:15.1335223Z 
2025-10-09T08:18:15.1335380Z Aliases:
2025-10-09T08:18:15.1335717Z   create, init
2025-10-09T08:18:15.1335915Z 
2025-10-09T08:18:15.1336035Z Flags:
2025-10-09T08:18:15.1336618Z   -c, --confirm             Prompt to confirm options interactively ($FUNC_CONFIRM)
2025-10-09T08:18:15.1337313Z   -h, --help                help for create
2025-10-09T08:18:15.1338111Z   -l, --language string     Language Runtime (see help text for list) ($FUNC_LANGUAGE)
2025-10-09T08:18:15.1339481Z   -r, --repository string   URI to a Git repository containing the specified template ($FUNC_REPOSITORY)
2025-10-09T08:18:15.1340709Z   -t, --template string     Function template. (see help text for list) ($FUNC_TEMPLATE) (default "http")
2025-10-09T08:18:15.1341658Z   -v, --verbose             Print verbose logs ($FUNC_VERBOSE)
2025-10-09T08:18:15.1342041Z 
2025-10-09T08:18:15.1342304Z Error: The language runtime 'invalid' is not recognized.
2025-10-09T08:18:15.1342910Z Available language runtimes are:
2025-10-09T08:18:15.1343343Z   go
2025-10-09T08:18:15.1343618Z   node
2025-10-09T08:18:15.1343944Z   python
2025-10-09T08:18:15.1344236Z   quarkus
2025-10-09T08:18:15.1344555Z   rust
2025-10-09T08:18:15.1344856Z   springboot
2025-10-09T08:18:15.1345202Z   typescript
2025-10-09T08:18:15.1345368Z 
2025-10-09T08:18:15.1345474Z Usage:
2025-10-09T08:18:15.1345805Z   create [flags]
2025-10-09T08:18:15.1345991Z 
2025-10-09T08:18:15.1346121Z Aliases:
2025-10-09T08:18:15.1346468Z   create, init
2025-10-09T08:18:15.1346660Z 
2025-10-09T08:18:15.1346810Z Flags:
2025-10-09T08:18:15.1347367Z   -c, --confirm             Prompt to confirm options interactively ($FUNC_CONFIRM)
2025-10-09T08:18:15.1348126Z   -h, --help                help for create
2025-10-09T08:18:15.1348898Z   -l, --language string     Language Runtime (see help text for list) ($FUNC_LANGUAGE)
2025-10-09T08:18:15.1350119Z   -r, --repository string   URI to a Git repository containing the specified template ($FUNC_REPOSITORY)
2025-10-09T08:18:15.1351376Z   -t, --template string     Function template. (see help text for list) ($FUNC_TEMPLATE) (default "http")
2025-10-09T08:18:15.1352698Z   -v, --verbose             Print verbose logs ($FUNC_VERBOSE)
2025-10-09T08:18:15.1353078Z 
2025-10-09T08:18:15.1353464Z Error: The template 'invalid' was not found for language runtime 'go'.
2025-10-09T08:18:15.1354185Z Available templates for this language runtime are:
2025-10-09T08:18:15.1354736Z   cloudevents
2025-10-09T08:18:15.1355056Z   http
2025-10-09T08:18:15.1355231Z 
2025-10-09T08:18:15.1355350Z Usage:
2025-10-09T08:18:15.1355645Z   create [flags]
2025-10-09T08:18:15.1355877Z 
2025-10-09T08:18:15.1355999Z Aliases:
2025-10-09T08:18:15.1356324Z   create, init
2025-10-09T08:18:15.1356485Z 
2025-10-09T08:18:15.1356572Z Flags:
2025-10-09T08:18:15.1357068Z   -c, --confirm             Prompt to confirm options interactively ($FUNC_CONFIRM)
2025-10-09T08:18:15.1357812Z   -h, --help                help for create
2025-10-09T08:18:15.1358599Z   -l, --language string     Language Runtime (see help text for list) ($FUNC_LANGUAGE)
2025-10-09T08:18:15.1359703Z   -r, --repository string   URI to a Git repository containing the specified template ($FUNC_REPOSITORY)
2025-10-09T08:18:15.1360934Z   -t, --template string     Function template. (see help text for list) ($FUNC_TEMPLATE) (default "http")
2025-10-09T08:18:15.1361876Z   -v, --verbose             Print verbose logs ($FUNC_VERBOSE)
2025-10-09T08:18:15.1362264Z 
2025-10-09T08:18:15.1363915Z Error: Function name 'invalid!' must consist of lower case alphanumeric characters or '-', start with an alphabetic character, and end with an alphanumeric character (e.g. 'my-name',  or 'abc-123', regex used for validation is '[a-z]([-a-z0-9]*[a-z0-9])?')
2025-10-09T08:18:15.1365514Z Usage:
2025-10-09T08:18:15.1366434Z   create [flags]
2025-10-09T08:18:15.1366663Z 
2025-10-09T08:18:15.1366789Z Aliases:
2025-10-09T08:18:15.1367071Z   create, init
2025-10-09T08:18:15.1367481Z 
2025-10-09T08:18:15.1367590Z Flags:
2025-10-09T08:18:15.1368164Z   -c, --confirm             Prompt to confirm options interactively ($FUNC_CONFIRM)
2025-10-09T08:18:15.1368917Z   -h, --help                help for create
2025-10-09T08:18:15.1369693Z   -l, --language string     Language Runtime (see help text for list) ($FUNC_LANGUAGE)
2025-10-09T08:18:15.1370828Z   -r, --repository string   URI to a Git repository containing the specified template ($FUNC_REPOSITORY)
2025-10-09T08:18:15.1372237Z   -t, --template string     Function template. (see help text for list) ($FUNC_TEMPLATE) (default "http")
2025-10-09T08:18:15.1373147Z   -v, --verbose             Print verbose logs ($FUNC_VERBOSE)
2025-10-09T08:18:15.1373525Z 
2025-10-09T08:18:15.1374098Z Created go function in C:\Users\RUNNER~1\AppData\Local\Temp\TestCreate_ConfigOptional557448353\002\myfunc
2025-10-09T08:18:15.1374914Z Building container image
2025-10-09T08:18:15.1375379Z Building function image
2025-10-09T08:18:15.1375881Z Function built: example.com/alice/myfunc:latest
2025-10-09T08:18:15.1376433Z Pushing container image to registry
2025-10-09T08:18:15.1376825Z Deploying function to cluster
2025-10-09T08:18:15.1377173Z Creating route to function
2025-10-09T08:18:15.1377557Z Done
2025-10-09T08:18:15.1377825Z Building container image
2025-10-09T08:18:15.1378148Z Building function image
2025-10-09T08:18:15.1378522Z Function built: example.com/alice/testname:latest
2025-10-09T08:18:15.1378996Z Pushing container image to registry
2025-10-09T08:18:15.1379390Z Deploying function to cluster
2025-10-09T08:18:15.1379753Z Creating route to function
2025-10-09T08:18:15.1380046Z Done
2025-10-09T08:18:15.1380394Z Error: must also specify a name when specifying namespace
2025-10-09T08:18:15.1380963Z Error: only one of --path and [NAME] should be provided
2025-10-09T08:18:15.1381422Z Building function image
2025-10-09T08:18:15.1381783Z Function built: example.com/alice/002:latest
2025-10-09T08:18:15.1382246Z function up-to-date. Force rebuild with --build
2025-10-09T08:18:15.1382741Z function up-to-date. Force rebuild with --build
2025-10-09T08:18:15.1383226Z function up-to-date. Force rebuild with --build
2025-10-09T08:18:15.1383680Z Error: platform not supported by builder
2025-10-09T08:18:15.1383960Z 
2025-10-09T08:18:15.1384201Z The --platform flag is only supported with the S2I builder.
2025-10-09T08:18:15.1384566Z 
2025-10-09T08:18:15.1384658Z Try this:
2025-10-09T08:18:15.1385162Z   func deploy --registry <registry> --builder=s2i --platform linux/amd64
2025-10-09T08:18:15.1386410Z 
2025-10-09T08:18:15.1386567Z Or remove the --platform flag:
2025-10-09T08:18:15.1386990Z   func deploy --registry <registry>
2025-10-09T08:18:15.1387256Z 
2025-10-09T08:18:15.1387424Z For more options, run 'func deploy --help'
2025-10-09T08:18:15.1387819Z Usage:
2025-10-09T08:18:15.1388088Z   deploy [flags]
2025-10-09T08:18:15.1388262Z 
2025-10-09T08:18:15.1388354Z Flags:
2025-10-09T08:18:15.1389056Z       --base-image string             Override the base image for your function (host builder only)
2025-10-09T08:18:15.1390163Z       --build string[="true"]         Build the function. [auto|true|false]. ($FUNC_BUILD) (default "auto")
2025-10-09T08:18:15.1391630Z       --build-timestamp               Use the actual time as the created time for the docker image. This is only useful for buildpacks builder.
2025-10-09T08:18:15.1393279Z   -b, --builder string                Builder to use when creating the function's container. Currently supported builders are "host", "pack" and "s2i". (default "pack")
2025-10-09T08:18:15.1395076Z       --builder-image string          Specify a custom builder image for use by the builder other than its default. ($FUNC_BUILDER_IMAGE)
2025-10-09T08:18:15.1396218Z   -c, --confirm                       Prompt to confirm options interactively ($FUNC_CONFIRM)
2025-10-09T08:18:15.1397869Z       --domain string                 Domain to use for the function's route.  Cluster must be configured with domain matching for the given domain (ignored if unrecognized) ($FUNC_DOMAIN)
2025-10-09T08:18:15.1401393Z   -e, --env stringArray               Environment variable to set in the form NAME=VALUE. You may provide this flag multiple times for setting multiple environment variables. To unset, specify the environment variable name followed by a "-" (e.g., NAME-).
2025-10-09T08:18:15.1403445Z   -t, --git-branch string             Git revision (branch) to be used when deploying via the Git repository ($FUNC_GIT_BRANCH)
2025-10-09T08:18:15.1405002Z   -d, --git-dir string                Directory in the Git repository containing the function (default is the root) ($FUNC_GIT_DIR)
2025-10-09T08:18:15.1406718Z   -g, --git-url string                Repository url containing the function to build ($FUNC_GIT_URL)
2025-10-09T08:18:15.1407518Z   -h, --help                          help for deploy
2025-10-09T08:18:15.1409193Z   -i, --image string                  Full image name in the form [registry]/[namespace]/[name]:[tag]@[digest]. This option takes precedence over --registry. Specifying digest is optional, but if it is given, 'build' and 'push' phases are disabled. ($FUNC_IMAGE)
2025-10-09T08:18:15.1411929Z   -n, --namespace string              Deploy into a specific namespace. Will use the function's current namespace by default if already deployed, and the currently active context if it can be determined. ($FUNC_NAMESPACE) (default "func")
2025-10-09T08:18:15.1413629Z   -p, --path string                   Path to the function.  Default is current directory ($FUNC_PATH)
2025-10-09T08:18:15.1414929Z       --platform string               Optionally specify a specific platform to build for (e.g. linux/amd64). ($FUNC_PLATFORM)
2025-10-09T08:18:15.1416080Z   -u, --push                          Push the function image to registry before deploying. ($FUNC_PUSH) (default true)
2025-10-09T08:18:15.1417582Z       --pvc-size string               When triggering a remote deployment, set a custom volume size to allocate for the build operation ($FUNC_PVC_SIZE)
2025-10-09T08:18:15.1419678Z   -r, --registry string               Container registry + registry namespace. (ex 'ghcr.io/myuser').  The full image name is automatically determined using this along with function name. ($FUNC_REGISTRY)
2025-10-09T08:18:15.1421606Z       --registry-insecure             Skip TLS certificate verification when communicating in HTTPS with the registry ($FUNC_REGISTRY_INSECURE)
2025-10-09T08:18:15.1422979Z   -R, --remote                        Trigger a remote deployment. Default is to deploy and build from the local system ($FUNC_REMOTE)
2025-10-09T08:18:15.1424428Z       --remote-storage-class string   Specify a storage class to use for the volume on-cluster during remote builds
2025-10-09T08:18:15.1425828Z       --service-account string        Service account to be used in the deployed function ($FUNC_SERVICE_ACCOUNT)
2025-10-09T08:18:15.1427252Z   -v, --verbose                       Print verbose logs ($FUNC_VERBOSE)
2025-10-09T08:18:15.1427701Z 
2025-10-09T08:18:15.1428123Z Error: "invalid" is not a known builder. Available builders are "host", "pack" and "s2i"
2025-10-09T08:18:15.1429058Z Usage:
2025-10-09T08:18:15.1429317Z   deploy [flags]
2025-10-09T08:18:15.1429481Z 
2025-10-09T08:18:15.1429575Z Flags:
2025-10-09T08:18:15.1430237Z       --base-image string             Override the base image for your function (host builder only)
2025-10-09T08:18:15.1431368Z       --build string[="true"]         Build the function. [auto|true|false]. ($FUNC_BUILD) (default "auto")
2025-10-09T08:18:15.1432849Z       --build-timestamp               Use the actual time as the created time for the docker image. This is only useful for buildpacks builder.
2025-10-09T08:18:15.1434516Z   -b, --builder string                Builder to use when creating the function's container. Currently supported builders are "host", "pack" and "s2i". (default "pack")
2025-10-09T08:18:15.1436289Z       --builder-image string          Specify a custom builder image for use by the builder other than its default. ($FUNC_BUILDER_IMAGE)
2025-10-09T08:18:15.1437660Z   -c, --confirm                       Prompt to confirm options interactively ($FUNC_CONFIRM)
2025-10-09T08:18:15.1439297Z       --domain string                 Domain to use for the function's route.  Cluster must be configured with domain matching for the given domain (ignored if unrecognized) ($FUNC_DOMAIN)
2025-10-09T08:18:15.1441950Z   -e, --env stringArray               Environment variable to set in the form NAME=VALUE. You may provide this flag multiple times for setting multiple environment variables. To unset, specify the environment variable name followed by a "-" (e.g., NAME-).
2025-10-09T08:18:15.1443993Z   -t, --git-branch string             Git revision (branch) to be used when deploying via the Git repository ($FUNC_GIT_BRANCH)
2025-10-09T08:18:15.1445317Z   -d, --git-dir string                Directory in the Git repository containing the function (default is the root) ($FUNC_GIT_DIR)
2025-10-09T08:18:15.1446429Z   -g, --git-url string                Repository url containing the function to build ($FUNC_GIT_URL)
2025-10-09T08:18:15.1447149Z   -h, --help                          help for deploy
2025-10-09T08:18:15.1450427Z   -i, --image string                  Full image name in the form [registry]/[namespace]/[name]:[tag]@[digest]. This option takes precedence over --registry. Specifying digest is optional, but if it is given, 'build' and 'push' phases are disabled. ($FUNC_IMAGE)
2025-10-09T08:18:15.1453196Z   -n, --namespace string              Deploy into a specific namespace. Will use the function's current namespace by default if already deployed, and the currently active context if it can be determined. ($FUNC_NAMESPACE) (default "func")
2025-10-09T08:18:15.1454945Z   -p, --path string                   Path to the function.  Default is current directory ($FUNC_PATH)
2025-10-09T08:18:15.1456273Z       --platform string               Optionally specify a specific platform to build for (e.g. linux/amd64). ($FUNC_PLATFORM)
2025-10-09T08:18:15.1457473Z   -u, --push                          Push the function image to registry before deploying. ($FUNC_PUSH) (default true)
2025-10-09T08:18:15.1459024Z       --pvc-size string               When triggering a remote deployment, set a custom volume size to allocate for the build operation ($FUNC_PVC_SIZE)
2025-10-09T08:18:15.1460968Z   -r, --registry string               Container registry + registry namespace. (ex 'ghcr.io/myuser').  The full image name is automatically determined using this along with function name. ($FUNC_REGISTRY)
2025-10-09T08:18:15.1463015Z       --registry-insecure             Skip TLS certificate verification when communicating in HTTPS with the registry ($FUNC_REGISTRY_INSECURE)
2025-10-09T08:18:15.1464430Z   -R, --remote                        Trigger a remote deployment. Default is to deploy and build from the local system ($FUNC_REMOTE)
2025-10-09T08:18:15.1465859Z       --remote-storage-class string   Specify a storage class to use for the volume on-cluster during remote builds
2025-10-09T08:18:15.1467228Z       --service-account string        Service account to be used in the deployed function ($FUNC_SERVICE_ACCOUNT)
2025-10-09T08:18:15.1468072Z   -v, --verbose                       Print verbose logs ($FUNC_VERBOSE)
2025-10-09T08:18:15.1468401Z 
2025-10-09T08:18:15.1468986Z Error: "invalid" is not a known builder. Available builders are "host", "pack" and "s2i"
2025-10-09T08:18:15.1469535Z Usage:
2025-10-09T08:18:15.1469768Z   deploy [flags]
2025-10-09T08:18:15.1469930Z 
2025-10-09T08:18:15.1470016Z Flags:
2025-10-09T08:18:15.1470709Z       --base-image string             Override the base image for your function (host builder only)
2025-10-09T08:18:15.1471705Z       --build string[="true"]         Build the function. [auto|true|false]. ($FUNC_BUILD) (default "auto")
2025-10-09T08:18:15.1473059Z       --build-timestamp               Use the actual time as the created time for the docker image. This is only useful for buildpacks builder.
2025-10-09T08:18:15.1474891Z   -b, --builder string                Builder to use when creating the function's container. Currently supported builders are "host", "pack" and "s2i". (default "pack")
2025-10-09T08:18:15.1476605Z       --builder-image string          Specify a custom builder image for use by the builder other than its default. ($FUNC_BUILDER_IMAGE)
2025-10-09T08:18:15.1477856Z   -c, --confirm                       Prompt to confirm options interactively ($FUNC_CONFIRM)
2025-10-09T08:18:15.1479471Z       --domain string                 Domain to use for the function's route.  Cluster must be configured with domain matching for the given domain (ignored if unrecognized) ($FUNC_DOMAIN)
2025-10-09T08:18:15.1481815Z   -e, --env stringArray               Environment variable to set in the form NAME=VALUE. You may provide this flag multiple times for setting multiple environment variables. To unset, specify the environment variable name followed by a "-" (e.g., NAME-).
2025-10-09T08:18:15.1483869Z   -t, --git-branch string             Git revision (branch) to be used when deploying via the Git repository ($FUNC_GIT_BRANCH)
2025-10-09T08:18:15.1485120Z   -d, --git-dir string                Directory in the Git repository containing the function (default is the root) ($FUNC_GIT_DIR)
2025-10-09T08:18:15.1486191Z   -g, --git-url string                Repository url containing the function to build ($FUNC_GIT_URL)
2025-10-09T08:18:15.1486879Z   -h, --help                          help for deploy
2025-10-09T08:18:15.1488535Z   -i, --image string                  Full image name in the form [registry]/[namespace]/[name]:[tag]@[digest]. This option takes precedence over --registry. Specifying digest is optional, but if it is given, 'build' and 'push' phases are disabled. ($FUNC_IMAGE)
2025-10-09T08:18:15.1491422Z   -n, --namespace string              Deploy into a specific namespace. Will use the function's current namespace by default if already deployed, and the currently active context if it can be determined. ($FUNC_NAMESPACE) (default "func")
2025-10-09T08:18:15.1492947Z   -p, --path string                   Path to the function.  Default is current directory ($FUNC_PATH)
2025-10-09T08:18:15.1494088Z       --platform string               Optionally specify a specific platform to build for (e.g. linux/amd64). ($FUNC_PLATFORM)
2025-10-09T08:18:15.1495196Z   -u, --push                          Push the function image to registry before deploying. ($FUNC_PUSH) (default true)
2025-10-09T08:18:15.1496526Z       --pvc-size string               When triggering a remote deployment, set a custom volume size to allocate for the build operation ($FUNC_PVC_SIZE)
2025-10-09T08:18:15.1498214Z   -r, --registry string               Container registry + registry namespace. (ex 'ghcr.io/myuser').  The full image name is automatically determined using this along with function name. ($FUNC_REGISTRY)
2025-10-09T08:18:15.1500042Z       --registry-insecure             Skip TLS certificate verification when communicating in HTTPS with the registry ($FUNC_REGISTRY_INSECURE)
2025-10-09T08:18:15.1501417Z   -R, --remote                        Trigger a remote deployment. Default is to deploy and build from the local system ($FUNC_REMOTE)
2025-10-09T08:18:15.1502755Z       --remote-storage-class string   Specify a storage class to use for the volume on-cluster during remote builds
2025-10-09T08:18:15.1504053Z       --service-account string        Service account to be used in the deployed function ($FUNC_SERVICE_ACCOUNT)
2025-10-09T08:18:15.1504907Z   -v, --verbose                       Print verbose logs ($FUNC_VERBOSE)
2025-10-09T08:18:15.1505268Z 
2025-10-09T08:18:15.1505395Z Building function image
2025-10-09T08:18:15.1505779Z Function built: registry.example.com/alice/f:latest
2025-10-09T08:18:15.1506286Z function up-to-date. Force rebuild with --build
2025-10-09T08:18:15.1506704Z Building function image
2025-10-09T08:18:15.1507104Z Function built: registry.example.com/charlie/f:latest
2025-10-09T08:18:15.1507850Z function up-to-date. Force rebuild with --build
2025-10-09T08:18:15.1508267Z Building function image
2025-10-09T08:18:15.1508650Z Function built: registry.example.com/global/f:latest
2025-10-09T08:18:15.1509369Z Building function image
2025-10-09T08:18:15.1509762Z Function built: registry.example.com/global/f:latest
2025-10-09T08:18:15.1510205Z Building function image
2025-10-09T08:18:15.1510566Z Function built: example.com/function/f:latest
2025-10-09T08:18:15.1512016Z Building function image
2025-10-09T08:18:15.1512433Z Function built: example.com/env/f:latest
2025-10-09T08:18:15.1512856Z Building function image
2025-10-09T08:18:15.1513226Z Function built: example.com/flag/f:latest
2025-10-09T08:18:15.1513640Z Building function image
2025-10-09T08:18:15.1514027Z Function built: example.com/alice/myfunc:latest
2025-10-09T08:18:15.1514469Z Building function image
2025-10-09T08:18:15.1514831Z Function built: example.com/alice/002:latest
2025-10-09T08:18:15.1515339Z function up-to-date. Force rebuild with --build
2025-10-09T08:18:15.1515854Z function up-to-date. Force rebuild with --build
2025-10-09T08:18:15.1516369Z function up-to-date. Force rebuild with --build
2025-10-09T08:18:15.1516808Z Building function image
2025-10-09T08:18:15.1517176Z Function built: example.com/alice/002:latest
2025-10-09T08:18:15.1517823Z Warning: unable to verify local and remote references match. exit status 128
2025-10-09T08:18:15.1518431Z Function Deployed at 
2025-10-09T08:18:15.1518968Z Warning: unable to verify local and remote references match. exit status 128
2025-10-09T08:18:15.1519677Z Function Deployed at https://example.com/user/repo
2025-10-09T08:18:15.1520368Z Warning: unable to verify local and remote references match. exit status 128
2025-10-09T08:18:15.1520972Z Function Deployed at 
2025-10-09T08:18:15.1521284Z Building function image
2025-10-09T08:18:15.1521646Z Function built: example.com/alice/002:latest
2025-10-09T08:18:15.1522132Z function up-to-date. Force rebuild with --build
2025-10-09T08:18:15.1522668Z Error: both --image and --registry flags provided
2025-10-09T08:18:15.1523003Z 
2025-10-09T08:18:15.1523261Z Cannot use both --image and --registry together. Choose one:
2025-10-09T08:18:15.1523657Z 
2025-10-09T08:18:15.1523839Z   Use --image for complete image name:
2025-10-09T08:18:15.1524613Z     func deploy --image example.com/user/myfunc
2025-10-09T08:18:15.1524935Z 
2025-10-09T08:18:15.1525110Z   Use --registry for automatic naming:
2025-10-09T08:18:15.1525607Z     func deploy --registry example.com/user
2025-10-09T08:18:15.1525918Z 
2025-10-09T08:18:15.1526261Z Note: FUNC_REGISTRY environment variable doesn't conflict with --image flag
2025-10-09T08:18:15.1526754Z 
2025-10-09T08:18:15.1526928Z For more options, run 'func deploy --help'
2025-10-09T08:18:15.1527307Z Usage:
2025-10-09T08:18:15.1527557Z   deploy [flags]
2025-10-09T08:18:15.1527715Z 
2025-10-09T08:18:15.1527798Z Flags:
2025-10-09T08:18:15.1528511Z       --base-image string             Override the base image for your function (host builder only)
2025-10-09T08:18:15.1529684Z       --build string[="true"]         Build the function. [auto|true|false]. ($FUNC_BUILD) (default "auto")
2025-10-09T08:18:15.1531121Z       --build-timestamp               Use the actual time as the created time for the docker image. This is only useful for buildpacks builder.
2025-10-09T08:18:15.1532780Z   -b, --builder string                Builder to use when creating the function's container. Currently supported builders are "host", "pack" and "s2i". (default "pack")
2025-10-09T08:18:15.1534532Z       --builder-image string          Specify a custom builder image for use by the builder other than its default. ($FUNC_BUILDER_IMAGE)
2025-10-09T08:18:15.1535657Z   -c, --confirm                       Prompt to confirm options interactively ($FUNC_CONFIRM)
2025-10-09T08:18:15.1537340Z       --domain string                 Domain to use for the function's route.  Cluster must be configured with domain matching for the given domain (ignored if unrecognized) ($FUNC_DOMAIN)
2025-10-09T08:18:15.1540022Z   -e, --env stringArray               Environment variable to set in the form NAME=VALUE. You may provide this flag multiple times for setting multiple environment variables. To unset, specify the environment variable name followed by a "-" (e.g., NAME-).
2025-10-09T08:18:15.1542033Z   -t, --git-branch string             Git revision (branch) to be used when deploying via the Git repository ($FUNC_GIT_BRANCH)
2025-10-09T08:18:15.1543538Z   -d, --git-dir string                Directory in the Git repository containing the function (default is the root) ($FUNC_GIT_DIR)
2025-10-09T08:18:15.1544955Z   -g, --git-url string                Repository url containing the function to build ($FUNC_GIT_URL)
2025-10-09T08:18:15.1545713Z   -h, --help                          help for deploy
2025-10-09T08:18:15.1547656Z   -i, --image string                  Full image name in the form [registry]/[namespace]/[name]:[tag]@[digest]. This option takes precedence over --registry. Specifying digest is optional, but if it is given, 'build' and 'push' phases are disabled. ($FUNC_IMAGE) (default "example.com/alice/myfunc")
2025-10-09T08:18:15.1550563Z   -n, --namespace string              Deploy into a specific namespace. Will use the function's current namespace by default if already deployed, and the currently active context if it can be determined. ($FUNC_NAMESPACE) (default "func")
2025-10-09T08:18:15.1552319Z   -p, --path string                   Path to the function.  Default is current directory ($FUNC_PATH)
2025-10-09T08:18:15.1553618Z       --platform string               Optionally specify a specific platform to build for (e.g. linux/amd64). ($FUNC_PLATFORM)
2025-10-09T08:18:15.1554820Z   -u, --push                          Push the function image to registry before deploying. ($FUNC_PUSH) (default true)
2025-10-09T08:18:15.1556330Z       --pvc-size string               When triggering a remote deployment, set a custom volume size to allocate for the build operation ($FUNC_PVC_SIZE)
2025-10-09T08:18:15.1558474Z   -r, --registry string               Container registry + registry namespace. (ex 'ghcr.io/myuser').  The full image name is automatically determined using this along with function name. ($FUNC_REGISTRY) (default "example.com/alice")
2025-10-09T08:18:15.1560811Z       --registry-insecure             Skip TLS certificate verification when communicating in HTTPS with the registry ($FUNC_REGISTRY_INSECURE)
2025-10-09T08:18:15.1562335Z   -R, --remote                        Trigger a remote deployment. Default is to deploy and build from the local system ($FUNC_REMOTE)
2025-10-09T08:18:15.1563832Z       --remote-storage-class string   Specify a storage class to use for the volume on-cluster during remote builds
2025-10-09T08:18:15.1565505Z       --service-account string        Service account to be used in the deployed function ($FUNC_SERVICE_ACCOUNT)
2025-10-09T08:18:15.1566494Z   -v, --verbose                       Print verbose logs ($FUNC_VERBOSE)
2025-10-09T08:18:15.1566885Z 
2025-10-09T08:18:15.1567025Z Building function image
2025-10-09T08:18:15.1567457Z Function built: docker.io/tigerteam/foo
2025-10-09T08:18:15.1568856Z Deploying image 'example.com/namespace/myfunction@sha256:7d66645b0add6de7af77ef332ecd4728649a2f03b9a2716422a054805b595c4e', which has a digest. Build and push are disabled.
2025-10-09T08:18:15.1570482Z Error: building can not be enabled when using an image with digest
2025-10-09T08:18:15.1571085Z Usage:
2025-10-09T08:18:15.1571409Z   deploy [flags]
2025-10-09T08:18:15.1571617Z 
2025-10-09T08:18:15.1571775Z Flags:
2025-10-09T08:18:15.1572533Z       --base-image string             Override the base image for your function (host builder only)
2025-10-09T08:18:15.1573795Z       --build string[="true"]         Build the function. [auto|true|false]. ($FUNC_BUILD) (default "auto")
2025-10-09T08:18:15.1575310Z       --build-timestamp               Use the actual time as the created time for the docker image. This is only useful for buildpacks builder.
2025-10-09T08:18:15.1577238Z   -b, --builder string                Builder to use when creating the function's container. Currently supported builders are "host", "pack" and "s2i". (default "pack")
2025-10-09T08:18:15.1579089Z       --builder-image string          Specify a custom builder image for use by the builder other than its default. ($FUNC_BUILDER_IMAGE)
2025-10-09T08:18:15.1580403Z   -c, --confirm                       Prompt to confirm options interactively ($FUNC_CONFIRM)
2025-10-09T08:18:15.1582178Z       --domain string                 Domain to use for the function's route.  Cluster must be configured with domain matching for the given domain (ignored if unrecognized) ($FUNC_DOMAIN)
2025-10-09T08:18:15.1584543Z   -e, --env stringArray               Environment variable to set in the form NAME=VALUE. You may provide this flag multiple times for setting multiple environment variables. To unset, specify the environment variable name followed by a "-" (e.g., NAME-).
2025-10-09T08:18:15.1587009Z   -t, --git-branch string             Git revision (branch) to be used when deploying via the Git repository ($FUNC_GIT_BRANCH)
2025-10-09T08:18:15.1588426Z   -d, --git-dir string                Directory in the Git repository containing the function (default is the root) ($FUNC_GIT_DIR)
2025-10-09T08:18:15.1589675Z   -g, --git-url string                Repository url containing the function to build ($FUNC_GIT_URL)
2025-10-09T08:18:15.1590483Z   -h, --help                          help for deploy
2025-10-09T08:18:15.1592315Z   -i, --image string                  Full image name in the form [registry]/[namespace]/[name]:[tag]@[digest]. This option takes precedence over --registry. Specifying digest is optional, but if it is given, 'build' and 'push' phases are disabled. ($FUNC_IMAGE)
2025-10-09T08:18:15.1595085Z   -n, --namespace string              Deploy into a specific namespace. Will use the function's current namespace by default if already deployed, and the currently active context if it can be determined. ($FUNC_NAMESPACE) (default "func")
2025-10-09T08:18:15.1596876Z   -p, --path string                   Path to the function.  Default is current directory ($FUNC_PATH)
2025-10-09T08:18:15.1598288Z       --platform string               Optionally specify a specific platform to build for (e.g. linux/amd64). ($FUNC_PLATFORM)
2025-10-09T08:18:15.1599546Z   -u, --push                          Push the function image to registry before deploying. ($FUNC_PUSH) (default true)
2025-10-09T08:18:15.1601161Z       --pvc-size string               When triggering a remote deployment, set a custom volume size to allocate for the build operation ($FUNC_PVC_SIZE)
2025-10-09T08:18:15.1603207Z   -r, --registry string               Container registry + registry namespace. (ex 'ghcr.io/myuser').  The full image name is automatically determined using this along with function name. ($FUNC_REGISTRY)
2025-10-09T08:18:15.1605603Z       --registry-insecure             Skip TLS certificate verification when communicating in HTTPS with the registry ($FUNC_REGISTRY_INSECURE)
2025-10-09T08:18:15.1607176Z   -R, --remote                        Trigger a remote deployment. Default is to deploy and build from the local system ($FUNC_REMOTE)
2025-10-09T08:18:15.1608673Z       --remote-storage-class string   Specify a storage class to use for the volume on-cluster during remote builds
2025-10-09T08:18:15.1609991Z       --service-account string        Service account to be used in the deployed function ($FUNC_SERVICE_ACCOUNT)
2025-10-09T08:18:15.1610778Z   -v, --verbose                       Print verbose logs ($FUNC_VERBOSE)
2025-10-09T08:18:15.1611101Z 
2025-10-09T08:18:15.1611343Z Error: pushing is not valid when specifying an image with digest
2025-10-09T08:18:15.1611817Z Usage:
2025-10-09T08:18:15.1612065Z   deploy [flags]
2025-10-09T08:18:15.1612222Z 
2025-10-09T08:18:15.1612321Z Flags:
2025-10-09T08:18:15.1612938Z       --base-image string             Override the base image for your function (host builder only)
2025-10-09T08:18:15.1614098Z       --build string[="true"]         Build the function. [auto|true|false]. ($FUNC_BUILD) (default "auto")
2025-10-09T08:18:15.1615627Z       --build-timestamp               Use the actual time as the created time for the docker image. This is only useful for buildpacks builder.
2025-10-09T08:18:15.1617486Z   -b, --builder string                Builder to use when creating the function's container. Currently supported builders are "host", "pack" and "s2i". (default "pack")
2025-10-09T08:18:15.1619275Z       --builder-image string          Specify a custom builder image for use by the builder other than its default. ($FUNC_BUILDER_IMAGE)
2025-10-09T08:18:15.1620398Z   -c, --confirm                       Prompt to confirm options interactively ($FUNC_CONFIRM)
2025-10-09T08:18:15.1622076Z       --domain string                 Domain to use for the function's route.  Cluster must be configured with domain matching for the given domain (ignored if unrecognized) ($FUNC_DOMAIN)
2025-10-09T08:18:15.1624388Z   -e, --env stringArray               Environment variable to set in the form NAME=VALUE. You may provide this flag multiple times for setting multiple environment variables. To unset, specify the environment variable name followed by a "-" (e.g., NAME-).
2025-10-09T08:18:15.1626555Z   -t, --git-branch string             Git revision (branch) to be used when deploying via the Git repository ($FUNC_GIT_BRANCH)
2025-10-09T08:18:15.1627816Z   -d, --git-dir string                Directory in the Git repository containing the function (default is the root) ($FUNC_GIT_DIR)
2025-10-09T08:18:15.1628912Z   -g, --git-url string                Repository url containing the function to build ($FUNC_GIT_URL)
2025-10-09T08:18:15.1629610Z   -h, --help                          help for deploy
2025-10-09T08:18:15.1631158Z   -i, --image string                  Full image name in the form [registry]/[namespace]/[name]:[tag]@[digest]. This option takes precedence over --registry. Specifying digest is optional, but if it is given, 'build' and 'push' phases are disabled. ($FUNC_IMAGE)
2025-10-09T08:18:15.1633630Z   -n, --namespace string              Deploy into a specific namespace. Will use the function's current namespace by default if already deployed, and the currently active context if it can be determined. ($FUNC_NAMESPACE) (default "func")
2025-10-09T08:18:15.1635198Z   -p, --path string                   Path to the function.  Default is current directory ($FUNC_PATH)
2025-10-09T08:18:15.1636335Z       --platform string               Optionally specify a specific platform to build for (e.g. linux/amd64). ($FUNC_PLATFORM)
2025-10-09T08:18:15.1637382Z   -u, --push                          Push the function image to registry before deploying. ($FUNC_PUSH) (default true)
2025-10-09T08:18:15.1638734Z       --pvc-size string               When triggering a remote deployment, set a custom volume size to allocate for the build operation ($FUNC_PVC_SIZE)
2025-10-09T08:18:15.1640495Z   -r, --registry string               Container registry + registry namespace. (ex 'ghcr.io/myuser').  The full image name is automatically determined using this along with function name. ($FUNC_REGISTRY)
2025-10-09T08:18:15.1642379Z       --registry-insecure             Skip TLS certificate verification when communicating in HTTPS with the registry ($FUNC_REGISTRY_INSECURE)
2025-10-09T08:18:15.1643721Z   -R, --remote                        Trigger a remote deployment. Default is to deploy and build from the local system ($FUNC_REMOTE)
2025-10-09T08:18:15.1644988Z       --remote-storage-class string   Specify a storage class to use for the volume on-cluster during remote builds
2025-10-09T08:18:15.1646473Z       --service-account string        Service account to be used in the deployed function ($FUNC_SERVICE_ACCOUNT)
2025-10-09T08:18:15.1647292Z   -v, --verbose                       Print verbose logs ($FUNC_VERBOSE)
2025-10-09T08:18:15.1647649Z 
2025-10-09T08:18:15.1648574Z Error: could not parse reference: example.com/mynamespace/myfunction@Xsha256:7d66645b0add6de7af77ef332ecd4728649a2f03b9a2716422a054805b595c4e
2025-10-09T08:18:15.1649473Z Usage:
2025-10-09T08:18:15.1649692Z   deploy [flags]
2025-10-09T08:18:15.1649840Z 
2025-10-09T08:18:15.1649916Z Flags:
2025-10-09T08:18:15.1650521Z       --base-image string             Override the base image for your function (host builder only)
2025-10-09T08:18:15.1651682Z       --build string[="true"]         Build the function. [auto|true|false]. ($FUNC_BUILD) (default "auto")
2025-10-09T08:18:15.1652968Z       --build-timestamp               Use the actual time as the created time for the docker image. This is only useful for buildpacks builder.
2025-10-09T08:18:15.1654412Z   -b, --builder string                Builder to use when creating the function's container. Currently supported builders are "host", "pack" and "s2i". (default "pack")
2025-10-09T08:18:15.1655997Z       --builder-image string          Specify a custom builder image for use by the builder other than its default. ($FUNC_BUILDER_IMAGE)
2025-10-09T08:18:15.1656987Z   -c, --confirm                       Prompt to confirm options interactively ($FUNC_CONFIRM)
2025-10-09T08:18:15.1658519Z       --domain string                 Domain to use for the function's route.  Cluster must be configured with domain matching for the given domain (ignored if unrecognized) ($FUNC_DOMAIN)
2025-10-09T08:18:15.1660771Z   -e, --env stringArray               Environment variable to set in the form NAME=VALUE. You may provide this flag multiple times for setting multiple environment variables. To unset, specify the environment variable name followed by a "-" (e.g., NAME-).
2025-10-09T08:18:15.1662536Z   -t, --git-branch string             Git revision (branch) to be used when deploying via the Git repository ($FUNC_GIT_BRANCH)
2025-10-09T08:18:15.1663762Z   -d, --git-dir string                Directory in the Git repository containing the function (default is the root) ($FUNC_GIT_DIR)
2025-10-09T08:18:15.1664805Z   -g, --git-url string                Repository url containing the function to build ($FUNC_GIT_URL)
2025-10-09T08:18:15.1665464Z   -h, --help                          help for deploy
2025-10-09T08:18:15.1666986Z   -i, --image string                  Full image name in the form [registry]/[namespace]/[name]:[tag]@[digest]. This option takes precedence over --registry. Specifying digest is optional, but if it is given, 'build' and 'push' phases are disabled. ($FUNC_IMAGE)
2025-10-09T08:18:15.1669368Z   -n, --namespace string              Deploy into a specific namespace. Will use the function's current namespace by default if already deployed, and the currently active context if it can be determined. ($FUNC_NAMESPACE) (default "func")
2025-10-09T08:18:15.1671221Z   -p, --path string                   Path to the function.  Default is current directory ($FUNC_PATH)
2025-10-09T08:18:15.1672365Z       --platform string               Optionally specify a specific platform to build for (e.g. linux/amd64). ($FUNC_PLATFORM)
2025-10-09T08:18:15.1673439Z   -u, --push                          Push the function image to registry before deploying. ($FUNC_PUSH) (default true)
2025-10-09T08:18:15.1674813Z       --pvc-size string               When triggering a remote deployment, set a custom volume size to allocate for the build operation ($FUNC_PVC_SIZE)
2025-10-09T08:18:15.1676550Z   -r, --registry string               Container registry + registry namespace. (ex 'ghcr.io/myuser').  The full image name is automatically determined using this along with function name. ($FUNC_REGISTRY)
2025-10-09T08:18:15.1678378Z       --registry-insecure             Skip TLS certificate verification when communicating in HTTPS with the registry ($FUNC_REGISTRY_INSECURE)
2025-10-09T08:18:15.1679649Z   -R, --remote                        Trigger a remote deployment. Default is to deploy and build from the local system ($FUNC_REMOTE)
2025-10-09T08:18:15.1681668Z       --remote-storage-class string   Specify a storage class to use for the volume on-cluster during remote builds
2025-10-09T08:18:15.1683185Z       --service-account string        Service account to be used in the deployed function ($FUNC_SERVICE_ACCOUNT)
2025-10-09T08:18:15.1684000Z   -v, --verbose                       Print verbose logs ($FUNC_VERBOSE)
2025-10-09T08:18:15.1684339Z 
2025-10-09T08:18:15.1685263Z Error: could not parse reference: example.com/mynamespace/myfunction@sha256:7d66645b0add6de7af77ef332ecd4728649a2f03b9a2716422a054805b595c4eX
2025-10-09T08:18:15.1686153Z Usage:
2025-10-09T08:18:15.1686366Z   deploy [flags]
2025-10-09T08:18:15.1686518Z 
2025-10-09T08:18:15.1686599Z Flags:
2025-10-09T08:18:15.1687229Z       --base-image string             Override the base image for your function (host builder only)
2025-10-09T08:18:15.1688307Z       --build string[="true"]         Build the function. [auto|true|false]. ($FUNC_BUILD) (default "auto")
2025-10-09T08:18:15.1689560Z       --build-timestamp               Use the actual time as the created time for the docker image. This is only useful for buildpacks builder.
2025-10-09T08:18:15.1691000Z   -b, --builder string                Builder to use when creating the function's container. Currently supported builders are "host", "pack" and "s2i". (default "pack")
2025-10-09T08:18:15.1692603Z       --builder-image string          Specify a custom builder image for use by the builder other than its default. ($FUNC_BUILDER_IMAGE)
2025-10-09T08:18:15.1693612Z   -c, --confirm                       Prompt to confirm options interactively ($FUNC_CONFIRM)
2025-10-09T08:18:15.1695073Z       --domain string                 Domain to use for the function's route.  Cluster must be configured with domain matching for the given domain (ignored if unrecognized) ($FUNC_DOMAIN)
2025-10-09T08:18:15.1697215Z   -e, --env stringArray               Environment variable to set in the form NAME=VALUE. You may provide this flag multiple times for setting multiple environment variables. To unset, specify the environment variable name followed by a "-" (e.g., NAME-).
2025-10-09T08:18:15.1698991Z   -t, --git-branch string             Git revision (branch) to be used when deploying via the Git repository ($FUNC_GIT_BRANCH)
2025-10-09T08:18:15.1700152Z   -d, --git-dir string                Directory in the Git repository containing the function (default is the root) ($FUNC_GIT_DIR)
2025-10-09T08:18:15.1701511Z   -g, --git-url string                Repository url containing the function to build ($FUNC_GIT_URL)
2025-10-09T08:18:15.1702162Z   -h, --help                          help for deploy
2025-10-09T08:18:15.1703674Z   -i, --image string                  Full image name in the form [registry]/[namespace]/[name]:[tag]@[digest]. This option takes precedence over --registry. Specifying digest is optional, but if it is given, 'build' and 'push' phases are disabled. ($FUNC_IMAGE)
2025-10-09T08:18:15.1706041Z   -n, --namespace string              Deploy into a specific namespace. Will use the function's current namespace by default if already deployed, and the currently active context if it can be determined. ($FUNC_NAMESPACE) (default "func")
2025-10-09T08:18:15.1707544Z   -p, --path string                   Path to the function.  Default is current directory ($FUNC_PATH)
2025-10-09T08:18:15.1708675Z       --platform string               Optionally specify a specific platform to build for (e.g. linux/amd64). ($FUNC_PLATFORM)
2025-10-09T08:18:15.1709746Z   -u, --push                          Push the function image to registry before deploying. ($FUNC_PUSH) (default true)
2025-10-09T08:18:15.1711554Z       --pvc-size string               When triggering a remote deployment, set a custom volume size to allocate for the build operation ($FUNC_PVC_SIZE)
2025-10-09T08:18:15.1713249Z   -r, --registry string               Container registry + registry namespace. (ex 'ghcr.io/myuser').  The full image name is automatically determined using this along with function name. ($FUNC_REGISTRY)
2025-10-09T08:18:15.1715296Z       --registry-insecure             Skip TLS certificate verification when communicating in HTTPS with the registry ($FUNC_REGISTRY_INSECURE)
2025-10-09T08:18:15.1716551Z   -R, --remote                        Trigger a remote deployment. Default is to deploy and build from the local system ($FUNC_REMOTE)
2025-10-09T08:18:15.1717770Z       --remote-storage-class string   Specify a storage class to use for the volume on-cluster during remote builds
2025-10-09T08:18:15.1719169Z       --service-account string        Service account to be used in the deployed function ($FUNC_SERVICE_ACCOUNT)
2025-10-09T08:18:15.1719973Z   -v, --verbose                       Print verbose logs ($FUNC_VERBOSE)
2025-10-09T08:18:15.1720300Z 
2025-10-09T08:18:15.1721394Z Deploying image 'example.com/username@sha256:e3b0c44298fc1c149afbf4c8996fb92427ae41e4649b934ca495991b7852b855', which has a digest. Build and push are disabled.
2025-10-09T08:18:15.1722443Z Building function image
2025-10-09T08:18:15.1722800Z Function built: image.example.com/alice/f:latest
2025-10-09T08:18:15.1723187Z Building function image
2025-10-09T08:18:15.1723544Z Function built: image.example.com/clarance/f:latest
2025-10-09T08:18:15.1723939Z Building function image
2025-10-09T08:18:15.1724253Z Function built: image.example.com/dominik/f
2025-10-09T08:18:15.1724617Z Building function image
2025-10-09T08:18:15.1725216Z Error: cannot determine function image: could not parse reference: foo/bar/invald/myfunc/myFunc:latest
2025-10-09T08:18:15.1725845Z Usage:
2025-10-09T08:18:15.1726056Z   deploy [flags]
2025-10-09T08:18:15.1726282Z 
2025-10-09T08:18:15.1726361Z Flags:
2025-10-09T08:18:15.1726977Z       --base-image string             Override the base image for your function (host builder only)
2025-10-09T08:18:15.1727977Z       --build string[="true"]         Build the function. [auto|true|false]. ($FUNC_BUILD) (default "auto")
2025-10-09T08:18:15.1729216Z       --build-timestamp               Use the actual time as the created time for the docker image. This is only useful for buildpacks builder.
2025-10-09T08:18:15.1730638Z   -b, --builder string                Builder to use when creating the function's container. Currently supported builders are "host", "pack" and "s2i". (default "pack")
2025-10-09T08:18:15.1732196Z       --builder-image string          Specify a custom builder image for use by the builder other than its default. ($FUNC_BUILDER_IMAGE)
2025-10-09T08:18:15.1733178Z   -c, --confirm                       Prompt to confirm options interactively ($FUNC_CONFIRM)
2025-10-09T08:18:15.1734658Z       --domain string                 Domain to use for the function's route.  Cluster must be configured with domain matching for the given domain (ignored if unrecognized) ($FUNC_DOMAIN)
2025-10-09T08:18:15.1736829Z   -e, --env stringArray               Environment variable to set in the form NAME=VALUE. You may provide this flag multiple times for setting multiple environment variables. To unset, specify the environment variable name followed by a "-" (e.g., NAME-).
2025-10-09T08:18:15.1738599Z   -t, --git-branch string             Git revision (branch) to be used when deploying via the Git repository ($FUNC_GIT_BRANCH)
2025-10-09T08:18:15.1739744Z   -d, --git-dir string                Directory in the Git repository containing the function (default is the root) ($FUNC_GIT_DIR)
2025-10-09T08:18:15.1740758Z   -g, --git-url string                Repository url containing the function to build ($FUNC_GIT_URL)
2025-10-09T08:18:15.1741656Z   -h, --help                          help for deploy
2025-10-09T08:18:15.1743165Z   -i, --image string                  Full image name in the form [registry]/[namespace]/[name]:[tag]@[digest]. This option takes precedence over --registry. Specifying digest is optional, but if it is given, 'build' and 'push' phases are disabled. ($FUNC_IMAGE)
2025-10-09T08:18:15.1745522Z   -n, --namespace string              Deploy into a specific namespace. Will use the function's current namespace by default if already deployed, and the currently active context if it can be determined. ($FUNC_NAMESPACE) (default "func")
2025-10-09T08:18:15.1747252Z   -p, --path string                   Path to the function.  Default is current directory ($FUNC_PATH)
2025-10-09T08:18:15.1748393Z       --platform string               Optionally specify a specific platform to build for (e.g. linux/amd64). ($FUNC_PLATFORM)
2025-10-09T08:18:15.1749694Z   -u, --push                          Push the function image to registry before deploying. ($FUNC_PUSH) (default true)
2025-10-09T08:18:15.1751032Z       --pvc-size string               When triggering a remote deployment, set a custom volume size to allocate for the build operation ($FUNC_PVC_SIZE)
2025-10-09T08:18:15.1752729Z   -r, --registry string               Container registry + registry namespace. (ex 'ghcr.io/myuser').  The full image name is automatically determined using this along with function name. ($FUNC_REGISTRY)
2025-10-09T08:18:15.1754522Z       --registry-insecure             Skip TLS certificate verification when communicating in HTTPS with the registry ($FUNC_REGISTRY_INSECURE)
2025-10-09T08:18:15.1755784Z   -R, --remote                        Trigger a remote deployment. Default is to deploy and build from the local system ($FUNC_REMOTE)
2025-10-09T08:18:15.1757031Z       --remote-storage-class string   Specify a storage class to use for the volume on-cluster during remote builds
2025-10-09T08:18:15.1758233Z       --service-account string        Service account to be used in the deployed function ($FUNC_SERVICE_ACCOUNT)
2025-10-09T08:18:15.1759018Z   -v, --verbose                       Print verbose logs ($FUNC_VERBOSE)
2025-10-09T08:18:15.1759359Z 
2025-10-09T08:18:15.1759480Z Building function image
2025-10-09T08:18:15.1759796Z Function built: example.com/alice/002:latest
2025-10-09T08:18:15.1760674Z Info: chosen namespace has changed from 'func' to 'newnamespace'. Undeploying function from 'func' and deploying new in 'newnamespace'.
2025-10-09T08:18:15.1762204Z Warning: namespace chosen is 'newnamespace', but currently active namespace is 'func'. Continuing with deployment to 'newnamespace'.
2025-10-09T08:18:15.1763089Z function up-to-date. Force rebuild with --build
2025-10-09T08:18:15.1763975Z Warning: namespace chosen is 'newnamespace', but currently active namespace is 'func'. Continuing with deployment to 'newnamespace'.
2025-10-09T08:18:15.1764870Z function up-to-date. Force rebuild with --build
2025-10-09T08:18:15.1765913Z Info: chosen namespace has changed from 'newnamespace' to 'thirdnamespace'. Undeploying function from 'newnamespace' and deploying new in 'thirdnamespace'.
2025-10-09T08:18:15.1767366Z Warning: namespace chosen is 'thirdnamespace', but currently active namespace is 'func'. Continuing with deployment to 'thirdnamespace'.
2025-10-09T08:18:15.1768255Z function up-to-date. Force rebuild with --build
2025-10-09T08:18:15.1768684Z Building function image
2025-10-09T08:18:15.1769002Z Function built: example.com/alice/002:latest
2025-10-09T08:18:15.1769371Z Building function image
2025-10-09T08:18:15.1769671Z Function built: example.com/alice/002:latest
2025-10-09T08:18:15.1770043Z Building function image
2025-10-09T08:18:15.1770405Z Function built: example.com/alice/002:latest
2025-10-09T08:18:15.1771273Z Warning: namespace chosen is 'testnamespace', but currently active namespace is 'func'. Continuing with deployment to 'testnamespace'.
2025-10-09T08:18:15.1772085Z Building function image
2025-10-09T08:18:15.1772401Z Function built: example.com/alice/002:latest
2025-10-09T08:18:15.1773264Z Warning: namespace chosen is 'testnamespace', but currently active namespace is 'func'. Continuing with deployment to 'testnamespace'.
2025-10-09T08:18:15.1774139Z function up-to-date. Force rebuild with --build
2025-10-09T08:18:15.1774961Z Warning: namespace chosen is 'myfuncns', but currently active namespace is 'func'. Continuing with deployment to 'myfuncns'.
2025-10-09T08:18:15.1775731Z Function Deployed at 
2025-10-09T08:18:15.1776294Z Function Deployed at 
2025-10-09T08:18:15.1776570Z Building function image
2025-10-09T08:18:15.1776929Z Function built: registry.example.com/alice/f:latest
2025-10-09T08:18:15.1777338Z Building function image
2025-10-09T08:18:15.1777696Z Function built: registry.example.com/charlie/f:latest
2025-10-09T08:18:15.1778122Z Building function image
2025-10-09T08:18:15.1778461Z Function built: registry.example.com/charlie/f:latest
2025-10-09T08:18:15.1778864Z Building function image
2025-10-09T08:18:15.1779367Z Function built: example.com/alice/my-func:latest
2025-10-09T08:18:15.1779770Z Building function image
2025-10-09T08:18:15.1780411Z Error: registry required to build function, please set with `--registry` or the FUNC_REGISTRY environment variable
2025-10-09T08:18:15.1781102Z Usage:
2025-10-09T08:18:15.1781323Z   deploy [flags]
2025-10-09T08:18:15.1784366Z 
2025-10-09T08:18:15.1784471Z Flags:
2025-10-09T08:18:15.1785159Z       --base-image string             Override the base image for your function (host builder only)
2025-10-09T08:18:15.1786190Z       --build string[="true"]         Build the function. [auto|true|false]. ($FUNC_BUILD) (default "auto")
2025-10-09T08:18:15.1787443Z       --build-timestamp               Use the actual time as the created time for the docker image. This is only useful for buildpacks builder.
2025-10-09T08:18:15.1788946Z   -b, --builder string                Builder to use when creating the function's container. Currently supported builders are "host", "pack" and "s2i". (default "pack")
2025-10-09T08:18:15.1790495Z       --builder-image string          Specify a custom builder image for use by the builder other than its default. ($FUNC_BUILDER_IMAGE)
2025-10-09T08:18:15.1791471Z   -c, --confirm                       Prompt to confirm options interactively ($FUNC_CONFIRM)
2025-10-09T08:18:15.1792937Z       --domain string                 Domain to use for the function's route.  Cluster must be configured with domain matching for the given domain (ignored if unrecognized) ($FUNC_DOMAIN)
2025-10-09T08:18:15.1795078Z   -e, --env stringArray               Environment variable to set in the form NAME=VALUE. You may provide this flag multiple times for setting multiple environment variables. To unset, specify the environment variable name followed by a "-" (e.g., NAME-).
2025-10-09T08:18:15.1796875Z   -t, --git-branch string             Git revision (branch) to be used when deploying via the Git repository ($FUNC_GIT_BRANCH)
2025-10-09T08:18:15.1798018Z   -d, --git-dir string                Directory in the Git repository containing the function (default is the root) ($FUNC_GIT_DIR)
2025-10-09T08:18:15.1799026Z   -g, --git-url string                Repository url containing the function to build ($FUNC_GIT_URL)
2025-10-09T08:18:15.1799647Z   -h, --help                          help for deploy
2025-10-09T08:18:15.1801120Z   -i, --image string                  Full image name in the form [registry]/[namespace]/[name]:[tag]@[digest]. This option takes precedence over --registry. Specifying digest is optional, but if it is given, 'build' and 'push' phases are disabled. ($FUNC_IMAGE)
2025-10-09T08:18:15.1803727Z   -n, --namespace string              Deploy into a specific namespace. Will use the function's current namespace by default if already deployed, and the currently active context if it can be determined. ($FUNC_NAMESPACE) (default "func")
2025-10-09T08:18:15.1805271Z   -p, --path string                   Path to the function.  Default is current directory ($FUNC_PATH)
2025-10-09T08:18:15.1806398Z       --platform string               Optionally specify a specific platform to build for (e.g. linux/amd64). ($FUNC_PLATFORM)
2025-10-09T08:18:15.1807422Z   -u, --push                          Push the function image to registry before deploying. ($FUNC_PUSH) (default true)
2025-10-09T08:18:15.1808790Z       --pvc-size string               When triggering a remote deployment, set a custom volume size to allocate for the build operation ($FUNC_PVC_SIZE)
2025-10-09T08:18:15.1810725Z   -r, --registry string               Container registry + registry namespace. (ex 'ghcr.io/myuser').  The full image name is automatically determined using this along with function name. ($FUNC_REGISTRY)
2025-10-09T08:18:15.1812533Z       --registry-insecure             Skip TLS certificate verification when communicating in HTTPS with the registry ($FUNC_REGISTRY_INSECURE)
2025-10-09T08:18:15.1813919Z   -R, --remote                        Trigger a remote deployment. Default is to deploy and build from the local system ($FUNC_REMOTE)
2025-10-09T08:18:15.1815158Z       --remote-storage-class string   Specify a storage class to use for the volume on-cluster during remote builds
2025-10-09T08:18:15.1816348Z       --service-account string        Service account to be used in the deployed function ($FUNC_SERVICE_ACCOUNT)
2025-10-09T08:18:15.1817151Z   -v, --verbose                       Print verbose logs ($FUNC_VERBOSE)
2025-10-09T08:18:15.1817480Z 
2025-10-09T08:18:15.1817600Z Building function image
2025-10-09T08:18:15.1817898Z Function built: example.com/alice/myfunc
2025-10-09T08:18:15.1818245Z Building function image
2025-10-09T08:18:15.1818543Z Function built: example.com/alice/002:latest
2025-10-09T08:18:15.1818956Z function up-to-date. Force rebuild with --build
2025-10-09T08:18:15.1819325Z Building function image
2025-10-09T08:18:15.1819636Z Function built: example.com/alice/002:latest
2025-10-09T08:18:15.1820443Z Error: git settings (--git-url --git-dir and --git-branch) are only applicable when triggering remote deployments (--remote)
2025-10-09T08:18:15.1821144Z Usage:
2025-10-09T08:18:15.1821363Z   deploy [flags]
2025-10-09T08:18:15.1821507Z 
2025-10-09T08:18:15.1821586Z Flags:
2025-10-09T08:18:15.1822535Z       --base-image string             Override the base image for your function (host builder only)
2025-10-09T08:18:15.1823508Z       --build string[="true"]         Build the function. [auto|true|false]. ($FUNC_BUILD) (default "auto")
2025-10-09T08:18:15.1824769Z       --build-timestamp               Use the actual time as the created time for the docker image. This is only useful for buildpacks builder.
2025-10-09T08:18:15.1826194Z   -b, --builder string                Builder to use when creating the function's container. Currently supported builders are "host", "pack" and "s2i". (default "pack")
2025-10-09T08:18:15.1827767Z       --builder-image string          Specify a custom builder image for use by the builder other than its default. ($FUNC_BUILDER_IMAGE)
2025-10-09T08:18:15.1828728Z   -c, --confirm                       Prompt to confirm options interactively ($FUNC_CONFIRM)
2025-10-09T08:18:15.1830213Z       --domain string                 Domain to use for the function's route.  Cluster must be configured with domain matching for the given domain (ignored if unrecognized) ($FUNC_DOMAIN)
2025-10-09T08:18:15.1832337Z   -e, --env stringArray               Environment variable to set in the form NAME=VALUE. You may provide this flag multiple times for setting multiple environment variables. To unset, specify the environment variable name followed by a "-" (e.g., NAME-).
2025-10-09T08:18:15.1834106Z   -t, --git-branch string             Git revision (branch) to be used when deploying via the Git repository ($FUNC_GIT_BRANCH)
2025-10-09T08:18:15.1835250Z   -d, --git-dir string                Directory in the Git repository containing the function (default is the root) ($FUNC_GIT_DIR)
2025-10-09T08:18:15.1836263Z   -g, --git-url string                Repository url containing the function to build ($FUNC_GIT_URL)
2025-10-09T08:18:15.1836912Z   -h, --help                          help for deploy
2025-10-09T08:18:15.1838412Z   -i, --image string                  Full image name in the form [registry]/[namespace]/[name]:[tag]@[digest]. This option takes precedence over --registry. Specifying digest is optional, but if it is given, 'build' and 'push' phases are disabled. ($FUNC_IMAGE)
2025-10-09T08:18:15.1841668Z   -n, --namespace string              Deploy into a specific namespace. Will use the function's current namespace by default if already deployed, and the currently active context if it can be determined. ($FUNC_NAMESPACE) (default "func")
2025-10-09T08:18:15.1843687Z   -p, --path string                   Path to the function.  Default is current directory ($FUNC_PATH)
2025-10-09T08:18:15.1844968Z       --platform string               Optionally specify a specific platform to build for (e.g. linux/amd64). ($FUNC_PLATFORM)
2025-10-09T08:18:15.1846314Z   -u, --push                          Push the function image to registry before deploying. ($FUNC_PUSH) (default true)
2025-10-09T08:18:15.1847852Z       --pvc-size string               When triggering a remote deployment, set a custom volume size to allocate for the build operation ($FUNC_PVC_SIZE)
2025-10-09T08:18:15.1849778Z   -r, --registry string               Container registry + registry namespace. (ex 'ghcr.io/myuser').  The full image name is automatically determined using this along with function name. ($FUNC_REGISTRY)
2025-10-09T08:18:15.1851842Z       --registry-insecure             Skip TLS certificate verification when communicating in HTTPS with the registry ($FUNC_REGISTRY_INSECURE)
2025-10-09T08:18:15.1853263Z   -R, --remote                        Trigger a remote deployment. Default is to deploy and build from the local system ($FUNC_REMOTE)
2025-10-09T08:18:15.1854671Z       --remote-storage-class string   Specify a storage class to use for the volume on-cluster during remote builds
2025-10-09T08:18:15.1856031Z       --service-account string        Service account to be used in the deployed function ($FUNC_SERVICE_ACCOUNT)
2025-10-09T08:18:15.1856925Z   -v, --verbose                       Print verbose logs ($FUNC_VERBOSE)
2025-10-09T08:18:15.1857303Z 
2025-10-09T08:18:15.1857424Z Building function image
2025-10-09T08:18:15.1857794Z Function built: example.com/alice/002:latest
2025-10-09T08:18:15.1858669Z Error: git settings (--git-url --git-dir and --git-branch) are only applicable when triggering remote deployments (--remote)
2025-10-09T08:18:15.1859828Z Usage:
2025-10-09T08:18:15.1860073Z   deploy [flags]
2025-10-09T08:18:15.1860246Z 
2025-10-09T08:18:15.1860332Z Flags:
2025-10-09T08:18:15.1861029Z       --base-image string             Override the base image for your function (host builder only)
2025-10-09T08:18:15.1862166Z       --build string[="true"]         Build the function. [auto|true|false]. ($FUNC_BUILD) (default "auto")
2025-10-09T08:18:15.1863592Z       --build-timestamp               Use the actual time as the created time for the docker image. This is only useful for buildpacks builder.
2025-10-09T08:18:15.1865215Z   -b, --builder string                Builder to use when creating the function's container. Currently supported builders are "host", "pack" and "s2i". (default "pack")
2025-10-09T08:18:15.1866986Z       --builder-image string          Specify a custom builder image for use by the builder other than its default. ($FUNC_BUILDER_IMAGE)
2025-10-09T08:18:15.1868098Z   -c, --confirm                       Prompt to confirm options interactively ($FUNC_CONFIRM)
2025-10-09T08:18:15.1869759Z       --domain string                 Domain to use for the function's route.  Cluster must be configured with domain matching for the given domain (ignored if unrecognized) ($FUNC_DOMAIN)
2025-10-09T08:18:15.1872255Z   -e, --env stringArray               Environment variable to set in the form NAME=VALUE. You may provide this flag multiple times for setting multiple environment variables. To unset, specify the environment variable name followed by a "-" (e.g., NAME-).
2025-10-09T08:18:15.1874275Z   -t, --git-branch string             Git revision (branch) to be used when deploying via the Git repository ($FUNC_GIT_BRANCH)
2025-10-09T08:18:15.1875586Z   -d, --git-dir string                Directory in the Git repository containing the function (default is the root) ($FUNC_GIT_DIR)
2025-10-09T08:18:15.1876743Z   -g, --git-url string                Repository url containing the function to build ($FUNC_GIT_URL)
2025-10-09T08:18:15.1877718Z   -h, --help                          help for deploy
2025-10-09T08:18:15.1879784Z   -i, --image string                  Full image name in the form [registry]/[namespace]/[name]:[tag]@[digest]. This option takes precedence over --registry. Specifying digest is optional, but if it is given, 'build' and 'push' phases are disabled. ($FUNC_IMAGE)
2025-10-09T08:18:15.1882675Z   -n, --namespace string              Deploy into a specific namespace. Will use the function's current namespace by default if already deployed, and the currently active context if it can be determined. ($FUNC_NAMESPACE) (default "func")
2025-10-09T08:18:15.1884395Z   -p, --path string                   Path to the function.  Default is current directory ($FUNC_PATH)
2025-10-09T08:18:15.1886069Z       --platform string               Optionally specify a specific platform to build for (e.g. linux/amd64). ($FUNC_PLATFORM)
2025-10-09T08:18:15.1887264Z   -u, --push                          Push the function image to registry before deploying. ($FUNC_PUSH) (default true)
2025-10-09T08:18:15.1888778Z       --pvc-size string               When triggering a remote deployment, set a custom volume size to allocate for the build operation ($FUNC_PVC_SIZE)
2025-10-09T08:18:15.1890705Z   -r, --registry string               Container registry + registry namespace. (ex 'ghcr.io/myuser').  The full image name is automatically determined using this along with function name. ($FUNC_REGISTRY)
2025-10-09T08:18:15.1892772Z       --registry-insecure             Skip TLS certificate verification when communicating in HTTPS with the registry ($FUNC_REGISTRY_INSECURE)
2025-10-09T08:18:15.1894197Z   -R, --remote                        Trigger a remote deployment. Default is to deploy and build from the local system ($FUNC_REMOTE)
2025-10-09T08:18:15.1895607Z       --remote-storage-class string   Specify a storage class to use for the volume on-cluster during remote builds
2025-10-09T08:18:15.1896975Z       --service-account string        Service account to be used in the deployed function ($FUNC_SERVICE_ACCOUNT)
2025-10-09T08:18:15.1897881Z   -v, --verbose                       Print verbose logs ($FUNC_VERBOSE)
2025-10-09T08:18:15.1898247Z 
2025-10-09T08:18:15.1898362Z Error: not built
2025-10-09T08:18:15.1898613Z Usage:
2025-10-09T08:18:15.1898860Z   deploy [flags]
2025-10-09T08:18:15.1899024Z 
2025-10-09T08:18:15.1899109Z Flags:
2025-10-09T08:18:15.1899823Z       --base-image string             Override the base image for your function (host builder only)
2025-10-09T08:18:15.1900983Z       --build string[="true"]         Build the function. [auto|true|false]. ($FUNC_BUILD) (default "auto")
2025-10-09T08:18:15.1902413Z       --build-timestamp               Use the actual time as the created time for the docker image. This is only useful for buildpacks builder.
2025-10-09T08:18:15.1904042Z   -b, --builder string                Builder to use when creating the function's container. Currently supported builders are "host", "pack" and "s2i". (default "pack")
2025-10-09T08:18:15.1906073Z       --builder-image string          Specify a custom builder image for use by the builder other than its default. ($FUNC_BUILDER_IMAGE)
2025-10-09T08:18:15.1907197Z   -c, --confirm                       Prompt to confirm options interactively ($FUNC_CONFIRM)
2025-10-09T08:18:15.1908854Z       --domain string                 Domain to use for the function's route.  Cluster must be configured with domain matching for the given domain (ignored if unrecognized) ($FUNC_DOMAIN)
2025-10-09T08:18:15.1911294Z   -e, --env stringArray               Environment variable to set in the form NAME=VALUE. You may provide this flag multiple times for setting multiple environment variables. To unset, specify the environment variable name followed by a "-" (e.g., NAME-).
2025-10-09T08:18:15.1913296Z   -t, --git-branch string             Git revision (branch) to be used when deploying via the Git repository ($FUNC_GIT_BRANCH)
2025-10-09T08:18:15.1914809Z   -d, --git-dir string                Directory in the Git repository containing the function (default is the root) ($FUNC_GIT_DIR)
2025-10-09T08:18:15.1915939Z   -g, --git-url string                Repository url containing the function to build ($FUNC_GIT_URL)
2025-10-09T08:18:15.1916674Z   -h, --help                          help for deploy
2025-10-09T08:18:15.1918425Z   -i, --image string                  Full image name in the form [registry]/[namespace]/[name]:[tag]@[digest]. This option takes precedence over --registry. Specifying digest is optional, but if it is given, 'build' and 'push' phases are disabled. ($FUNC_IMAGE)
2025-10-09T08:18:15.1921338Z   -n, --namespace string              Deploy into a specific namespace. Will use the function's current namespace by default if already deployed, and the currently active context if it can be determined. ($FUNC_NAMESPACE) (default "func")
2025-10-09T08:18:15.1923108Z   -p, --path string                   Path to the function.  Default is current directory ($FUNC_PATH)
2025-10-09T08:18:15.1924413Z       --platform string               Optionally specify a specific platform to build for (e.g. linux/amd64). ($FUNC_PLATFORM)
2025-10-09T08:18:15.1925975Z   -u, --push                          Push the function image to registry before deploying. ($FUNC_PUSH) (default true)
2025-10-09T08:18:15.1927524Z       --pvc-size string               When triggering a remote deployment, set a custom volume size to allocate for the build operation ($FUNC_PVC_SIZE)
2025-10-09T08:18:15.1929322Z   -r, --registry string               Container registry + registry namespace. (ex 'ghcr.io/myuser').  The full image name is automatically determined using this along with function name. ($FUNC_REGISTRY)
2025-10-09T08:18:15.1931375Z       --registry-insecure             Skip TLS certificate verification when communicating in HTTPS with the registry ($FUNC_REGISTRY_INSECURE)
2025-10-09T08:18:15.1932778Z   -R, --remote                        Trigger a remote deployment. Default is to deploy and build from the local system ($FUNC_REMOTE)
2025-10-09T08:18:15.1934130Z       --remote-storage-class string   Specify a storage class to use for the volume on-cluster during remote builds
2025-10-09T08:18:15.1935510Z       --service-account string        Service account to be used in the deployed function ($FUNC_SERVICE_ACCOUNT)
2025-10-09T08:18:15.1936408Z   -v, --verbose                       Print verbose logs ($FUNC_VERBOSE)
2025-10-09T08:18:15.1936795Z 
2025-10-09T08:18:15.1937373Z Error: git settings (--git-url --git-dir and --git-branch) are only applicable when triggering remote deployments (--remote)
2025-10-09T08:18:15.1938142Z Usage:
2025-10-09T08:18:15.1938382Z   deploy [flags]
2025-10-09T08:18:15.1938547Z 
2025-10-09T08:18:15.1938638Z Flags:
2025-10-09T08:18:15.1939320Z       --base-image string             Override the base image for your function (host builder only)
2025-10-09T08:18:15.1940457Z       --build string[="true"]         Build the function. [auto|true|false]. ($FUNC_BUILD) (default "auto")
2025-10-09T08:18:15.1942338Z       --build-timestamp               Use the actual time as the created time for the docker image. This is only useful for buildpacks builder.
2025-10-09T08:18:15.1943944Z   -b, --builder string                Builder to use when creating the function's container. Currently supported builders are "host", "pack" and "s2i". (default "pack")
2025-10-09T08:18:15.1945690Z       --builder-image string          Specify a custom builder image for use by the builder other than its default. ($FUNC_BUILDER_IMAGE)
2025-10-09T08:18:15.1946779Z   -c, --confirm                       Prompt to confirm options interactively ($FUNC_CONFIRM)
2025-10-09T08:18:15.1948925Z       --domain string                 Domain to use for the function's route.  Cluster must be configured with domain matching for the given domain (ignored if unrecognized) ($FUNC_DOMAIN)
2025-10-09T08:18:15.1951332Z   -e, --env stringArray               Environment variable to set in the form NAME=VALUE. You may provide this flag multiple times for setting multiple environment variables. To unset, specify the environment variable name followed by a "-" (e.g., NAME-).
2025-10-09T08:18:15.1954475Z   -t, --git-branch string             Git revision (branch) to be used when deploying via the Git repository ($FUNC_GIT_BRANCH)
2025-10-09T08:18:15.1955883Z   -d, --git-dir string                Directory in the Git repository containing the function (default is the root) ($FUNC_GIT_DIR)
2025-10-09T08:18:15.1957003Z   -g, --git-url string                Repository url containing the function to build ($FUNC_GIT_URL)
2025-10-09T08:18:15.1957712Z   -h, --help                          help for deploy
2025-10-09T08:18:15.1959411Z   -i, --image string                  Full image name in the form [registry]/[namespace]/[name]:[tag]@[digest]. This option takes precedence over --registry. Specifying digest is optional, but if it is given, 'build' and 'push' phases are disabled. ($FUNC_IMAGE)
2025-10-09T08:18:15.1962246Z   -n, --namespace string              Deploy into a specific namespace. Will use the function's current namespace by default if already deployed, and the currently active context if it can be determined. ($FUNC_NAMESPACE) (default "func")
2025-10-09T08:18:15.1963937Z   -p, --path string                   Path to the function.  Default is current directory ($FUNC_PATH)
2025-10-09T08:18:15.1965219Z       --platform string               Optionally specify a specific platform to build for (e.g. linux/amd64). ($FUNC_PLATFORM)
2025-10-09T08:18:15.1966735Z   -u, --push                          Push the function image to registry before deploying. ($FUNC_PUSH) (default true)
2025-10-09T08:18:15.1968242Z       --pvc-size string               When triggering a remote deployment, set a custom volume size to allocate for the build operation ($FUNC_PVC_SIZE)
2025-10-09T08:18:15.1970126Z   -r, --registry string               Container registry + registry namespace. (ex 'ghcr.io/myuser').  The full image name is automatically determined using this along with function name. ($FUNC_REGISTRY)
2025-10-09T08:18:15.1972205Z       --registry-insecure             Skip TLS certificate verification when communicating in HTTPS with the registry ($FUNC_REGISTRY_INSECURE)
2025-10-09T08:18:15.1973607Z   -R, --remote                        Trigger a remote deployment. Default is to deploy and build from the local system ($FUNC_REMOTE)
2025-10-09T08:18:15.1974987Z       --remote-storage-class string   Specify a storage class to use for the volume on-cluster during remote builds
2025-10-09T08:18:15.1976336Z       --service-account string        Service account to be used in the deployed function ($FUNC_SERVICE_ACCOUNT)
2025-10-09T08:18:15.1977212Z   -v, --verbose                       Print verbose logs ($FUNC_VERBOSE)
2025-10-09T08:18:15.1977582Z 
2025-10-09T08:18:15.1977716Z Building function image
2025-10-09T08:18:15.1978075Z Function built: example.com/alice/002:latest
2025-10-09T08:18:15.1978943Z Error: git settings (--git-url --git-dir and --git-branch) are only applicable when triggering remote deployments (--remote)
2025-10-09T08:18:15.1979726Z Usage:
2025-10-09T08:18:15.1979965Z   deploy [flags]
2025-10-09T08:18:15.1980125Z 
2025-10-09T08:18:15.1980209Z Flags:
2025-10-09T08:18:15.1980906Z       --base-image string             Override the base image for your function (host builder only)
2025-10-09T08:18:15.1982025Z       --build string[="true"]         Build the function. [auto|true|false]. ($FUNC_BUILD) (default "auto")
2025-10-09T08:18:15.1983432Z       --build-timestamp               Use the actual time as the created time for the docker image. This is only useful for buildpacks builder.
2025-10-09T08:18:15.1985029Z   -b, --builder string                Builder to use when creating the function's container. Currently supported builders are "host", "pack" and "s2i". (default "pack")
2025-10-09T08:18:15.1986975Z       --builder-image string          Specify a custom builder image for use by the builder other than its default. ($FUNC_BUILDER_IMAGE)
2025-10-09T08:18:15.1988236Z   -c, --confirm                       Prompt to confirm options interactively ($FUNC_CONFIRM)
2025-10-09T08:18:15.1989864Z       --domain string                 Domain to use for the function's route.  Cluster must be configured with domain matching for the given domain (ignored if unrecognized) ($FUNC_DOMAIN)
2025-10-09T08:18:15.1992371Z   -e, --env stringArray               Environment variable to set in the form NAME=VALUE. You may provide this flag multiple times for setting multiple environment variables. To unset, specify the environment variable name followed by a "-" (e.g., NAME-).
2025-10-09T08:18:15.1994338Z   -t, --git-branch string             Git revision (branch) to be used when deploying via the Git repository ($FUNC_GIT_BRANCH)
2025-10-09T08:18:15.1995602Z   -d, --git-dir string                Directory in the Git repository containing the function (default is the root) ($FUNC_GIT_DIR)
2025-10-09T08:18:15.1996714Z   -g, --git-url string                Repository url containing the function to build ($FUNC_GIT_URL)
2025-10-09T08:18:15.1998250Z   -h, --help                          help for deploy
2025-10-09T08:18:15.1999972Z   -i, --image string                  Full image name in the form [registry]/[namespace]/[name]:[tag]@[digest]. This option takes precedence over --registry. Specifying digest is optional, but if it is given, 'build' and 'push' phases are disabled. ($FUNC_IMAGE)
2025-10-09T08:18:15.2002608Z   -n, --namespace string              Deploy into a specific namespace. Will use the function's current namespace by default if already deployed, and the currently active context if it can be determined. ($FUNC_NAMESPACE) (default "func")
2025-10-09T08:18:15.2004292Z   -p, --path string                   Path to the function.  Default is current directory ($FUNC_PATH)
2025-10-09T08:18:15.2005554Z       --platform string               Optionally specify a specific platform to build for (e.g. linux/amd64). ($FUNC_PLATFORM)
2025-10-09T08:18:15.2006714Z   -u, --push                          Push the function image to registry before deploying. ($FUNC_PUSH) (default true)
2025-10-09T08:18:15.2008199Z       --pvc-size string               When triggering a remote deployment, set a custom volume size to allocate for the build operation ($FUNC_PVC_SIZE)
2025-10-09T08:18:15.2010090Z   -r, --registry string               Container registry + registry namespace. (ex 'ghcr.io/myuser').  The full image name is automatically determined using this along with function name. ($FUNC_REGISTRY)
2025-10-09T08:18:15.2012106Z       --registry-insecure             Skip TLS certificate verification when communicating in HTTPS with the registry ($FUNC_REGISTRY_INSECURE)
2025-10-09T08:18:15.2013500Z   -R, --remote                        Trigger a remote deployment. Default is to deploy and build from the local system ($FUNC_REMOTE)
2025-10-09T08:18:15.2014880Z       --remote-storage-class string   Specify a storage class to use for the volume on-cluster during remote builds
2025-10-09T08:18:15.2016226Z       --service-account string        Service account to be used in the deployed function ($FUNC_SERVICE_ACCOUNT)
2025-10-09T08:18:15.2017321Z   -v, --verbose                       Print verbose logs ($FUNC_VERBOSE)
2025-10-09T08:18:15.2017694Z 
2025-10-09T08:18:15.2017812Z Function Deployed at 
2025-10-09T08:18:15.2018110Z Function Deployed at 
2025-10-09T08:18:15.2018521Z Function Deployed at 
2025-10-09T08:18:15.2018890Z Function Deployed at 
2025-10-09T08:18:15.2019293Z Function Deployed at 
2025-10-09T08:18:15.2019720Z Function Deployed at 
2025-10-09T08:18:15.2020141Z Function Deployed at 
2025-10-09T08:18:15.2020503Z Function Deployed at 
2025-10-09T08:18:15.2020915Z Building function image
2025-10-09T08:18:15.2021356Z Function built: example.com/alice/002:latest
2025-10-09T08:18:15.2022345Z Error: git settings (--git-url --git-dir and --git-branch) are only applicable when triggering remote deployments (--remote)
2025-10-09T08:18:15.2023365Z Usage:
2025-10-09T08:18:15.2023749Z   deploy [flags]
2025-10-09T08:18:15.2023946Z 
2025-10-09T08:18:15.2024113Z Flags:
2025-10-09T08:18:15.2024861Z       --base-image string             Override the base image for your function (host builder only)
2025-10-09T08:18:15.2026129Z       --build string[="true"]         Build the function. [auto|true|false]. ($FUNC_BUILD) (default "auto")
2025-10-09T08:18:15.2027714Z       --build-timestamp               Use the actual time as the created time for the docker image. This is only useful for buildpacks builder.
2025-10-09T08:18:15.2029423Z   -b, --builder string                Builder to use when creating the function's container. Currently supported builders are "host", "pack" and "s2i". (default "pack")
2025-10-09T08:18:15.2031311Z       --builder-image string          Specify a custom builder image for use by the builder other than its default. ($FUNC_BUILDER_IMAGE)
2025-10-09T08:18:15.2032474Z   -c, --confirm                       Prompt to confirm options interactively ($FUNC_CONFIRM)
2025-10-09T08:18:15.2034214Z       --domain string                 Domain to use for the function's route.  Cluster must be configured with domain matching for the given domain (ignored if unrecognized) ($FUNC_DOMAIN)
2025-10-09T08:18:15.2036773Z   -e, --env stringArray               Environment variable to set in the form NAME=VALUE. You may provide this flag multiple times for setting multiple environment variables. To unset, specify the environment variable name followed by a "-" (e.g., NAME-).
2025-10-09T08:18:15.2039076Z   -t, --git-branch string             Git revision (branch) to be used when deploying via the Git repository ($FUNC_GIT_BRANCH)
2025-10-09T08:18:15.2040464Z   -d, --git-dir string                Directory in the Git repository containing the function (default is the root) ($FUNC_GIT_DIR)
2025-10-09T08:18:15.2041732Z   -g, --git-url string                Repository url containing the function to build ($FUNC_GIT_URL)
2025-10-09T08:18:15.2042942Z   -h, --help                          help for deploy
2025-10-09T08:18:15.2044736Z   -i, --image string                  Full image name in the form [registry]/[namespace]/[name]:[tag]@[digest]. This option takes precedence over --registry. Specifying digest is optional, but if it is given, 'build' and 'push' phases are disabled. ($FUNC_IMAGE)
2025-10-09T08:18:15.2047484Z   -n, --namespace string              Deploy into a specific namespace. Will use the function's current namespace by default if already deployed, and the currently active context if it can be determined. ($FUNC_NAMESPACE) (default "func")
2025-10-09T08:18:15.2063205Z   -p, --path string                   Path to the function.  Default is current directory ($FUNC_PATH)
2025-10-09T08:18:15.2064505Z       --platform string               Optionally specify a specific platform to build for (e.g. linux/amd64). ($FUNC_PLATFORM)
2025-10-09T08:18:15.2065671Z   -u, --push                          Push the function image to registry before deploying. ($FUNC_PUSH) (default true)
2025-10-09T08:18:15.2067200Z       --pvc-size string               When triggering a remote deployment, set a custom volume size to allocate for the build operation ($FUNC_PVC_SIZE)
2025-10-09T08:18:15.2069376Z   -r, --registry string               Container registry + registry namespace. (ex 'ghcr.io/myuser').  The full image name is automatically determined using this along with function name. ($FUNC_REGISTRY)
2025-10-09T08:18:15.2071458Z       --registry-insecure             Skip TLS certificate verification when communicating in HTTPS with the registry ($FUNC_REGISTRY_INSECURE)
2025-10-09T08:18:15.2072869Z   -R, --remote                        Trigger a remote deployment. Default is to deploy and build from the local system ($FUNC_REMOTE)
2025-10-09T08:18:15.2074253Z       --remote-storage-class string   Specify a storage class to use for the volume on-cluster during remote builds
2025-10-09T08:18:15.2075801Z       --service-account string        Service account to be used in the deployed function ($FUNC_SERVICE_ACCOUNT)
2025-10-09T08:18:15.2076689Z   -v, --verbose                       Print verbose logs ($FUNC_VERBOSE)
2025-10-09T08:18:15.2077058Z 
2025-10-09T08:18:15.2077182Z Building function image
2025-10-09T08:18:15.2077546Z Function built: example.com/alice/002:latest
2025-10-09T08:18:15.2079445Z Error: git settings (--git-url --git-dir and --git-branch) are only applicable when triggering remote deployments (--remote)
2025-10-09T08:18:15.2080314Z Usage:
2025-10-09T08:18:15.2080568Z   deploy [flags]
2025-10-09T08:18:15.2080745Z 
2025-10-09T08:18:15.2080834Z Flags:
2025-10-09T08:18:15.2081545Z       --base-image string             Override the base image for your function (host builder only)
2025-10-09T08:18:15.2082680Z       --build string[="true"]         Build the function. [auto|true|false]. ($FUNC_BUILD) (default "auto")
2025-10-09T08:18:15.2084094Z       --build-timestamp               Use the actual time as the created time for the docker image. This is only useful for buildpacks builder.
2025-10-09T08:18:15.2085690Z   -b, --builder string                Builder to use when creating the function's container. Currently supported builders are "host", "pack" and "s2i". (default "pack")
2025-10-09T08:18:15.2087422Z       --builder-image string          Specify a custom builder image for use by the builder other than its default. ($FUNC_BUILDER_IMAGE)
2025-10-09T08:18:15.2088794Z   -c, --confirm                       Prompt to confirm options interactively ($FUNC_CONFIRM)
2025-10-09T08:18:15.2090438Z       --domain string                 Domain to use for the function's route.  Cluster must be configured with domain matching for the given domain (ignored if unrecognized) ($FUNC_DOMAIN)
2025-10-09T08:18:15.2092836Z   -e, --env stringArray               Environment variable to set in the form NAME=VALUE. You may provide this flag multiple times for setting multiple environment variables. To unset, specify the environment variable name followed by a "-" (e.g., NAME-).
2025-10-09T08:18:15.2094817Z   -t, --git-branch string             Git revision (branch) to be used when deploying via the Git repository ($FUNC_GIT_BRANCH)
2025-10-09T08:18:15.2096087Z   -d, --git-dir string                Directory in the Git repository containing the function (default is the root) ($FUNC_GIT_DIR)
2025-10-09T08:18:15.2097209Z   -g, --git-url string                Repository url containing the function to build ($FUNC_GIT_URL)
2025-10-09T08:18:15.2097919Z   -h, --help                          help for deploy
2025-10-09T08:18:15.2099611Z   -i, --image string                  Full image name in the form [registry]/[namespace]/[name]:[tag]@[digest]. This option takes precedence over --registry. Specifying digest is optional, but if it is given, 'build' and 'push' phases are disabled. ($FUNC_IMAGE)
2025-10-09T08:18:15.2102241Z   -n, --namespace string              Deploy into a specific namespace. Will use the function's current namespace by default if already deployed, and the currently active context if it can be determined. ($FUNC_NAMESPACE) (default "func")
2025-10-09T08:18:15.2103936Z   -p, --path string                   Path to the function.  Default is current directory ($FUNC_PATH)
2025-10-09T08:18:15.2105199Z       --platform string               Optionally specify a specific platform to build for (e.g. linux/amd64). ($FUNC_PLATFORM)
2025-10-09T08:18:15.2106353Z   -u, --push                          Push the function image to registry before deploying. ($FUNC_PUSH) (default true)
2025-10-09T08:18:15.2107837Z       --pvc-size string               When triggering a remote deployment, set a custom volume size to allocate for the build operation ($FUNC_PVC_SIZE)
2025-10-09T08:18:15.2111048Z   -r, --registry string               Container registry + registry namespace. (ex 'ghcr.io/myuser').  The full image name is automatically determined using this along with function name. ($FUNC_REGISTRY)
2025-10-09T08:18:15.2113406Z       --registry-insecure             Skip TLS certificate verification when communicating in HTTPS with the registry ($FUNC_REGISTRY_INSECURE)
2025-10-09T08:18:15.2114863Z   -R, --remote                        Trigger a remote deployment. Default is to deploy and build from the local system ($FUNC_REMOTE)
2025-10-09T08:18:15.2116307Z       --remote-storage-class string   Specify a storage class to use for the volume on-cluster during remote builds
2025-10-09T08:18:15.2117855Z       --service-account string        Service account to be used in the deployed function ($FUNC_SERVICE_ACCOUNT)
2025-10-09T08:18:15.2118792Z   -v, --verbose                       Print verbose logs ($FUNC_VERBOSE)
2025-10-09T08:18:15.2119251Z 
2025-10-09T08:18:15.2119371Z Error: not built
2025-10-09T08:18:15.2119628Z Usage:
2025-10-09T08:18:15.2120192Z   deploy [flags]
2025-10-09T08:18:15.2120367Z 
2025-10-09T08:18:15.2120458Z Flags:
2025-10-09T08:18:15.2121182Z       --base-image string             Override the base image for your function (host builder only)
2025-10-09T08:18:15.2122337Z       --build string[="true"]         Build the function. [auto|true|false]. ($FUNC_BUILD) (default "auto")
2025-10-09T08:18:15.2123789Z       --build-timestamp               Use the actual time as the created time for the docker image. This is only useful for buildpacks builder.
2025-10-09T08:18:15.2125455Z   -b, --builder string                Builder to use when creating the function's container. Currently supported builders are "host", "pack" and "s2i". (default "pack")
2025-10-09T08:18:15.2127233Z       --builder-image string          Specify a custom builder image for use by the builder other than its default. ($FUNC_BUILDER_IMAGE)
2025-10-09T08:18:15.2128355Z   -c, --confirm                       Prompt to confirm options interactively ($FUNC_CONFIRM)
2025-10-09T08:18:15.2130035Z       --domain string                 Domain to use for the function's route.  Cluster must be configured with domain matching for the given domain (ignored if unrecognized) ($FUNC_DOMAIN)
2025-10-09T08:18:15.2132498Z   -e, --env stringArray               Environment variable to set in the form NAME=VALUE. You may provide this flag multiple times for setting multiple environment variables. To unset, specify the environment variable name followed by a "-" (e.g., NAME-).
2025-10-09T08:18:15.2134534Z   -t, --git-branch string             Git revision (branch) to be used when deploying via the Git repository ($FUNC_GIT_BRANCH)
2025-10-09T08:18:15.2135861Z   -d, --git-dir string                Directory in the Git repository containing the function (default is the root) ($FUNC_GIT_DIR)
2025-10-09T08:18:15.2137012Z   -g, --git-url string                Repository url containing the function to build ($FUNC_GIT_URL)
2025-10-09T08:18:15.2137759Z   -h, --help                          help for deploy
2025-10-09T08:18:15.2139483Z   -i, --image string                  Full image name in the form [registry]/[namespace]/[name]:[tag]@[digest]. This option takes precedence over --registry. Specifying digest is optional, but if it is given, 'build' and 'push' phases are disabled. ($FUNC_IMAGE)
2025-10-09T08:18:15.2142537Z   -n, --namespace string              Deploy into a specific namespace. Will use the function's current namespace by default if already deployed, and the currently active context if it can be determined. ($FUNC_NAMESPACE) (default "func")
2025-10-09T08:18:15.2144275Z   -p, --path string                   Path to the function.  Default is current directory ($FUNC_PATH)
2025-10-09T08:18:15.2145581Z       --platform string               Optionally specify a specific platform to build for (e.g. linux/amd64). ($FUNC_PLATFORM)
2025-10-09T08:18:15.2146782Z   -u, --push                          Push the function image to registry before deploying. ($FUNC_PUSH) (default true)
2025-10-09T08:18:15.2148318Z       --pvc-size string               When triggering a remote deployment, set a custom volume size to allocate for the build operation ($FUNC_PVC_SIZE)
2025-10-09T08:18:15.2150418Z   -r, --registry string               Container registry + registry namespace. (ex 'ghcr.io/myuser').  The full image name is automatically determined using this along with function name. ($FUNC_REGISTRY)
2025-10-09T08:18:15.2152507Z       --registry-insecure             Skip TLS certificate verification when communicating in HTTPS with the registry ($FUNC_REGISTRY_INSECURE)
2025-10-09T08:18:15.2154080Z   -R, --remote                        Trigger a remote deployment. Default is to deploy and build from the local system ($FUNC_REMOTE)
2025-10-09T08:18:15.2156841Z       --remote-storage-class string   Specify a storage class to use for the volume on-cluster during remote builds
2025-10-09T08:18:15.2159471Z       --service-account string        Service account to be used in the deployed function ($FUNC_SERVICE_ACCOUNT)
2025-10-09T08:18:15.2160365Z   -v, --verbose                       Print verbose logs ($FUNC_VERBOSE)
2025-10-09T08:18:15.2160771Z 
2025-10-09T08:18:15.2161380Z Error: git settings (--git-url --git-dir and --git-branch) are only applicable when triggering remote deployments (--remote)
2025-10-09T08:18:15.2162179Z Usage:
2025-10-09T08:18:15.2162429Z   deploy [flags]
2025-10-09T08:18:15.2162597Z 
2025-10-09T08:18:15.2162705Z Flags:
2025-10-09T08:18:15.2163414Z       --base-image string             Override the base image for your function (host builder only)
2025-10-09T08:18:15.2164579Z       --build string[="true"]         Build the function. [auto|true|false]. ($FUNC_BUILD) (default "auto")
2025-10-09T08:18:15.2166013Z       --build-timestamp               Use the actual time as the created time for the docker image. This is only useful for buildpacks builder.
2025-10-09T08:18:15.2167658Z   -b, --builder string                Builder to use when creating the function's container. Currently supported builders are "host", "pack" and "s2i". (default "pack")
2025-10-09T08:18:15.2169433Z       --builder-image string          Specify a custom builder image for use by the builder other than its default. ($FUNC_BUILDER_IMAGE)
2025-10-09T08:18:15.2170553Z   -c, --confirm                       Prompt to confirm options interactively ($FUNC_CONFIRM)
2025-10-09T08:18:15.2172218Z       --domain string                 Domain to use for the function's route.  Cluster must be configured with domain matching for the given domain (ignored if unrecognized) ($FUNC_DOMAIN)
2025-10-09T08:18:15.2174682Z   -e, --env stringArray               Environment variable to set in the form NAME=VALUE. You may provide this flag multiple times for setting multiple environment variables. To unset, specify the environment variable name followed by a "-" (e.g., NAME-).
2025-10-09T08:18:15.2176693Z   -t, --git-branch string             Git revision (branch) to be used when deploying via the Git repository ($FUNC_GIT_BRANCH)
2025-10-09T08:18:15.2178311Z   -d, --git-dir string                Directory in the Git repository containing the function (default is the root) ($FUNC_GIT_DIR)
2025-10-09T08:18:15.2179474Z   -g, --git-url string                Repository url containing the function to build ($FUNC_GIT_URL)
2025-10-09T08:18:15.2180191Z   -h, --help                          help for deploy
2025-10-09T08:18:15.2181935Z   -i, --image string                  Full image name in the form [registry]/[namespace]/[name]:[tag]@[digest]. This option takes precedence over --registry. Specifying digest is optional, but if it is given, 'build' and 'push' phases are disabled. ($FUNC_IMAGE)
2025-10-09T08:18:15.2184616Z   -n, --namespace string              Deploy into a specific namespace. Will use the function's current namespace by default if already deployed, and the currently active context if it can be determined. ($FUNC_NAMESPACE) (default "func")
2025-10-09T08:18:15.2186336Z   -p, --path string                   Path to the function.  Default is current directory ($FUNC_PATH)
2025-10-09T08:18:15.2187626Z       --platform string               Optionally specify a specific platform to build for (e.g. linux/amd64). ($FUNC_PLATFORM)
2025-10-09T08:18:15.2189038Z   -u, --push                          Push the function image to registry before deploying. ($FUNC_PUSH) (default true)
2025-10-09T08:18:15.2190572Z       --pvc-size string               When triggering a remote deployment, set a custom volume size to allocate for the build operation ($FUNC_PVC_SIZE)
2025-10-09T08:18:15.2192626Z   -r, --registry string               Container registry + registry namespace. (ex 'ghcr.io/myuser').  The full image name is automatically determined using this along with function name. ($FUNC_REGISTRY)
2025-10-09T08:18:15.2194661Z       --registry-insecure             Skip TLS certificate verification when communicating in HTTPS with the registry ($FUNC_REGISTRY_INSECURE)
2025-10-09T08:18:15.2196085Z   -R, --remote                        Trigger a remote deployment. Default is to deploy and build from the local system ($FUNC_REMOTE)
2025-10-09T08:18:15.2197496Z       --remote-storage-class string   Specify a storage class to use for the volume on-cluster during remote builds
2025-10-09T08:18:15.2199176Z       --service-account string        Service account to be used in the deployed function ($FUNC_SERVICE_ACCOUNT)
2025-10-09T08:18:15.2200088Z   -v, --verbose                       Print verbose logs ($FUNC_VERBOSE)
2025-10-09T08:18:15.2200474Z 
2025-10-09T08:18:15.2200601Z Building function image
2025-10-09T08:18:15.2200980Z Function built: example.com/alice/002:latest
2025-10-09T08:18:15.2201891Z Error: git settings (--git-url --git-dir and --git-branch) are only applicable when triggering remote deployments (--remote)
2025-10-09T08:18:15.2202695Z Usage:
2025-10-09T08:18:15.2202954Z   deploy [flags]
2025-10-09T08:18:15.2203123Z 
2025-10-09T08:18:15.2203214Z Flags:
2025-10-09T08:18:15.2203934Z       --base-image string             Override the base image for your function (host builder only)
2025-10-09T08:18:15.2205062Z       --build string[="true"]         Build the function. [auto|true|false]. ($FUNC_BUILD) (default "auto")
2025-10-09T08:18:15.2206503Z       --build-timestamp               Use the actual time as the created time for the docker image. This is only useful for buildpacks builder.
2025-10-09T08:18:15.2208134Z   -b, --builder string                Builder to use when creating the function's container. Currently supported builders are "host", "pack" and "s2i". (default "pack")
2025-10-09T08:18:15.2209922Z       --builder-image string          Specify a custom builder image for use by the builder other than its default. ($FUNC_BUILDER_IMAGE)
2025-10-09T08:18:15.2211031Z   -c, --confirm                       Prompt to confirm options interactively ($FUNC_CONFIRM)
2025-10-09T08:18:15.2212702Z       --domain string                 Domain to use for the function's route.  Cluster must be configured with domain matching for the given domain (ignored if unrecognized) ($FUNC_DOMAIN)
2025-10-09T08:18:15.2215144Z   -e, --env stringArray               Environment variable to set in the form NAME=VALUE. You may provide this flag multiple times for setting multiple environment variables. To unset, specify the environment variable name followed by a "-" (e.g., NAME-).
2025-10-09T08:18:15.2217125Z   -t, --git-branch string             Git revision (branch) to be used when deploying via the Git repository ($FUNC_GIT_BRANCH)
2025-10-09T08:18:15.2218705Z   -d, --git-dir string                Directory in the Git repository containing the function (default is the root) ($FUNC_GIT_DIR)
2025-10-09T08:18:15.2219912Z   -g, --git-url string                Repository url containing the function to build ($FUNC_GIT_URL)
2025-10-09T08:18:15.2220655Z   -h, --help                          help for deploy
2025-10-09T08:18:15.2222380Z   -i, --image string                  Full image name in the form [registry]/[namespace]/[name]:[tag]@[digest]. This option takes precedence over --registry. Specifying digest is optional, but if it is given, 'build' and 'push' phases are disabled. ($FUNC_IMAGE)
2025-10-09T08:18:15.2225257Z   -n, --namespace string              Deploy into a specific namespace. Will use the function's current namespace by default if already deployed, and the currently active context if it can be determined. ($FUNC_NAMESPACE) (default "func")
2025-10-09T08:18:15.2226999Z   -p, --path string                   Path to the function.  Default is current directory ($FUNC_PATH)
2025-10-09T08:18:15.2228430Z       --platform string               Optionally specify a specific platform to build for (e.g. linux/amd64). ($FUNC_PLATFORM)
2025-10-09T08:18:15.2229626Z   -u, --push                          Push the function image to registry before deploying. ($FUNC_PUSH) (default true)
2025-10-09T08:18:15.2231148Z       --pvc-size string               When triggering a remote deployment, set a custom volume size to allocate for the build operation ($FUNC_PVC_SIZE)
2025-10-09T08:18:15.2233074Z   -r, --registry string               Container registry + registry namespace. (ex 'ghcr.io/myuser').  The full image name is automatically determined using this along with function name. ($FUNC_REGISTRY)
2025-10-09T08:18:15.2235130Z       --registry-insecure             Skip TLS certificate verification when communicating in HTTPS with the registry ($FUNC_REGISTRY_INSECURE)
2025-10-09T08:18:15.2236552Z   -R, --remote                        Trigger a remote deployment. Default is to deploy and build from the local system ($FUNC_REMOTE)
2025-10-09T08:18:15.2237959Z       --remote-storage-class string   Specify a storage class to use for the volume on-cluster during remote builds
2025-10-09T08:18:15.2239634Z       --service-account string        Service account to be used in the deployed function ($FUNC_SERVICE_ACCOUNT)
2025-10-09T08:18:15.2240545Z   -v, --verbose                       Print verbose logs ($FUNC_VERBOSE)
2025-10-09T08:18:15.2240929Z 
2025-10-09T08:18:15.2241052Z Building function image
2025-10-09T08:18:15.2241420Z Function built: example.com/alice/002:latest
2025-10-09T08:18:15.2241851Z Function Deployed at 
2025-10-09T08:18:15.2242159Z Function Deployed at 
2025-10-09T08:18:15.2242530Z function up-to-date. Force rebuild with --build
2025-10-09T08:18:15.2242982Z Function Deployed at 
2025-10-09T08:18:15.2243276Z Function Deployed at 
2025-10-09T08:18:15.2243581Z Building function image
2025-10-09T08:18:15.2243940Z Function built: example.com/alice/002:latest
2025-10-09T08:18:15.2245079Z Warning: registry 'example.com/fred' does not match currently built image 'example.com/alice/002:latest' and no direct image override was provided via --image
2025-10-09T08:18:15.2246145Z Building function image
2025-10-09T08:18:15.2246492Z Function built: example.com/fred/002:latest
2025-10-09T08:18:15.2246906Z Building container image
2025-10-09T08:18:15.2247211Z Building function image
2025-10-09T08:18:15.2247573Z Function built: example.com/alice/002:latest
2025-10-09T08:18:15.2248007Z Pushing container image to registry
2025-10-09T08:18:15.2248403Z Deploying function to cluster
2025-10-09T08:18:15.2248759Z Creating route to function
2025-10-09T08:18:15.2249058Z Done
2025-10-09T08:18:15.2249796Z Warning: namespace chosen is 'default', but currently active namespace is 'func'. Continuing with deployment to 'default'.
2025-10-09T08:18:15.2250636Z Error: not built
2025-10-09T08:18:15.2250893Z Usage:
2025-10-09T08:18:15.2251131Z   deploy [flags]
2025-10-09T08:18:15.2251299Z 
2025-10-09T08:18:15.2251396Z Flags:
2025-10-09T08:18:15.2252103Z       --base-image string             Override the base image for your function (host builder only)
2025-10-09T08:18:15.2253251Z       --build string[="true"]         Build the function. [auto|true|false]. ($FUNC_BUILD) (default "auto")
2025-10-09T08:18:15.2254684Z       --build-timestamp               Use the actual time as the created time for the docker image. This is only useful for buildpacks builder.
2025-10-09T08:18:15.2256332Z   -b, --builder string                Builder to use when creating the function's container. Currently supported builders are "host", "pack" and "s2i". (default "pack")
2025-10-09T08:18:15.2258286Z       --builder-image string          Specify a custom builder image for use by the builder other than its default. ($FUNC_BUILDER_IMAGE)
2025-10-09T08:18:15.2259691Z   -c, --confirm                       Prompt to confirm options interactively ($FUNC_CONFIRM)
2025-10-09T08:18:15.2261623Z       --domain string                 Domain to use for the function's route.  Cluster must be configured with domain matching for the given domain (ignored if unrecognized) ($FUNC_DOMAIN)
2025-10-09T08:18:15.2264062Z   -e, --env stringArray               Environment variable to set in the form NAME=VALUE. You may provide this flag multiple times for setting multiple environment variables. To unset, specify the environment variable name followed by a "-" (e.g., NAME-).
2025-10-09T08:18:15.2266079Z   -t, --git-branch string             Git revision (branch) to be used when deploying via the Git repository ($FUNC_GIT_BRANCH)
2025-10-09T08:18:15.2267405Z   -d, --git-dir string                Directory in the Git repository containing the function (default is the root) ($FUNC_GIT_DIR)
2025-10-09T08:18:15.2268556Z   -g, --git-url string                Repository url containing the function to build ($FUNC_GIT_URL)
2025-10-09T08:18:15.2269289Z   -h, --help                          help for deploy
2025-10-09T08:18:15.2270949Z   -i, --image string                  Full image name in the form [registry]/[namespace]/[name]:[tag]@[digest]. This option takes precedence over --registry. Specifying digest is optional, but if it is given, 'build' and 'push' phases are disabled. ($FUNC_IMAGE)
2025-10-09T08:18:15.2273463Z   -n, --namespace string              Deploy into a specific namespace. Will use the function's current namespace by default if already deployed, and the currently active context if it can be determined. ($FUNC_NAMESPACE) (default "default")
2025-10-09T08:18:15.2275202Z   -p, --path string                   Path to the function.  Default is current directory ($FUNC_PATH)
2025-10-09T08:18:15.2276511Z       --platform string               Optionally specify a specific platform to build for (e.g. linux/amd64). ($FUNC_PLATFORM)
2025-10-09T08:18:15.2277696Z   -u, --push                          Push the function image to registry before deploying. ($FUNC_PUSH) (default true)
2025-10-09T08:18:15.2279413Z       --pvc-size string               When triggering a remote deployment, set a custom volume size to allocate for the build operation ($FUNC_PVC_SIZE)
2025-10-09T08:18:15.2281291Z   -r, --registry string               Container registry + registry namespace. (ex 'ghcr.io/myuser').  The full image name is automatically determined using this along with function name. ($FUNC_REGISTRY) (default "example.com/alice")
2025-10-09T08:18:15.2283295Z       --registry-insecure             Skip TLS certificate verification when communicating in HTTPS with the registry ($FUNC_REGISTRY_INSECURE)
2025-10-09T08:18:15.2284680Z   -R, --remote                        Trigger a remote deployment. Default is to deploy and build from the local system ($FUNC_REMOTE)
2025-10-09T08:18:15.2285968Z       --remote-storage-class string   Specify a storage class to use for the volume on-cluster during remote builds
2025-10-09T08:18:15.2287204Z       --service-account string        Service account to be used in the deployed function ($FUNC_SERVICE_ACCOUNT)
2025-10-09T08:18:15.2288030Z   -v, --verbose                       Print verbose logs ($FUNC_VERBOSE)
2025-10-09T08:18:15.2288359Z 
2025-10-09T08:18:15.2288877Z Warning: namespace chosen is 'nsone', but currently active namespace is 'func'. Continuing with deployment to 'nsone'.
2025-10-09T08:18:15.2289608Z Building function image
2025-10-09T08:18:15.2289946Z Function built: example.com/alice/002:latest
2025-10-09T08:18:15.2290733Z Info: chosen namespace has changed from 'nsone' to 'nstwo'. Undeploying function from 'nsone' and deploying new in 'nstwo'.
2025-10-09T08:18:15.2291864Z Warning: namespace chosen is 'nstwo', but currently active namespace is 'func'. Continuing with deployment to 'nstwo'.
2025-10-09T08:18:15.2292890Z function up-to-date. Force rebuild with --build
2025-10-09T08:18:15.2293798Z Warning: Can't undeploy Function from namespace 'nsone'. The Function's service was not found. The namespace or service may have already been removed
2025-10-09T08:18:15.2294964Z Warning: namespace chosen is 'myns', but currently active namespace is 'func'. Continuing with deployment to 'myns'.
2025-10-09T08:18:15.2295913Z Building function image
2025-10-09T08:18:15.2296262Z Function built: example.com/alice/002:latest
2025-10-09T08:18:15.2296632Z Building function image
2025-10-09T08:18:15.2296882Z Function built: myimage
2025-10-09T08:18:15.2297124Z Building function image
2025-10-09T08:18:15.2297373Z Function built: myimage
2025-10-09T08:18:15.2297615Z Building function image
2025-10-09T08:18:15.2297865Z Function built: myimage
2025-10-09T08:18:15.2298198Z function up-to-date. Force rebuild with --build
2025-10-09T08:18:15.2298604Z Error: not built
2025-10-09T08:18:15.2299229Z Usage:
2025-10-09T08:18:15.2299450Z   deploy [flags]
2025-10-09T08:18:15.2299592Z 
2025-10-09T08:18:15.2299667Z Flags:
2025-10-09T08:18:15.2300258Z       --base-image string             Override the base image for your function (host builder only)
2025-10-09T08:18:15.2301261Z       --build string[="true"]         Build the function. [auto|true|false]. ($FUNC_BUILD) (default "auto")
2025-10-09T08:18:15.2302515Z       --build-timestamp               Use the actual time as the created time for the docker image. This is only useful for buildpacks builder.
2025-10-09T08:18:15.2303866Z   -b, --builder string                Builder to use when creating the function's container. Currently supported builders are "host", "pack" and "s2i". (default "pack")
2025-10-09T08:18:15.2305343Z       --builder-image string          Specify a custom builder image for use by the builder other than its default. ($FUNC_BUILDER_IMAGE)
2025-10-09T08:18:15.2306314Z   -c, --confirm                       Prompt to confirm options interactively ($FUNC_CONFIRM)
2025-10-09T08:18:15.2307795Z       --domain string                 Domain to use for the function's route.  Cluster must be configured with domain matching for the given domain (ignored if unrecognized) ($FUNC_DOMAIN)
2025-10-09T08:18:15.2309823Z   -e, --env stringArray               Environment variable to set in the form NAME=VALUE. You may provide this flag multiple times for setting multiple environment variables. To unset, specify the environment variable name followed by a "-" (e.g., NAME-).
2025-10-09T08:18:15.2311719Z   -t, --git-branch string             Git revision (branch) to be used when deploying via the Git repository ($FUNC_GIT_BRANCH)
2025-10-09T08:18:15.2312962Z   -d, --git-dir string                Directory in the Git repository containing the function (default is the root) ($FUNC_GIT_DIR)
2025-10-09T08:18:15.2313972Z   -g, --git-url string                Repository url containing the function to build ($FUNC_GIT_URL)
2025-10-09T08:18:15.2314652Z   -h, --help                          help for deploy
2025-10-09T08:18:15.2316182Z   -i, --image string                  Full image name in the form [registry]/[namespace]/[name]:[tag]@[digest]. This option takes precedence over --registry. Specifying digest is optional, but if it is given, 'build' and 'push' phases are disabled. ($FUNC_IMAGE)
2025-10-09T08:18:15.2319161Z   -n, --namespace string              Deploy into a specific namespace. Will use the function's current namespace by default if already deployed, and the currently active context if it can be determined. ($FUNC_NAMESPACE) (default "func")
2025-10-09T08:18:15.2320862Z   -p, --path string                   Path to the function.  Default is current directory ($FUNC_PATH)
2025-10-09T08:18:15.2322357Z       --platform string               Optionally specify a specific platform to build for (e.g. linux/amd64). ($FUNC_PLATFORM)
2025-10-09T08:18:15.2323527Z   -u, --push                          Push the function image to registry before deploying. ($FUNC_PUSH) (default true)
2025-10-09T08:18:15.2325192Z       --pvc-size string               When triggering a remote deployment, set a custom volume size to allocate for the build operation ($FUNC_PVC_SIZE)
2025-10-09T08:18:15.2327228Z   -r, --registry string               Container registry + registry namespace. (ex 'ghcr.io/myuser').  The full image name is automatically determined using this along with function name. ($FUNC_REGISTRY)
2025-10-09T08:18:15.2329250Z       --registry-insecure             Skip TLS certificate verification when communicating in HTTPS with the registry ($FUNC_REGISTRY_INSECURE)
2025-10-09T08:18:15.2330640Z   -R, --remote                        Trigger a remote deployment. Default is to deploy and build from the local system ($FUNC_REMOTE)
2025-10-09T08:18:15.2332020Z       --remote-storage-class string   Specify a storage class to use for the volume on-cluster during remote builds
2025-10-09T08:18:15.2333375Z       --service-account string        Service account to be used in the deployed function ($FUNC_SERVICE_ACCOUNT)
2025-10-09T08:18:15.2334249Z   -v, --verbose                       Print verbose logs ($FUNC_VERBOSE)
2025-10-09T08:18:15.2334617Z 
2025-10-09T08:18:15.2334734Z Building function image
2025-10-09T08:18:15.2335030Z Function built: myimage
2025-10-09T08:18:15.2335323Z Building function image
2025-10-09T08:18:15.2335666Z Function built: example.com/alice/002:latest
2025-10-09T08:18:15.2336071Z Building function image
2025-10-09T08:18:15.2336414Z Function built: example.com/alice/002:latest
2025-10-09T08:18:15.2336919Z Error: only host builds support specifying the base image
2025-10-09T08:18:15.2337364Z Usage:
2025-10-09T08:18:15.2337596Z   deploy [flags]
2025-10-09T08:18:15.2337770Z 
2025-10-09T08:18:15.2337854Z Flags:
2025-10-09T08:18:15.2338538Z       --base-image string             Override the base image for your function (host builder only)
2025-10-09T08:18:15.2339661Z       --build string[="true"]         Build the function. [auto|true|false]. ($FUNC_BUILD) (default "auto")
2025-10-09T08:18:15.2341067Z       --build-timestamp               Use the actual time as the created time for the docker image. This is only useful for buildpacks builder.
2025-10-09T08:18:15.2342908Z   -b, --builder string                Builder to use when creating the function's container. Currently supported builders are "host", "pack" and "s2i". (default "pack")
2025-10-09T08:18:15.2344650Z       --builder-image string          Specify a custom builder image for use by the builder other than its default. ($FUNC_BUILDER_IMAGE)
2025-10-09T08:18:15.2345734Z   -c, --confirm                       Prompt to confirm options interactively ($FUNC_CONFIRM)
2025-10-09T08:18:15.2347355Z       --domain string                 Domain to use for the function's route.  Cluster must be configured with domain matching for the given domain (ignored if unrecognized) ($FUNC_DOMAIN)
2025-10-09T08:18:15.2349750Z   -e, --env stringArray               Environment variable to set in the form NAME=VALUE. You may provide this flag multiple times for setting multiple environment variables. To unset, specify the environment variable name followed by a "-" (e.g., NAME-).
2025-10-09T08:18:15.2351718Z   -t, --git-branch string             Git revision (branch) to be used when deploying via the Git repository ($FUNC_GIT_BRANCH)
2025-10-09T08:18:15.2352988Z   -d, --git-dir string                Directory in the Git repository containing the function (default is the root) ($FUNC_GIT_DIR)
2025-10-09T08:18:15.2354096Z   -g, --git-url string                Repository url containing the function to build ($FUNC_GIT_URL)
2025-10-09T08:18:15.2354799Z   -h, --help                          help for deploy
2025-10-09T08:18:15.2356490Z   -i, --image string                  Full image name in the form [registry]/[namespace]/[name]:[tag]@[digest]. This option takes precedence over --registry. Specifying digest is optional, but if it is given, 'build' and 'push' phases are disabled. ($FUNC_IMAGE)
2025-10-09T08:18:15.2359250Z   -n, --namespace string              Deploy into a specific namespace. Will use the function's current namespace by default if already deployed, and the currently active context if it can be determined. ($FUNC_NAMESPACE) (default "func")
2025-10-09T08:18:15.2360929Z   -p, --path string                   Path to the function.  Default is current directory ($FUNC_PATH)
2025-10-09T08:18:15.2362572Z       --platform string               Optionally specify a specific platform to build for (e.g. linux/amd64). ($FUNC_PLATFORM)
2025-10-09T08:18:15.2363744Z   -u, --push                          Push the function image to registry before deploying. ($FUNC_PUSH) (default true)
2025-10-09T08:18:15.2365231Z       --pvc-size string               When triggering a remote deployment, set a custom volume size to allocate for the build operation ($FUNC_PVC_SIZE)
2025-10-09T08:18:15.2367242Z   -r, --registry string               Container registry + registry namespace. (ex 'ghcr.io/myuser').  The full image name is automatically determined using this along with function name. ($FUNC_REGISTRY)
2025-10-09T08:18:15.2369274Z       --registry-insecure             Skip TLS certificate verification when communicating in HTTPS with the registry ($FUNC_REGISTRY_INSECURE)
2025-10-09T08:18:15.2370653Z   -R, --remote                        Trigger a remote deployment. Default is to deploy and build from the local system ($FUNC_REMOTE)
2025-10-09T08:18:15.2372033Z       --remote-storage-class string   Specify a storage class to use for the volume on-cluster during remote builds
2025-10-09T08:18:15.2373390Z       --service-account string        Service account to be used in the deployed function ($FUNC_SERVICE_ACCOUNT)
2025-10-09T08:18:15.2374274Z   -v, --verbose                       Print verbose logs ($FUNC_VERBOSE)
2025-10-09T08:18:15.2374645Z 
2025-10-09T08:18:15.2374897Z Error: function not found at this path and no name provided
2025-10-09T08:18:15.2375357Z Usage:
2025-10-09T08:18:15.2375621Z   describe <name> [flags]
2025-10-09T08:18:15.2375821Z 
2025-10-09T08:18:15.2375911Z Aliases:
2025-10-09T08:18:15.2376164Z   describe, info, desc
2025-10-09T08:18:15.2376347Z 
2025-10-09T08:18:15.2376441Z Examples:
2025-10-09T08:18:15.2376577Z 
2025-10-09T08:18:15.2376839Z # Show the details of a function as declared in the local func.yaml
2025-10-09T08:18:15.2377361Z {{rootCmdUse}} describe
2025-10-09T08:18:15.2377551Z 
2025-10-09T08:18:15.2377829Z # Show the details of the function in the directory with yaml output
2025-10-09T08:18:15.2378462Z {{rootCmdUse}} describe --output yaml --path myotherfunc
2025-10-09T08:18:15.2378814Z 
2025-10-09T08:18:15.2378820Z 
2025-10-09T08:18:15.2378905Z Flags:
2025-10-09T08:18:15.2379202Z   -h, --help               help for describe
2025-10-09T08:18:15.2380060Z   -n, --namespace string   The namespace in which to look for the named function. ($FUNC_NAMESPACE) (default "func")
2025-10-09T08:18:15.2381196Z   -o, --output string      Output format (human|plain|json|yaml|url) ($FUNC_OUTPUT) (default "human")
2025-10-09T08:18:15.2382401Z   -p, --path string        Path to the function.  Default is current directory ($FUNC_PATH)
2025-10-09T08:18:15.2383133Z   -v, --verbose            Print verbose logs ($FUNC_VERBOSE)
2025-10-09T08:18:15.2383483Z 
2025-10-09T08:18:15.2383586Z Function name:
2025-10-09T08:18:15.2383896Z   
2025-10-09T08:18:15.2384136Z Function is built in image:
2025-10-09T08:18:15.2384430Z   
2025-10-09T08:18:15.2384681Z Function is deployed in namespace:
2025-10-09T08:18:15.2385010Z   
2025-10-09T08:18:15.2385206Z Routes:
2025-10-09T08:18:15.2385432Z Function name:
2025-10-09T08:18:15.2385655Z   
2025-10-09T08:18:15.2385890Z Function is built in image:
2025-10-09T08:18:15.2386178Z   
2025-10-09T08:18:15.2386422Z Function is deployed in namespace:
2025-10-09T08:18:15.2386744Z   
2025-10-09T08:18:15.2386946Z Routes:
2025-10-09T08:18:15.2387161Z Function name:
2025-10-09T08:18:15.2387529Z   
2025-10-09T08:18:15.2387758Z Function is built in image:
2025-10-09T08:18:15.2388042Z   
2025-10-09T08:18:15.2388294Z Function is deployed in namespace:
2025-10-09T08:18:15.2388614Z   
2025-10-09T08:18:15.2388813Z Routes:
2025-10-09T08:18:15.2389138Z Error: only one of --path and [NAME] should be provided
2025-10-09T08:18:15.2389564Z Usage:
2025-10-09T08:18:15.2389811Z   describe <name> [flags]
2025-10-09T08:18:15.2390017Z 
2025-10-09T08:18:15.2390106Z Aliases:
2025-10-09T08:18:15.2390469Z   describe, info, desc
2025-10-09T08:18:15.2390669Z 
2025-10-09T08:18:15.2390762Z Examples:
2025-10-09T08:18:15.2390899Z 
2025-10-09T08:18:15.2391169Z # Show the details of a function as declared in the local func.yaml
2025-10-09T08:18:15.2391672Z {{rootCmdUse}} describe
2025-10-09T08:18:15.2391855Z 
2025-10-09T08:18:15.2392128Z # Show the details of the function in the directory with yaml output
2025-10-09T08:18:15.2392741Z {{rootCmdUse}} describe --output yaml --path myotherfunc
2025-10-09T08:18:15.2393112Z 
2025-10-09T08:18:15.2393118Z 
2025-10-09T08:18:15.2393205Z Flags:
2025-10-09T08:18:15.2393501Z   -h, --help               help for describe
2025-10-09T08:18:15.2394376Z   -n, --namespace string   The namespace in which to look for the named function. ($FUNC_NAMESPACE) (default "default")
2025-10-09T08:18:15.2395512Z   -o, --output string      Output format (human|plain|json|yaml|url) ($FUNC_OUTPUT) (default "human")
2025-10-09T08:18:15.2396463Z   -p, --path string        Path to the function.  Default is current directory ($FUNC_PATH)
2025-10-09T08:18:15.2397179Z   -v, --verbose            Print verbose logs ($FUNC_VERBOSE)
2025-10-09T08:18:15.2397513Z 
2025-10-09T08:18:15.2397687Z invokedno functions found in namespace 'func'
2025-10-09T08:18:15.2398000Z 
2025-10-09T08:18:15.2398280Z 'func list' shows functions that have been deployed to your cluster.
2025-10-09T08:18:15.2398689Z 
2025-10-09T08:18:15.2398806Z To see functions here:
2025-10-09T08:18:15.2399244Z   func create --language go myfunction    Create a function
2025-10-09T08:18:15.2399860Z   func deploy --registry <registry>       Deploy to cluster
2025-10-09T08:18:15.2400400Z   func list                               See it listed
2025-10-09T08:18:15.2400705Z 
2025-10-09T08:18:15.2400826Z Or check other namespaces:
2025-10-09T08:18:15.2401366Z   func list --all-namespaces             List functions in all namespaces
2025-10-09T08:18:15.2401923Z no functions found in namespace 'ns'
2025-10-09T08:18:15.2402179Z 
2025-10-09T08:18:15.2402711Z 'func list' shows functions that have been deployed to your cluster.
2025-10-09T08:18:15.2403137Z 
2025-10-09T08:18:15.2403249Z To see functions here:
2025-10-09T08:18:15.2403694Z   func create --language go myfunction    Create a function
2025-10-09T08:18:15.2404291Z   func deploy --registry <registry>       Deploy to cluster
2025-10-09T08:18:15.2404834Z   func list                               See it listed
2025-10-09T08:18:15.2405132Z 
2025-10-09T08:18:15.2405263Z Or check other namespaces:
2025-10-09T08:18:15.2405790Z   func list --all-namespaces             List functions in all namespaces
2025-10-09T08:18:15.2406315Z no functions found
2025-10-09T08:18:15.2406483Z 
2025-10-09T08:18:15.2406753Z 'func list' shows functions that have been deployed to your cluster.
2025-10-09T08:18:15.2407168Z 
2025-10-09T08:18:15.2407276Z To see functions here:
2025-10-09T08:18:15.2407705Z   func create --language go myfunction    Create a function
2025-10-09T08:18:15.2408304Z   func deploy --registry <registry>       Deploy to cluster
2025-10-09T08:18:15.2408852Z   func list                               See it listed
2025-10-09T08:18:15.2409252Z no functions found
2025-10-09T08:18:15.2409423Z 
2025-10-09T08:18:15.2409694Z 'func list' shows functions that have been deployed to your cluster.
2025-10-09T08:18:15.2410102Z 
2025-10-09T08:18:15.2410212Z To see functions here:
2025-10-09T08:18:15.2410640Z   func create --language go myfunction    Create a function
2025-10-09T08:18:15.2411377Z   func deploy --registry <registry>       Deploy to cluster
2025-10-09T08:18:15.2411913Z   func list                               See it listed
2025-10-09T08:18:15.2412416Z Error: both --namespace and --all-namespaces specified
2025-10-09T08:18:15.2412838Z Usage:
2025-10-09T08:18:15.2413069Z   list [flags]
2025-10-09T08:18:15.2413217Z 
2025-10-09T08:18:15.2413306Z Aliases:
2025-10-09T08:18:15.2413530Z   list, ls
2025-10-09T08:18:15.2413667Z 
2025-10-09T08:18:15.2413761Z Examples:
2025-10-09T08:18:15.2414011Z 
2025-10-09T08:18:15.2414315Z # List all functions in the current namespace with human readable output
2025-10-09T08:18:15.2414853Z {{rootCmdUse}} list
2025-10-09T08:18:15.2415020Z 
2025-10-09T08:18:15.2415258Z # List all functions in the 'test' namespace with yaml output
2025-10-09T08:18:15.2415811Z {{rootCmdUse}} list --namespace test --output yaml
2025-10-09T08:18:15.2416140Z 
2025-10-09T08:18:15.2416341Z # List all functions in all namespaces with JSON output
2025-10-09T08:18:15.2416862Z {{rootCmdUse}} list --all-namespaces --output json
2025-10-09T08:18:15.2417182Z 
2025-10-09T08:18:15.2417188Z 
2025-10-09T08:18:15.2417280Z Flags:
2025-10-09T08:18:15.2417900Z   -A, --all-namespaces     List functions in all namespaces. If set, the --namespace flag is ignored.
2025-10-09T08:18:15.2418628Z   -h, --help               help for list
2025-10-09T08:18:15.2419457Z   -n, --namespace string   The namespace for which to list functions. ($FUNC_NAMESPACE) (default "func")
2025-10-09T08:18:15.2420529Z   -o, --output string      Output format (human|plain|json|xml|yaml) ($FUNC_OUTPUT) (default "human")
2025-10-09T08:18:15.2421324Z   -v, --verbose            Print verbose logs ($FUNC_VERBOSE)
2025-10-09T08:18:15.2421663Z 
2025-10-09T08:18:15.2421953Z fatal: git upload-pack: not our ref 0000000000000000000000000000000000000000
2025-10-09T08:18:15.2423993Z Error: failed to create new repository: failed to get repository from URI ("http://127.0.0.1:55644/repository.git#main"): failed to clone repository: error decoding upload-pack response: upload-pack: not our ref 0000000000000000000000000000000000000000
2025-10-09T08:18:15.2425469Z Usage:
2025-10-09T08:18:15.2425730Z   add <name> <url> [flags]
2025-10-09T08:18:15.2425929Z 
2025-10-09T08:18:15.2426018Z Flags:
2025-10-09T08:18:15.2426475Z   -c, --confirm   Prompt to confirm options interactively ($FUNC_CONFIRM)
2025-10-09T08:18:15.2427047Z   -h, --help      help for add
2025-10-09T08:18:15.2427477Z   -v, --verbose   Print verbose logs ($FUNC_VERBOSE)
2025-10-09T08:18:15.2427804Z 
2025-10-09T08:18:15.2427941Z --- FAIL: TestRepository_Add (0.53s)
2025-10-09T08:18:15.2429079Z     repository_test.go:38: http://127.0.0.1:55644/repository.git#main
2025-10-09T08:18:15.2431287Z     repository_test.go:57: failed to create new repository: failed to get repository from URI ("http://127.0.0.1:55644/repository.git#main"): failed to clone repository: error decoding upload-pack response: upload-pack: not our ref 0000000000000000000000000000000000000000
2025-10-09T08:18:15.2433060Z fatal: git upload-pack: not our ref 0000000000000000000000000000000000000000
2025-10-09T08:18:15.2434769Z Error: failed to create new repository: failed to get repository from URI ("http://127.0.0.1:55646/repository.git"): failed to clone repository: error decoding upload-pack response: upload-pack: not our ref 0000000000000000000000000000000000000000
2025-10-09T08:18:15.2436204Z Usage:
2025-10-09T08:18:15.2436467Z   add <name> <url> [flags]
2025-10-09T08:18:15.2436679Z 
2025-10-09T08:18:15.2436765Z Flags:
2025-10-09T08:18:15.2437228Z   -c, --confirm   Prompt to confirm options interactively ($FUNC_CONFIRM)
2025-10-09T08:18:15.2437788Z   -h, --help      help for add
2025-10-09T08:18:15.2438226Z   -v, --verbose   Print verbose logs ($FUNC_VERBOSE)
2025-10-09T08:18:15.2438546Z 
2025-10-09T08:18:15.2438689Z --- FAIL: TestRepository_Rename (0.25s)
2025-10-09T08:18:15.2440719Z     repository_test.go:94: failed to create new repository: failed to get repository from URI ("http://127.0.0.1:55646/repository.git"): failed to clone repository: error decoding upload-pack response: upload-pack: not our ref 0000000000000000000000000000000000000000
2025-10-09T08:18:15.2442592Z fatal: git upload-pack: not our ref 0000000000000000000000000000000000000000
2025-10-09T08:18:15.2446785Z Error: failed to create new repository: failed to get repository from URI ("http://127.0.0.1:55653/repository.git"): failed to clone repository: error decoding upload-pack response: upload-pack: not our ref 0000000000000000000000000000000000000000
2025-10-09T08:18:15.2448280Z Usage:
2025-10-09T08:18:15.2448544Z   add <name> <url> [flags]
2025-10-09T08:18:15.2448773Z 
2025-10-09T08:18:15.2448862Z Flags:
2025-10-09T08:18:15.2449338Z   -c, --confirm   Prompt to confirm options interactively ($FUNC_CONFIRM)
2025-10-09T08:18:15.2449914Z   -h, --help      help for add
2025-10-09T08:18:15.2450359Z   -v, --verbose   Print verbose logs ($FUNC_VERBOSE)
2025-10-09T08:18:15.2450680Z 
2025-10-09T08:18:15.2450838Z --- FAIL: TestRepository_Remove (0.28s)
2025-10-09T08:18:15.2452874Z     repository_test.go:142: failed to create new repository: failed to get repository from URI ("http://127.0.0.1:55653/repository.git"): failed to clone repository: error decoding upload-pack response: upload-pack: not our ref 0000000000000000000000000000000000000000
2025-10-09T08:18:15.2454457Z Building function image
2025-10-09T08:18:15.2454788Z Function built: ghcr.com/reg/002:latest
2025-10-09T08:18:15.2455190Z Function running on 127.0.0.1:8080
2025-10-09T08:18:15.2455537Z Building function image
2025-10-09T08:18:15.2455862Z Function built: ghcr.com/reg/002:latest
2025-10-09T08:18:15.2456242Z Function running on 127.0.0.1:8080
2025-10-09T08:18:15.2456591Z Building function image
2025-10-09T08:18:15.2456910Z Function built: ghcr.com/reg/002:latest
2025-10-09T08:18:15.2457308Z Function running on 127.0.0.1:8080
2025-10-09T08:18:15.2457660Z Building function image
2025-10-09T08:18:15.2457972Z Function built: ghcr.com/reg/002:latest
2025-10-09T08:18:15.2458365Z Function running on 127.0.0.1:8080
2025-10-09T08:18:15.2458704Z Building function image
2025-10-09T08:18:15.2459023Z Function built: ghcr.com/reg/002:latest
2025-10-09T08:18:15.2459399Z Function running on 127.0.0.1:8080
2025-10-09T08:18:15.2460013Z Error: "invalid" is not a known builder. Available builders are "host", "pack" and "s2i"
2025-10-09T08:18:15.2460608Z Usage:
2025-10-09T08:18:15.2460836Z   run [flags]
2025-10-09T08:18:15.2460987Z 
2025-10-09T08:18:15.2461081Z Flags:
2025-10-09T08:18:15.2462244Z       --address string          Interface and port on which to bind and listen. Default is 127.0.0.1:8080, or an available port if 8080 is not available. ($FUNC_ADDRESS)
2025-10-09T08:18:15.2463926Z       --base-image string       Override the base image for your function (host builder only)
2025-10-09T08:18:15.2465021Z       --build string[="true"]   Build the function. [auto|true|false]. ($FUNC_BUILD) (default "auto")
2025-10-09T08:18:15.2466445Z   -b, --builder string          Builder to use when creating the function's container. Currently supported builders are "host", "pack" and "s2i". (default "pack")
2025-10-09T08:18:15.2468180Z       --builder-image string    Specify a custom builder image for use by the builder other than its default. ($FUNC_BUILDER_IMAGE)
2025-10-09T08:18:15.2469246Z   -c, --confirm                 Prompt to confirm options interactively ($FUNC_CONFIRM)
2025-10-09T08:18:15.2471144Z   -e, --env stringArray         Environment variable to set in the form NAME=VALUE. You may provide this flag multiple times for setting multiple environment variables. To unset, specify the environment variable name followed by a "-" (e.g., NAME-).
2025-10-09T08:18:15.2472669Z   -h, --help                    help for run
2025-10-09T08:18:15.2474130Z   -i, --image string            Full image name in the form [registry]/[namespace]/[name]:[tag]. This option takes precedence over --registry. Specifying tag is optional. ($FUNC_IMAGE)
2025-10-09T08:18:15.2475522Z       --json                    Output as JSON. ($FUNC_JSON)
2025-10-09T08:18:15.2476250Z   -p, --path string             Path to the function.  Default is current directory ($FUNC_PATH)
2025-10-09T08:18:15.2477854Z   -r, --registry string         Container registry + registry namespace. (ex 'ghcr.io/myuser').  The full image name is automatically determined using this along with function name. ($FUNC_REGISTRY)
2025-10-09T08:18:15.2479325Z   -v, --verbose                 Print verbose logs ($FUNC_VERBOSE)
2025-10-09T08:18:15.2479683Z 
2025-10-09T08:18:15.2479813Z Function running on 127.0.0.1:8080
2025-10-09T08:18:15.2480173Z Building function image
2025-10-09T08:18:15.2480508Z Function built: ghcr.com/reg/002:latest
2025-10-09T08:18:15.2480904Z Function running on 127.0.0.1:8080
2025-10-09T08:18:15.2481247Z Building function image
2025-10-09T08:18:15.2481575Z Function built: ghcr.com/reg/002:latest
2025-10-09T08:18:15.2481953Z Function running on 127.0.0.1:8080
2025-10-09T08:18:15.2482306Z Building function image
2025-10-09T08:18:15.2482612Z Error: generic build error
2025-10-09T08:18:15.2482900Z Usage:
2025-10-09T08:18:15.2483134Z   run [flags]
2025-10-09T08:18:15.2483281Z 
2025-10-09T08:18:15.2483365Z Flags:
2025-10-09T08:18:15.2484532Z       --address string          Interface and port on which to bind and listen. Default is 127.0.0.1:8080, or an available port if 8080 is not available. ($FUNC_ADDRESS)
2025-10-09T08:18:15.2485920Z       --base-image string       Override the base image for your function (host builder only)
2025-10-09T08:18:15.2487022Z       --build string[="true"]   Build the function. [auto|true|false]. ($FUNC_BUILD) (default "auto")
2025-10-09T08:18:15.2488435Z   -b, --builder string          Builder to use when creating the function's container. Currently supported builders are "host", "pack" and "s2i". (default "pack")
2025-10-09T08:18:15.2490146Z       --builder-image string    Specify a custom builder image for use by the builder other than its default. ($FUNC_BUILDER_IMAGE)
2025-10-09T08:18:15.2491225Z   -c, --confirm                 Prompt to confirm options interactively ($FUNC_CONFIRM)
2025-10-09T08:18:15.2493112Z   -e, --env stringArray         Environment variable to set in the form NAME=VALUE. You may provide this flag multiple times for setting multiple environment variables. To unset, specify the environment variable name followed by a "-" (e.g., NAME-).
2025-10-09T08:18:15.2494635Z   -h, --help                    help for run
2025-10-09T08:18:15.2495860Z   -i, --image string            Full image name in the form [registry]/[namespace]/[name]:[tag]. This option takes precedence over --registry. Specifying tag is optional. ($FUNC_IMAGE)
2025-10-09T08:18:15.2497073Z       --json                    Output as JSON. ($FUNC_JSON)
2025-10-09T08:18:15.2497799Z   -p, --path string             Path to the function.  Default is current directory ($FUNC_PATH)
2025-10-09T08:18:15.2499651Z   -r, --registry string         Container registry + registry namespace. (ex 'ghcr.io/myuser').  The full image name is automatically determined using this along with function name. ($FUNC_REGISTRY)
2025-10-09T08:18:15.2500986Z   -v, --verbose                 Print verbose logs ($FUNC_VERBOSE)
2025-10-09T08:18:15.2501351Z 
2025-10-09T08:18:15.2501468Z Building function image
2025-10-09T08:18:15.2501793Z Function built: ghcr.com/reg/002:latest
2025-10-09T08:18:15.2502182Z Function running on 127.0.0.1:8080
2025-10-09T08:18:15.2502548Z Function running on 127.0.0.1:8080
2025-10-09T08:18:15.2502904Z Error: unknown flag: --container
2025-10-09T08:18:15.2503225Z Usage:
2025-10-09T08:18:15.2503450Z   run [flags]
2025-10-09T08:18:15.2503596Z 
2025-10-09T08:18:15.2503686Z Flags:
2025-10-09T08:18:15.2504841Z       --address string          Interface and port on which to bind and listen. Default is 127.0.0.1:8080, or an available port if 8080 is not available. ($FUNC_ADDRESS)
2025-10-09T08:18:15.2506216Z       --base-image string       Override the base image for your function (host builder only)
2025-10-09T08:18:15.2508423Z       --build string[="true"]   Build the function. [auto|true|false]. ($FUNC_BUILD) (default "auto")
2025-10-09T08:18:15.2509844Z   -b, --builder string          Builder to use when creating the function's container. Currently supported builders are "host", "pack" and "s2i". (default "pack")
2025-10-09T08:18:15.2511704Z       --builder-image string    Specify a custom builder image for use by the builder other than its default. ($FUNC_BUILDER_IMAGE)
2025-10-09T08:18:15.2512783Z   -c, --confirm                 Prompt to confirm options interactively ($FUNC_CONFIRM)
2025-10-09T08:18:15.2514649Z   -e, --env stringArray         Environment variable to set in the form NAME=VALUE. You may provide this flag multiple times for setting multiple environment variables. To unset, specify the environment variable name followed by a "-" (e.g., NAME-).
2025-10-09T08:18:15.2516036Z   -h, --help                    help for run
2025-10-09T08:18:15.2517138Z   -i, --image string            Full image name in the form [registry]/[namespace]/[name]:[tag]. This option takes precedence over --registry. Specifying tag is optional. ($FUNC_IMAGE)
2025-10-09T08:18:15.2518217Z       --json                    Output as JSON. ($FUNC_JSON)
2025-10-09T08:18:15.2519214Z   -p, --path string             Path to the function.  Default is current directory ($FUNC_PATH)
2025-10-09T08:18:15.2520668Z   -r, --registry string         Container registry + registry namespace. (ex 'ghcr.io/myuser').  The full image name is automatically determined using this along with function name. ($FUNC_REGISTRY)
2025-10-09T08:18:15.2521881Z   -v, --verbose                 Print verbose logs ($FUNC_VERBOSE)
2025-10-09T08:18:15.2522203Z 
2025-10-09T08:18:15.2522309Z Building function image
2025-10-09T08:18:15.2522638Z Function built: username/exampleimage:latest
2025-10-09T08:18:15.2523015Z Function running on 127.0.0.1:8080
2025-10-09T08:18:15.2523335Z Function running on 127.0.0.1:8080
2025-10-09T08:18:15.2523668Z Function running on 127.0.0.1:8080
2025-10-09T08:18:15.2523992Z Error: unknown flag: --container
2025-10-09T08:18:15.2524289Z Usage:
2025-10-09T08:18:15.2524490Z   run [flags]
2025-10-09T08:18:15.2524624Z 
2025-10-09T08:18:15.2524707Z Flags:
2025-10-09T08:18:15.2525740Z       --address string          Interface and port on which to bind and listen. Default is 127.0.0.1:8080, or an available port if 8080 is not available. ($FUNC_ADDRESS)
2025-10-09T08:18:15.2526976Z       --base-image string       Override the base image for your function (host builder only)
2025-10-09T08:18:15.2527939Z       --build string[="true"]   Build the function. [auto|true|false]. ($FUNC_BUILD) (default "auto")
2025-10-09T08:18:15.2529169Z   -b, --builder string          Builder to use when creating the function's container. Currently supported builders are "host", "pack" and "s2i". (default "pack")
2025-10-09T08:18:15.2530738Z       --builder-image string    Specify a custom builder image for use by the builder other than its default. ($FUNC_BUILDER_IMAGE)
2025-10-09T08:18:15.2531746Z   -c, --confirm                 Prompt to confirm options interactively ($FUNC_CONFIRM)
2025-10-09T08:18:15.2533428Z   -e, --env stringArray         Environment variable to set in the form NAME=VALUE. You may provide this flag multiple times for setting multiple environment variables. To unset, specify the environment variable name followed by a "-" (e.g., NAME-).
2025-10-09T08:18:15.2534733Z   -h, --help                    help for run
2025-10-09T08:18:15.2535792Z   -i, --image string            Full image name in the form [registry]/[namespace]/[name]:[tag]. This option takes precedence over --registry. Specifying tag is optional. ($FUNC_IMAGE)
2025-10-09T08:18:15.2536816Z       --json                    Output as JSON. ($FUNC_JSON)
2025-10-09T08:18:15.2537473Z   -p, --path string             Path to the function.  Default is current directory ($FUNC_PATH)
2025-10-09T08:18:15.2539086Z   -r, --registry string         Container registry + registry namespace. (ex 'ghcr.io/myuser').  The full image name is automatically determined using this along with function name. ($FUNC_REGISTRY)
2025-10-09T08:18:15.2540497Z   -v, --verbose                 Print verbose logs ($FUNC_VERBOSE)
2025-10-09T08:18:15.2540800Z 
2025-10-09T08:18:15.2540900Z Building function image
2025-10-09T08:18:15.2541207Z Function built: username/exampleimage:latest
2025-10-09T08:18:15.2541563Z Function running on 127.0.0.1:8080
2025-10-09T08:18:15.2542035Z Building function image
2025-10-09T08:18:15.2542393Z Function built: example.com/ns-to-override/002:latest
2025-10-09T08:18:15.2542798Z Function running on 127.0.0.1:8080
2025-10-09T08:18:15.2543129Z Building function image
2025-10-09T08:18:15.2543396Z Function built: ghcr.com/reg/002:latest
2025-10-09T08:18:15.2543727Z Function running on 127.0.0.1:8080
2025-10-09T08:18:15.2544016Z Function running on 127.0.0.1:8080
2025-10-09T08:18:15.2544308Z Function running on 127.0.0.1:8080
2025-10-09T08:18:15.2544688Z Error: only host builds support specifying the base image
2025-10-09T08:18:15.2545117Z Usage:
2025-10-09T08:18:15.2545330Z   run [flags]
2025-10-09T08:18:15.2545457Z 
2025-10-09T08:18:15.2545530Z Flags:
2025-10-09T08:18:15.2546508Z       --address string          Interface and port on which to bind and listen. Default is 127.0.0.1:8080, or an available port if 8080 is not available. ($FUNC_ADDRESS)
2025-10-09T08:18:15.2547735Z       --base-image string       Override the base image for your function (host builder only)
2025-10-09T08:18:15.2548649Z       --build string[="true"]   Build the function. [auto|true|false]. ($FUNC_BUILD) (default "auto")
2025-10-09T08:18:15.2549860Z   -b, --builder string          Builder to use when creating the function's container. Currently supported builders are "host", "pack" and "s2i". (default "pack")
2025-10-09T08:18:15.2551357Z       --builder-image string    Specify a custom builder image for use by the builder other than its default. ($FUNC_BUILDER_IMAGE)
2025-10-09T08:18:15.2551680Z   -c, --confirm                 Prompt to confirm options interactively ($FUNC_CONFIRM)
2025-10-09T08:18:15.2552887Z   -e, --env stringArray         Environment variable to set in the form NAME=VALUE. You may provide this flag multiple times for setting multiple environment variables. To unset, specify the environment variable name followed by a "-" (e.g., NAME-).
2025-10-09T08:18:15.2553047Z   -h, --help                    help for run
2025-10-09T08:18:15.2553918Z   -i, --image string            Full image name in the form [registry]/[namespace]/[name]:[tag]. This option takes precedence over --registry. Specifying tag is optional. ($FUNC_IMAGE)
2025-10-09T08:18:15.2554168Z       --json                    Output as JSON. ($FUNC_JSON)
2025-10-09T08:18:15.2554515Z   -p, --path string             Path to the function.  Default is current directory ($FUNC_PATH)
2025-10-09T08:18:15.2555464Z   -r, --registry string         Container registry + registry namespace. (ex 'ghcr.io/myuser').  The full image name is automatically determined using this along with function name. ($FUNC_REGISTRY)
2025-10-09T08:18:15.2555706Z   -v, --verbose                 Print verbose logs ($FUNC_VERBOSE)
2025-10-09T08:18:15.2555716Z 
2025-10-09T08:18:15.2555847Z Error: template repo does not exist
2025-10-09T08:18:15.2555929Z Usage:
2025-10-09T08:18:15.2556033Z   templates [flags]
2025-10-09T08:18:15.2556039Z 
2025-10-09T08:18:15.2556110Z Flags:
2025-10-09T08:18:15.2556270Z   -h, --help                help for templates
2025-10-09T08:18:15.2556571Z       --json                Set output to JSON format. (Env: $FUNC_JSON)
2025-10-09T08:18:15.2556917Z   -r, --repository string   URI to a specific repository to consider ($FUNC_REPOSITORY)
2025-10-09T08:18:15.2557125Z   -v, --verbose             Print verbose logs ($FUNC_VERBOSE)
2025-10-09T08:18:15.2557131Z 
2025-10-09T08:18:15.2557590Z Error: Get "wrong://github.com/boson-project/repo-does-not-exist": unsupported protocol scheme "wrong"
2025-10-09T08:18:15.2557833Z Usage:
2025-10-09T08:18:15.2557942Z   templates [flags]
2025-10-09T08:18:15.2557948Z 
2025-10-09T08:18:15.2558032Z Flags:
2025-10-09T08:18:15.2558204Z   -h, --help                help for templates
2025-10-09T08:18:15.2558520Z       --json                Set output to JSON format. (Env: $FUNC_JSON)
2025-10-09T08:18:15.2559160Z   -r, --repository string   URI to a specific repository to consider ($FUNC_REPOSITORY)
2025-10-09T08:18:15.2559519Z   -v, --verbose             Print verbose logs ($FUNC_VERBOSE)
2025-10-09T08:18:15.2559529Z 
2025-10-09T08:18:15.2559651Z FAIL	knative.dev/func/cmd	17.514s
2025-10-09T08:18:15.2559866Z 	knative.dev/func/cmd/func		coverage: 0.0% of statements
2025-10-09T08:18:15.2560128Z ok  	knative.dev/func/cmd/func-util	1.186s	coverage: 91.4% of statements
2025-10-09T08:18:15.2560364Z 	knative.dev/func/cmd/prompt		coverage: 0.0% of statements
2025-10-09T08:18:15.2560657Z ok  	knative.dev/func/cmd/templates	1.392s	coverage: 81.5% of statements
2025-10-09T08:18:15.2560939Z 	knative.dev/func/docs/generator		coverage: 0.0% of statements
2025-10-09T08:18:15.2561095Z ?   	knative.dev/func/generate	[no test files]
2025-10-09T08:18:15.2561352Z 	knative.dev/func/generate/templates		coverage: 0.0% of statements
2025-10-09T08:18:15.2561640Z ok  	knative.dev/func/hack/cmd/components	1.137s	coverage: 20.6% of statements
2025-10-09T08:18:15.2561924Z 	knative.dev/func/hack/cmd/update-builder		coverage: 0.0% of statements
2025-10-09T08:18:15.2562127Z 	knative.dev/func/pkg/app		coverage: 0.0% of statements
2025-10-09T08:18:15.2562375Z ok  	knative.dev/func/pkg/builders	1.367s	coverage: 84.6% of statements
2025-10-09T08:18:16.1102965Z ok  	knative.dev/func/pkg/builders/buildpacks	1.452s	coverage: 37.1% of statements
2025-10-09T08:18:16.1103916Z ok  	knative.dev/func/pkg/builders/s2i	1.411s	coverage: 70.2% of statements
2025-10-09T08:18:23.0019078Z ok  	knative.dev/func/pkg/config	1.353s	coverage: 87.4% of statements
2025-10-09T08:18:40.1011398Z ok  	knative.dev/func/pkg/creds	18.476s	coverage: 82.5% of statements
2025-10-09T08:18:40.1013530Z ok  	knative.dev/func/pkg/docker	3.677s	coverage: 21.6% of statements
2025-10-09T08:19:19.1808806Z --- FAIL: TestCopy (0.69s)
2025-10-09T08:19:19.1813546Z     --- FAIL: TestCopy/zip (0.01s)
2025-10-09T08:19:19.1816755Z         filesystem_test.go:378: filesystem content missmatch (-want, +got):   []filesystem_test.FileInfo{
2025-10-09T08:19:19.1829232Z               	{Path: ".", Typ: s"d---------"},
2025-10-09T08:19:19.1877465Z               	{Path: "a", Typ: s"d---------"},
2025-10-09T08:19:19.1886911Z               	{Path: "a/hello.lnk", Typ: s"L---------", Executable: true, Content: "hello.txt"},
2025-10-09T08:19:19.1903578Z               	{
2025-10-09T08:19:19.1905464Z               		Path:       "a/hello.txt",
2025-10-09T08:19:19.1906120Z               		Typ:        s"----------",
2025-10-09T08:19:19.1911847Z               		Executable: true,
2025-10-09T08:19:19.1914094Z               		Content: []uint8{
2025-10-09T08:19:19.1915208Z               			... // 10 identical elements
2025-10-09T08:19:19.1916046Z               			0x64,
2025-10-09T08:19:19.1917054Z               			0x21,
2025-10-09T08:19:19.2043100Z             - 			0x0d,
2025-10-09T08:19:19.2045252Z               			0x0a,
2025-10-09T08:19:19.2046394Z               		},
2025-10-09T08:19:19.2054623Z               	},
2025-10-09T08:19:19.2084109Z               }
2025-10-09T08:19:19.2085135Z             
2025-10-09T08:19:19.2087557Z         filesystem_test.go:380: [{. d--------- false []} {a d--------- false []} {a/hello.lnk L--------- true [104 101 108 108 111 46 116 120 116]} {a/hello.txt ---------- true [72 101 108 108 111 32 87 111 114 108 100 33 10]}]
2025-10-09T08:19:19.2089050Z     --- FAIL: TestCopy/git (0.01s)
2025-10-09T08:19:19.2100578Z         filesystem_test.go:378: filesystem content missmatch (-want, +got):   []filesystem_test.FileInfo{
2025-10-09T08:19:19.2102553Z               	{Path: ".", Typ: s"d---------"},
2025-10-09T08:19:19.2103622Z               	{Path: "a", Typ: s"d---------"},
2025-10-09T08:19:19.2105302Z               	{Path: "a/hello.lnk", Typ: s"L---------", Executable: true, Content: "hello.txt"},
2025-10-09T08:19:19.2105963Z               	{
2025-10-09T08:19:19.2106724Z               		Path:       "a/hello.txt",
2025-10-09T08:19:19.2108770Z               		Typ:        s"----------",
2025-10-09T08:19:19.2121788Z               		Executable: true,
2025-10-09T08:19:19.2126397Z               		Content: []uint8{
2025-10-09T08:19:19.2132909Z               			... // 10 identical elements
2025-10-09T08:19:19.2152495Z               			0x64,
2025-10-09T08:19:19.2154405Z               			0x21,
2025-10-09T08:19:19.2155179Z             - 			0x0d,
2025-10-09T08:19:19.2164715Z               			0x0a,
2025-10-09T08:19:19.2224431Z               		},
2025-10-09T08:19:19.2224888Z               	},
2025-10-09T08:19:19.2231247Z               }
2025-10-09T08:19:19.2233289Z             
2025-10-09T08:19:19.2235938Z         filesystem_test.go:380: [{. d--------- false []} {a d--------- false []} {a/hello.lnk L--------- true [104 101 108 108 111 46 116 120 116]} {a/hello.txt ---------- true [72 101 108 108 111 32 87 111 114 108 100 33 10]}]
2025-10-09T08:19:19.2237741Z     --- FAIL: TestCopy/sub (0.01s)
2025-10-09T08:19:19.2238966Z         filesystem_test.go:378: filesystem content missmatch (-want, +got):   []filesystem_test.FileInfo{
2025-10-09T08:19:19.2239936Z               	{Path: ".", Typ: s"d---------"},
2025-10-09T08:19:19.2241909Z               	{Path: "a", Typ: s"d---------"},
2025-10-09T08:19:19.2242996Z               	{Path: "a/hello.lnk", Typ: s"L---------", Executable: true, Content: "hello.txt"},
2025-10-09T08:19:19.2244556Z               	{
2025-10-09T08:19:19.2245060Z               		Path:       "a/hello.txt",
2025-10-09T08:19:19.2245949Z               		Typ:        s"----------",
2025-10-09T08:19:19.2246652Z               		Executable: true,
2025-10-09T08:19:19.2247181Z               		Content: []uint8{
2025-10-09T08:19:19.2247781Z               			... // 10 identical elements
2025-10-09T08:19:19.2248261Z               			0x64,
2025-10-09T08:19:19.2248646Z               			0x21,
2025-10-09T08:19:19.2250717Z             - 			0x0d,
2025-10-09T08:19:19.2251123Z               			0x0a,
2025-10-09T08:19:19.2269092Z               		},
2025-10-09T08:19:19.2269836Z               	},
2025-10-09T08:19:19.2270813Z               }
2025-10-09T08:19:19.2271316Z             
2025-10-09T08:19:19.2304388Z         filesystem_test.go:380: [{. d--------- false []} {a d--------- false []} {a/hello.lnk L--------- true [104 101 108 108 111 46 116 120 116]} {a/hello.txt ---------- true [72 101 108 108 111 32 87 111 114 108 100 33 10]}]
2025-10-09T08:19:19.2310193Z     --- FAIL: TestCopy/masking (0.01s)
2025-10-09T08:19:19.2332617Z         filesystem_test.go:378: filesystem content missmatch (-want, +got):   []filesystem_test.FileInfo{
2025-10-09T08:19:19.2369622Z               	{Path: ".", Typ: s"d---------"},
2025-10-09T08:19:19.2371822Z               	{Path: "a", Typ: s"d---------"},
2025-10-09T08:19:19.2373695Z               	{Path: "a/hello.lnk", Typ: s"L---------", Executable: true, Content: "hello.txt"},
2025-10-09T08:19:19.2375138Z               	{
2025-10-09T08:19:19.2376026Z               		Path:       "a/hello.txt",
2025-10-09T08:19:19.2377040Z               		Typ:        s"----------",
2025-10-09T08:19:19.2420296Z               		Executable: true,
2025-10-09T08:19:19.2439675Z               		Content: []uint8{
2025-10-09T08:19:19.2482922Z               			... // 10 identical elements
2025-10-09T08:19:19.2485420Z               			0x64,
2025-10-09T08:19:19.2486381Z               			0x21,
2025-10-09T08:19:19.2487211Z             - 			0x0d,
2025-10-09T08:19:19.2487851Z               			0x0a,
2025-10-09T08:19:19.2488975Z               		},
2025-10-09T08:19:19.2491042Z               	},
2025-10-09T08:19:19.2491925Z               }
2025-10-09T08:19:19.2492451Z             
2025-10-09T08:19:19.2505791Z         filesystem_test.go:380: [{. d--------- false []} {a d--------- false []} {a/hello.lnk L--------- true [104 101 108 108 111 46 116 120 116]} {a/hello.txt ---------- true [72 101 108 108 111 32 87 111 114 108 100 33 10]}]
2025-10-09T08:19:19.2520547Z FAIL
2025-10-09T08:19:19.2527815Z coverage: 78.9% of statements
2025-10-09T08:19:19.2544167Z FAIL	knative.dev/func/pkg/filesystem	55.907s
2025-10-09T08:19:35.7912076Z ok  	knative.dev/func/pkg/functions	64.323s	coverage: 75.0% of statements
2025-10-09T08:19:35.7912955Z ok  	knative.dev/func/pkg/git	1.496s	coverage: 52.5% of statements
2025-10-09T08:19:35.7913695Z 	knative.dev/func/pkg/git/github		coverage: 0.0% of statements
2025-10-09T08:19:35.7914391Z 	knative.dev/func/pkg/git/gitlab		coverage: 0.0% of statements
2025-10-09T08:19:35.7915378Z ok  	knative.dev/func/pkg/http	1.436s	coverage: 67.5% of statements
2025-10-09T08:19:35.7916093Z ok  	knative.dev/func/pkg/k8s	1.428s	coverage: 10.9% of statements
2025-10-09T08:19:35.7916701Z ?   	knative.dev/func/pkg/k8s/labels	[no test files]
2025-10-09T08:19:35.7917323Z ok  	knative.dev/func/pkg/knative	1.399s	coverage: 2.6% of statements
2025-10-09T08:19:35.7917968Z 	knative.dev/func/pkg/mcp		coverage: 0.0% of statements
2025-10-09T08:19:35.7918558Z 	knative.dev/func/pkg/mock		coverage: 0.0% of statements
2025-10-09T08:21:00.8875691Z ok  	knative.dev/func/pkg/oci	123.016s	coverage: 59.7% of statements
2025-10-09T08:21:00.8876793Z 	knative.dev/func/pkg/oci/mock		coverage: 0.0% of statements
2025-10-09T08:21:00.8877424Z ?   	knative.dev/func/pkg/pipelines	[no test files]
2025-10-09T08:21:00.8878618Z  ✅ Pipeline template is created in ".tekton/pipeline-pac.yaml"
2025-10-09T08:21:00.8879541Z  ✅ Pipeline template is created in ".tekton/pipeline-run-pac.yaml"
2025-10-09T08:21:00.8880363Z  ✅ Pipeline template is created in ".tekton/pipeline-pac.yaml"
2025-10-09T08:21:00.8881178Z  ✅ Pipeline template is created in ".tekton/pipeline-run-pac.yaml"
2025-10-09T08:21:00.8881967Z  ✅ Pipeline template is created in ".tekton/pipeline-pac.yaml"
2025-10-09T08:21:00.8883185Z  ✅ Pipeline template is created in ".tekton/pipeline-run-pac.yaml"
2025-10-09T08:21:00.8883735Z --- FAIL: TestSourcesAsTarStream (0.05s)
2025-10-09T08:21:00.8884237Z     pipelines_provider_test.go:68: the hello.txt file has incorrect content
2025-10-09T08:21:00.8884776Z  ✅ Pipeline template is created in ".tekton/pipeline-pac.yaml"
2025-10-09T08:21:00.8885228Z  ✅ Pipeline template is created in ".tekton/pipeline-pac.yaml"
2025-10-09T08:21:00.8885699Z  ✅ Pipeline template is created in ".tekton/pipeline-run-pac.yaml"
2025-10-09T08:21:00.8886163Z  ✅ Pipeline template is created in ".tekton/pipeline-run-pac.yaml"
2025-10-09T08:21:00.8886455Z FAIL
2025-10-09T08:21:00.8886615Z coverage: 33.4% of statements
2025-10-09T08:21:00.8886885Z FAIL	knative.dev/func/pkg/pipelines/tekton	1.590s
2025-10-09T08:21:00.8887300Z 	knative.dev/func/pkg/pipelines/tekton/pac		coverage: 0.0% of statements
2025-10-09T08:21:00.8887716Z 	knative.dev/func/pkg/random		coverage: 0.0% of statements
2025-10-09T08:21:00.8888125Z ok  	knative.dev/func/pkg/scaffolding	1.171s	coverage: 88.5% of statements
2025-10-09T08:21:00.8888529Z ok  	knative.dev/func/pkg/ssh	4.435s	coverage: 71.8% of statements
2025-10-09T08:21:00.8888919Z ok  	knative.dev/func/pkg/tar	1.123s	coverage: 77.8% of statements
2025-10-09T08:21:00.8889305Z 	knative.dev/func/pkg/testing		coverage: 0.0% of statements
2025-10-09T08:21:00.8889681Z ok  	knative.dev/func/pkg/utils	1.089s	coverage: 61.1% of statements
2025-10-09T08:21:00.8890025Z ?   	knative.dev/func/pkg/version	[no test files]
2025-10-09T08:21:00.8890337Z 	knative.dev/func/plugin		coverage: 0.0% of statements
2025-10-09T08:21:00.8890842Z 	knative.dev/func/schema/generator		coverage: 0.0% of statements
2025-10-09T08:21:00.8891244Z FAIL
2025-10-09T08:21:04.2603854Z make: *** [Makefile:75: test] Error 1
2025-10-09T08:21:05.1700511Z ##[error]Process completed with exit code 1.
2025-10-09T08:21:05.1924449Z Post job cleanup.
2025-10-09T08:21:05.2101022Z Post job cleanup.
2025-10-09T08:21:05.4538456Z [command]"C:\Program Files\Git\bin\git.exe" version
2025-10-09T08:21:05.4816158Z git version 2.51.0.windows.2
2025-10-09T08:21:05.4889612Z Temporarily overriding HOME='D:\a\_temp\2180b132-99aa-4357-9055-b39f2ca8367a' before making global git config changes
2025-10-09T08:21:05.4890291Z Adding repository directory to the temporary git global config as a safe directory
2025-10-09T08:21:05.4901220Z [command]"C:\Program Files\Git\bin\git.exe" config --global --add safe.directory D:\a\func\func
2025-10-09T08:21:05.5201816Z [command]"C:\Program Files\Git\bin\git.exe" config --local --name-only --get-regexp core\.sshCommand
2025-10-09T08:21:05.5514533Z [command]"C:\Program Files\Git\bin\git.exe" submodule foreach --recursive "sh -c \"git config --local --name-only --get-regexp 'core\.sshCommand' && git config --local --unset-all 'core.sshCommand' || :\""
2025-10-09T08:21:06.1128153Z [command]"C:\Program Files\Git\bin\git.exe" config --local --name-only --get-regexp http\.https\:\/\/github\.com\/\.extraheader
2025-10-09T08:21:06.1420324Z http.https://github.com/.extraheader
2025-10-09T08:21:06.1470662Z [command]"C:\Program Files\Git\bin\git.exe" config --local --unset-all http.https://github.com/.extraheader
2025-10-09T08:21:06.1828331Z [command]"C:\Program Files\Git\bin\git.exe" submodule foreach --recursive "sh -c \"git config --local --name-only --get-regexp 'http\.https\:\/\/github\.com\/\.extraheader' && git config --local --unset-all 'http.https://github.com/.extraheader' || :\""
2025-10-09T08:21:06.7497053Z Cleaning up orphan processes

